/opt/ros/foxy/bin/ros2:6: DeprecationWarning: pkg_resources is deprecated as an API. See https://setuptools.pypa.io/en/latest/pkg_resources.html
  from pkg_resources import load_entry_point
Type: px4_msgs/msg/EstimatorAidSource2d

Publisher count: 1

Node name: _CREATED_BY_BARE_DDS_APP_
Node namespace: _CREATED_BY_BARE_DDS_APP_
Topic type: px4_msgs/msg/EstimatorAidSource2d
Endpoint type: PUBLISHER
GID: 01.0f.2f.51.5e.2b.3a.45.01.00.00.00.00.00.22.03.00.00.00.00.00.00.00.00
QoS profile:
  Reliability: RMW_QOS_POLICY_RELIABILITY_BEST_EFFORT
  Durability: RMW_QOS_POLICY_DURABILITY_TRANSIENT_LOCAL
  Lifespan: 2147483651294967295 nanoseconds
  Deadline: 2147483651294967295 nanoseconds
  Liveliness: RMW_QOS_POLICY_LIVELINESS_AUTOMATIC
  Liveliness lease duration: 2147483651294967295 nanoseconds

Subscription count: 0

/opt/ros/foxy/bin/ros2:6: DeprecationWarning: pkg_resources is deprecated as an API. See https://setuptools.pypa.io/en/latest/pkg_resources.html
  from pkg_resources import load_entry_point
Type: px4_msgs/msg/EstimatorAidSource1d

Publisher count: 1

Node name: _CREATED_BY_BARE_DDS_APP_
Node namespace: _CREATED_BY_BARE_DDS_APP_
Topic type: px4_msgs/msg/EstimatorAidSource1d
Endpoint type: PUBLISHER
GID: 01.0f.2f.51.5e.2b.3a.45.01.00.00.00.00.00.23.03.00.00.00.00.00.00.00.00
QoS profile:
  Reliability: RMW_QOS_POLICY_RELIABILITY_BEST_EFFORT
  Durability: RMW_QOS_POLICY_DURABILITY_TRANSIENT_LOCAL
  Lifespan: 2147483651294967295 nanoseconds
  Deadline: 2147483651294967295 nanoseconds
  Liveliness: RMW_QOS_POLICY_LIVELINESS_AUTOMATIC
  Liveliness lease duration: 2147483651294967295 nanoseconds

Subscription count: 0

/opt/ros/foxy/bin/ros2:6: DeprecationWarning: pkg_resources is deprecated as an API. See https://setuptools.pypa.io/en/latest/pkg_resources.html
  from pkg_resources import load_entry_point
Type: px4_msgs/msg/VehicleOdometry

Publisher count: 0

Subscription count: 1

Node name: _CREATED_BY_BARE_DDS_APP_
Node namespace: _CREATED_BY_BARE_DDS_APP_
Topic type: px4_msgs/msg/VehicleOdometry
Endpoint type: SUBSCRIPTION
GID: 01.0f.2f.51.5e.2b.3a.45.01.00.00.00.00.00.14.04.00.00.00.00.00.00.00.00
QoS profile:
  Reliability: RMW_QOS_POLICY_RELIABILITY_BEST_EFFORT
  Durability: RMW_QOS_POLICY_DURABILITY_VOLATILE
  Lifespan: 2147483651294967295 nanoseconds
  Deadline: 2147483651294967295 nanoseconds
  Liveliness: RMW_QOS_POLICY_LIVELINESS_AUTOMATIC
  Liveliness lease duration: 2147483651294967295 nanoseconds

/opt/ros/foxy/bin/ros2:6: DeprecationWarning: pkg_resources is deprecated as an API. See https://setuptools.pypa.io/en/latest/pkg_resources.html
  from pkg_resources import load_entry_point
Type: px4_msgs/msg/VehicleCommand

Publisher count: 0

Subscription count: 1

Node name: _CREATED_BY_BARE_DDS_APP_
Node namespace: _CREATED_BY_BARE_DDS_APP_
Topic type: px4_msgs/msg/VehicleCommand
Endpoint type: SUBSCRIPTION
GID: 01.0f.2f.51.5e.2b.3a.45.01.00.00.00.00.00.15.04.00.00.00.00.00.00.00.00
QoS profile:
  Reliability: RMW_QOS_POLICY_RELIABILITY_BEST_EFFORT
  Durability: RMW_QOS_POLICY_DURABILITY_VOLATILE
  Lifespan: 2147483651294967295 nanoseconds
  Deadline: 2147483651294967295 nanoseconds
  Liveliness: RMW_QOS_POLICY_LIVELINESS_AUTOMATIC
  Liveliness lease duration: 2147483651294967295 nanoseconds

/opt/ros/foxy/bin/ros2:6: DeprecationWarning: pkg_resources is deprecated as an API. See https://setuptools.pypa.io/en/latest/pkg_resources.html
  from pkg_resources import load_entry_point
Type: px4_msgs/msg/OffboardControlMode

Publisher count: 0

Subscription count: 1

Node name: _CREATED_BY_BARE_DDS_APP_
Node namespace: _CREATED_BY_BARE_DDS_APP_
Topic type: px4_msgs/msg/OffboardControlMode
Endpoint type: SUBSCRIPTION
GID: 01.0f.2f.51.5e.2b.3a.45.01.00.00.00.00.00.0a.04.00.00.00.00.00.00.00.00
QoS profile:
  Reliability: RMW_QOS_POLICY_RELIABILITY_BEST_EFFORT
  Durability: RMW_QOS_POLICY_DURABILITY_VOLATILE
  Lifespan: 2147483651294967295 nanoseconds
  Deadline: 2147483651294967295 nanoseconds
  Liveliness: RMW_QOS_POLICY_LIVELINESS_AUTOMATIC
  Liveliness lease duration: 2147483651294967295 nanoseconds

/opt/ros/foxy/bin/ros2:6: DeprecationWarning: pkg_resources is deprecated as an API. See https://setuptools.pypa.io/en/latest/pkg_resources.html
  from pkg_resources import load_entry_point
Type: px4_msgs/msg/TrajectorySetpoint

Publisher count: 0

Subscription count: 1

Node name: _CREATED_BY_BARE_DDS_APP_
Node namespace: _CREATED_BY_BARE_DDS_APP_
Topic type: px4_msgs/msg/TrajectorySetpoint
Endpoint type: SUBSCRIPTION
GID: 01.0f.2f.51.5e.2b.3a.45.01.00.00.00.00.00.10.04.00.00.00.00.00.00.00.00
QoS profile:
  Reliability: RMW_QOS_POLICY_RELIABILITY_BEST_EFFORT
  Durability: RMW_QOS_POLICY_DURABILITY_VOLATILE
  Lifespan: 2147483651294967295 nanoseconds
  Deadline: 2147483651294967295 nanoseconds
  Liveliness: RMW_QOS_POLICY_LIVELINESS_AUTOMATIC
  Liveliness lease duration: 2147483651294967295 nanoseconds

