==========================================================================================================
WARNING: You should uninstall ModemManager as it conflicts with any non-modem serial device (like Pixhawk)
==========================================================================================================
Waiting for bootloader...

Found board id: 9,0 bootloader protocol revision 5 on /dev/ttyACM0
Loaded firmware for board id: 9,0 size: 2053049 bytes (98.67%) 

Bootloader version: unknown
Sn: [REDACTED]
Chip: 20036419
Family: STM32F42x
Revision: ?
Flash: 2080768 bytes
Windowed mode: False


Erase  : [                    ] 0.0%
Erase  : [====================] 100.0%

Program: [                    ] 0.0%
Program: [                    ] 3.1%
Program: [=                   ] 6.3%
Program: [=                   ] 9.4%
Program: [==                  ] 12.6%
Program: [===                 ] 15.7%
Program: [===                 ] 18.9%
Program: [====                ] 22.0%
Program: [=====               ] 25.1%
Program: [=====               ] 28.3%
Program: [======              ] 31.4%
Program: [======              ] 34.6%
Program: [=======             ] 37.7%
Program: [========            ] 40.8%
Program: [========            ] 44.0%
Program: [=========           ] 47.1%
Program: [==========          ] 50.3%
Program: [==========          ] 53.4%
Program: [===========         ] 56.6%
Program: [===========         ] 59.7%
Program: [============        ] 62.8%
Program: [=============       ] 66.0%
Program: [=============       ] 69.1%
Program: [==============      ] 72.3%
Program: [===============     ] 75.4%
Program: [===============     ] 78.5%
Program: [================    ] 81.7%
Program: [================    ] 84.8%
Program: [=================   ] 88.0%
Program: [==================  ] 91.1%
Program: [==================  ] 94.3%
Program: [=================== ] 97.4%
Program: [====================] 100.0%

Verify : [                    ] 1.0%
Verify : [====================] 100.0%
Rebooting. Elapsed Time 14.030

