Jul 30 01:33:30 orinnano kernel: usb 1-2.3: USB disconnect, device number 23
Jul 30 01:33:30 orinnano kernel: usb 1-2.3: new full-speed USB device number 24 using tegra-xusb
Jul 30 01:33:30 orinnano kernel: usb 1-2.3: New USB device found, idVendor=26ac, idProduct=0011, bcdDevice= 1.01
Jul 30 01:33:30 orinnano kernel: usb 1-2.3: New USB device strings: Mfr=1, Product=2, SerialNumber=3
Jul 30 01:33:30 orinnano kernel: usb 1-2.3: Product: PX4 FMU v2.x
Jul 30 01:33:30 orinnano kernel: usb 1-2.3: Manufacturer: 3D Robotics
Jul 30 01:33:30 orinnano kernel: usb 1-2.3: SerialNumber: 0
Jul 30 01:33:30 orinnano kernel: cdc_acm 1-2.3:1.0: ttyACM0: USB ACM device
Jul 30 01:33:31 orinnano kernel: usb 1-2.3: USB disconnect, device number 24
Jul 30 01:33:32 orinnano kernel: usb 1-2.3: new full-speed USB device number 25 using tegra-xusb
Jul 30 01:33:32 orinnano kernel: usb 1-2.3: New USB device found, idVendor=26ac, idProduct=0011, bcdDevice= 1.01
Jul 30 01:33:32 orinnano kernel: usb 1-2.3: New USB device strings: Mfr=1, Product=2, SerialNumber=3
Jul 30 01:33:32 orinnano kernel: usb 1-2.3: Product: PX4 FMU v2.x
Jul 30 01:33:32 orinnano kernel: usb 1-2.3: Manufacturer: 3D Robotics
Jul 30 01:33:32 orinnano kernel: usb 1-2.3: SerialNumber: 0
Jul 30 01:33:32 orinnano kernel: cdc_acm 1-2.3:1.0: ttyACM0: USB ACM device
Jul 30 01:33:33 orinnano kernel: usb 1-2.3: USB disconnect, device number 25
Jul 30 01:33:34 orinnano kernel: usb 1-2.3: new full-speed USB device number 26 using tegra-xusb
Jul 30 01:33:34 orinnano kernel: usb 1-2.3: New USB device found, idVendor=26ac, idProduct=0011, bcdDevice= 1.01
Jul 30 01:33:34 orinnano kernel: usb 1-2.3: New USB device strings: Mfr=1, Product=2, SerialNumber=3
Jul 30 01:33:34 orinnano kernel: usb 1-2.3: Product: PX4 FMU v2.x
Jul 30 01:33:34 orinnano kernel: usb 1-2.3: Manufacturer: 3D Robotics
Jul 30 01:33:34 orinnano kernel: usb 1-2.3: SerialNumber: 0
Jul 30 01:33:34 orinnano kernel: cdc_acm 1-2.3:1.0: ttyACM0: USB ACM device
Jul 30 01:33:35 orinnano kernel: usb 1-2.3: USB disconnect, device number 26
Jul 30 01:33:35 orinnano kernel: usb 1-2.3: new full-speed USB device number 27 using tegra-xusb
Jul 30 01:33:36 orinnano kernel: usb 1-2.3: New USB device found, idVendor=26ac, idProduct=0011, bcdDevice= 1.01
Jul 30 01:33:36 orinnano kernel: usb 1-2.3: New USB device strings: Mfr=1, Product=2, SerialNumber=3
Jul 30 01:33:36 orinnano kernel: usb 1-2.3: Product: PX4 FMU v2.x
Jul 30 01:33:36 orinnano kernel: usb 1-2.3: Manufacturer: 3D Robotics
Jul 30 01:33:36 orinnano kernel: usb 1-2.3: SerialNumber: 0
Jul 30 01:33:36 orinnano kernel: cdc_acm 1-2.3:1.0: ttyACM0: USB ACM device
Jul 30 01:33:37 orinnano kernel: usb 1-2.3: USB disconnect, device number 27
Jul 30 01:33:37 orinnano kernel: usb 1-2.3: new full-speed USB device number 28 using tegra-xusb
Jul 30 01:33:37 orinnano kernel: usb 1-2.3: New USB device found, idVendor=26ac, idProduct=0011, bcdDevice= 1.01
Jul 30 01:33:37 orinnano kernel: usb 1-2.3: New USB device strings: Mfr=1, Product=2, SerialNumber=3
Jul 30 01:33:37 orinnano kernel: usb 1-2.3: Product: PX4 FMU v2.x
Jul 30 01:33:37 orinnano kernel: usb 1-2.3: Manufacturer: 3D Robotics
Jul 30 01:33:37 orinnano kernel: usb 1-2.3: SerialNumber: 0
Jul 30 01:33:37 orinnano kernel: cdc_acm 1-2.3:1.0: ttyACM0: USB ACM device
Jul 30 01:33:38 orinnano kernel: usb 1-2.3: USB disconnect, device number 28
Jul 30 01:33:39 orinnano kernel: usb 1-2.3: new full-speed USB device number 29 using tegra-xusb
Jul 30 01:33:39 orinnano kernel: usb 1-2.3: New USB device found, idVendor=26ac, idProduct=0011, bcdDevice= 1.01
Jul 30 01:33:39 orinnano kernel: usb 1-2.3: New USB device strings: Mfr=1, Product=2, SerialNumber=3
Jul 30 01:33:39 orinnano kernel: usb 1-2.3: Product: PX4 FMU v2.x
Jul 30 01:33:39 orinnano kernel: usb 1-2.3: Manufacturer: 3D Robotics
Jul 30 01:33:39 orinnano kernel: usb 1-2.3: SerialNumber: 0
Jul 30 01:33:39 orinnano kernel: cdc_acm 1-2.3:1.0: ttyACM0: USB ACM device
Jul 30 01:33:40 orinnano kernel: usb 1-2.3: USB disconnect, device number 29
Jul 30 01:33:41 orinnano kernel: usb 1-2.3: new full-speed USB device number 30 using tegra-xusb
Jul 30 01:33:41 orinnano kernel: usb 1-2.3: New USB device found, idVendor=26ac, idProduct=0011, bcdDevice= 1.01
Jul 30 01:33:41 orinnano kernel: usb 1-2.3: New USB device strings: Mfr=1, Product=2, SerialNumber=3
Jul 30 01:33:41 orinnano kernel: usb 1-2.3: Product: PX4 FMU v2.x
Jul 30 01:33:41 orinnano kernel: usb 1-2.3: Manufacturer: 3D Robotics
Jul 30 01:33:41 orinnano kernel: usb 1-2.3: SerialNumber: 0
Jul 30 01:33:41 orinnano kernel: cdc_acm 1-2.3:1.0: ttyACM0: USB ACM device
Jul 30 01:33:42 orinnano kernel: usb 1-2.3: USB disconnect, device number 30
Jul 30 01:33:42 orinnano kernel: usb 1-2.3: new full-speed USB device number 31 using tegra-xusb
Jul 30 01:33:43 orinnano kernel: usb 1-2.3: New USB device found, idVendor=26ac, idProduct=0011, bcdDevice= 1.01
Jul 30 01:33:43 orinnano kernel: usb 1-2.3: New USB device strings: Mfr=1, Product=2, SerialNumber=3
Jul 30 01:33:43 orinnano kernel: usb 1-2.3: Product: PX4 FMU v2.x
Jul 30 01:33:43 orinnano kernel: usb 1-2.3: Manufacturer: 3D Robotics
Jul 30 01:33:43 orinnano kernel: usb 1-2.3: SerialNumber: 0
Jul 30 01:33:43 orinnano kernel: cdc_acm 1-2.3:1.0: ttyACM0: USB ACM device
Jul 30 01:33:43 orinnano kernel: usb 1-2.3: USB disconnect, device number 31
Jul 30 01:33:44 orinnano kernel: usb 1-2.3: new full-speed USB device number 32 using tegra-xusb
Jul 30 01:33:44 orinnano kernel: usb 1-2.3: New USB device found, idVendor=26ac, idProduct=0011, bcdDevice= 1.01
Jul 30 01:33:44 orinnano kernel: usb 1-2.3: New USB device strings: Mfr=1, Product=2, SerialNumber=3
Jul 30 01:33:44 orinnano kernel: usb 1-2.3: Product: PX4 FMU v2.x
Jul 30 01:33:44 orinnano kernel: usb 1-2.3: Manufacturer: 3D Robotics
Jul 30 01:33:44 orinnano kernel: usb 1-2.3: SerialNumber: 0
Jul 30 01:33:44 orinnano kernel: cdc_acm 1-2.3:1.0: ttyACM0: USB ACM device
Jul 30 01:33:45 orinnano kernel: usb 1-2.3: USB disconnect, device number 32
Jul 30 01:33:46 orinnano kernel: usb 1-2.3: new full-speed USB device number 33 using tegra-xusb
Jul 30 01:33:46 orinnano kernel: usb 1-2.3: New USB device found, idVendor=26ac, idProduct=0011, bcdDevice= 1.01
Jul 30 01:33:46 orinnano kernel: usb 1-2.3: New USB device strings: Mfr=1, Product=2, SerialNumber=3
Jul 30 01:33:46 orinnano kernel: usb 1-2.3: Product: PX4 FMU v2.x
Jul 30 01:33:46 orinnano kernel: usb 1-2.3: Manufacturer: 3D Robotics
Jul 30 01:33:46 orinnano kernel: usb 1-2.3: SerialNumber: 0
Jul 30 01:33:46 orinnano kernel: cdc_acm 1-2.3:1.0: ttyACM0: USB ACM device
Jul 30 01:33:47 orinnano kernel: usb 1-2.3: USB disconnect, device number 33
Jul 30 01:33:48 orinnano kernel: usb 1-2.3: new full-speed USB device number 34 using tegra-xusb
Jul 30 01:33:48 orinnano kernel: usb 1-2.3: New USB device found, idVendor=26ac, idProduct=0011, bcdDevice= 1.01
Jul 30 01:33:48 orinnano kernel: usb 1-2.3: New USB device strings: Mfr=1, Product=2, SerialNumber=3
Jul 30 01:33:48 orinnano kernel: usb 1-2.3: Product: PX4 FMU v2.x
Jul 30 01:33:48 orinnano kernel: usb 1-2.3: Manufacturer: 3D Robotics
Jul 30 01:33:48 orinnano kernel: usb 1-2.3: SerialNumber: 0
Jul 30 01:33:48 orinnano kernel: cdc_acm 1-2.3:1.0: ttyACM0: USB ACM device
Jul 30 01:33:49 orinnano kernel: usb 1-2.3: USB disconnect, device number 34
Jul 30 01:33:49 orinnano kernel: usb 1-2.3: new full-speed USB device number 35 using tegra-xusb
Jul 30 01:33:49 orinnano kernel: usb 1-2.3: New USB device found, idVendor=26ac, idProduct=0011, bcdDevice= 1.01
Jul 30 01:33:49 orinnano kernel: usb 1-2.3: New USB device strings: Mfr=1, Product=2, SerialNumber=3
Jul 30 01:33:49 orinnano kernel: usb 1-2.3: Product: PX4 FMU v2.x
Jul 30 01:33:49 orinnano kernel: usb 1-2.3: Manufacturer: 3D Robotics
Jul 30 01:33:49 orinnano kernel: usb 1-2.3: SerialNumber: 0
Jul 30 01:33:49 orinnano kernel: cdc_acm 1-2.3:1.0: ttyACM0: USB ACM device
Jul 30 01:33:50 orinnano kernel: usb 1-2.3: USB disconnect, device number 35
Jul 30 01:33:51 orinnano kernel: usb 1-2.3: new full-speed USB device number 36 using tegra-xusb
Jul 30 01:33:51 orinnano kernel: usb 1-2.3: New USB device found, idVendor=26ac, idProduct=0011, bcdDevice= 1.01
Jul 30 01:33:51 orinnano kernel: usb 1-2.3: New USB device strings: Mfr=1, Product=2, SerialNumber=3
Jul 30 01:33:51 orinnano kernel: usb 1-2.3: Product: PX4 FMU v2.x
Jul 30 01:33:51 orinnano kernel: usb 1-2.3: Manufacturer: 3D Robotics
Jul 30 01:33:51 orinnano kernel: usb 1-2.3: SerialNumber: 0
Jul 30 01:33:51 orinnano kernel: cdc_acm 1-2.3:1.0: ttyACM0: USB ACM device
Jul 30 01:33:52 orinnano kernel: usb 1-2.3: USB disconnect, device number 36
Jul 30 01:33:53 orinnano kernel: usb 1-2.3: new full-speed USB device number 37 using tegra-xusb
Jul 30 01:33:53 orinnano kernel: usb 1-2.3: New USB device found, idVendor=26ac, idProduct=0011, bcdDevice= 1.01
Jul 30 01:33:53 orinnano kernel: usb 1-2.3: New USB device strings: Mfr=1, Product=2, SerialNumber=3
Jul 30 01:33:53 orinnano kernel: usb 1-2.3: Product: PX4 FMU v2.x
Jul 30 01:33:53 orinnano kernel: usb 1-2.3: Manufacturer: 3D Robotics
Jul 30 01:33:53 orinnano kernel: usb 1-2.3: SerialNumber: 0
Jul 30 01:33:53 orinnano kernel: cdc_acm 1-2.3:1.0: ttyACM0: USB ACM device
Jul 30 01:33:54 orinnano kernel: usb 1-2.3: USB disconnect, device number 37
Jul 30 01:33:55 orinnano kernel: usb 1-2.3: new full-speed USB device number 38 using tegra-xusb
Jul 30 01:33:55 orinnano kernel: usb 1-2.3: New USB device found, idVendor=26ac, idProduct=0011, bcdDevice= 1.01
Jul 30 01:33:55 orinnano kernel: usb 1-2.3: New USB device strings: Mfr=1, Product=2, SerialNumber=3
Jul 30 01:33:55 orinnano kernel: usb 1-2.3: Product: PX4 FMU v2.x
Jul 30 01:33:55 orinnano kernel: usb 1-2.3: Manufacturer: 3D Robotics
Jul 30 01:33:55 orinnano kernel: usb 1-2.3: SerialNumber: 0
Jul 30 01:33:55 orinnano kernel: cdc_acm 1-2.3:1.0: ttyACM0: USB ACM device
Jul 30 01:33:55 orinnano kernel: usb 1-2.3: USB disconnect, device number 38
Jul 30 01:33:56 orinnano kernel: usb 1-2.3: new full-speed USB device number 39 using tegra-xusb
Jul 30 01:33:56 orinnano kernel: usb 1-2.3: New USB device found, idVendor=26ac, idProduct=0011, bcdDevice= 1.01
Jul 30 01:33:56 orinnano kernel: usb 1-2.3: New USB device strings: Mfr=1, Product=2, SerialNumber=3
Jul 30 01:33:56 orinnano kernel: usb 1-2.3: Product: PX4 FMU v2.x
Jul 30 01:33:56 orinnano kernel: usb 1-2.3: Manufacturer: 3D Robotics
Jul 30 01:33:56 orinnano kernel: usb 1-2.3: SerialNumber: 0
Jul 30 01:33:56 orinnano kernel: cdc_acm 1-2.3:1.0: ttyACM0: USB ACM device
Jul 30 01:33:57 orinnano kernel: usb 1-2.3: USB disconnect, device number 39
Jul 30 01:33:58 orinnano kernel: usb 1-2.3: new full-speed USB device number 40 using tegra-xusb
Jul 30 01:33:58 orinnano kernel: usb 1-2.3: New USB device found, idVendor=26ac, idProduct=0011, bcdDevice= 1.01
Jul 30 01:33:58 orinnano kernel: usb 1-2.3: New USB device strings: Mfr=1, Product=2, SerialNumber=3
Jul 30 01:33:58 orinnano kernel: usb 1-2.3: Product: PX4 FMU v2.x
Jul 30 01:33:58 orinnano kernel: usb 1-2.3: Manufacturer: 3D Robotics
Jul 30 01:33:58 orinnano kernel: usb 1-2.3: SerialNumber: 0
Jul 30 01:33:58 orinnano kernel: cdc_acm 1-2.3:1.0: ttyACM0: USB ACM device
Jul 30 01:33:59 orinnano kernel: usb 1-2.3: USB disconnect, device number 40
Jul 30 01:34:00 orinnano kernel: usb 1-2.3: new full-speed USB device number 41 using tegra-xusb
Jul 30 01:34:00 orinnano kernel: usb 1-2.3: New USB device found, idVendor=26ac, idProduct=0011, bcdDevice= 1.01
Jul 30 01:34:00 orinnano kernel: usb 1-2.3: New USB device strings: Mfr=1, Product=2, SerialNumber=3
Jul 30 01:34:00 orinnano kernel: usb 1-2.3: Product: PX4 FMU v2.x
Jul 30 01:34:00 orinnano kernel: usb 1-2.3: Manufacturer: 3D Robotics
Jul 30 01:34:00 orinnano kernel: usb 1-2.3: SerialNumber: 0
Jul 30 01:34:00 orinnano kernel: cdc_acm 1-2.3:1.0: ttyACM0: USB ACM device
Jul 30 01:34:01 orinnano kernel: usb 1-2.3: USB disconnect, device number 41
Jul 30 01:34:02 orinnano kernel: usb 1-2.3: new full-speed USB device number 42 using tegra-xusb
Jul 30 01:34:02 orinnano kernel: usb 1-2.3: New USB device found, idVendor=26ac, idProduct=0011, bcdDevice= 1.01
Jul 30 01:34:02 orinnano kernel: usb 1-2.3: New USB device strings: Mfr=1, Product=2, SerialNumber=3
Jul 30 01:34:02 orinnano kernel: usb 1-2.3: Product: PX4 FMU v2.x
Jul 30 01:34:02 orinnano kernel: usb 1-2.3: Manufacturer: 3D Robotics
Jul 30 01:34:02 orinnano kernel: usb 1-2.3: SerialNumber: 0
Jul 30 01:34:02 orinnano kernel: cdc_acm 1-2.3:1.0: ttyACM0: USB ACM device
Jul 30 01:34:02 orinnano kernel: usb 1-2.3: USB disconnect, device number 42
Jul 30 01:34:03 orinnano kernel: usb 1-2.3: new full-speed USB device number 43 using tegra-xusb
Jul 30 01:34:03 orinnano kernel: usb 1-2.3: New USB device found, idVendor=26ac, idProduct=0011, bcdDevice= 1.01
Jul 30 01:34:03 orinnano kernel: usb 1-2.3: New USB device strings: Mfr=1, Product=2, SerialNumber=3
Jul 30 01:34:03 orinnano kernel: usb 1-2.3: Product: PX4 FMU v2.x
Jul 30 01:34:03 orinnano kernel: usb 1-2.3: Manufacturer: 3D Robotics
Jul 30 01:34:03 orinnano kernel: usb 1-2.3: SerialNumber: 0
Jul 30 01:34:03 orinnano kernel: cdc_acm 1-2.3:1.0: ttyACM0: USB ACM device
Jul 30 01:34:04 orinnano kernel: usb 1-2.3: USB disconnect, device number 43
Jul 30 01:34:05 orinnano kernel: usb 1-2.3: new full-speed USB device number 44 using tegra-xusb
Jul 30 01:34:05 orinnano kernel: usb 1-2.3: New USB device found, idVendor=26ac, idProduct=0011, bcdDevice= 1.01
Jul 30 01:34:05 orinnano kernel: usb 1-2.3: New USB device strings: Mfr=1, Product=2, SerialNumber=3
Jul 30 01:34:05 orinnano kernel: usb 1-2.3: Product: PX4 FMU v2.x
Jul 30 01:34:05 orinnano kernel: usb 1-2.3: Manufacturer: 3D Robotics
Jul 30 01:34:05 orinnano kernel: usb 1-2.3: SerialNumber: 0
Jul 30 01:34:05 orinnano kernel: cdc_acm 1-2.3:1.0: ttyACM0: USB ACM device
Jul 30 01:34:06 orinnano kernel: usb 1-2.3: USB disconnect, device number 44
Jul 30 01:34:07 orinnano kernel: usb 1-2.3: new full-speed USB device number 45 using tegra-xusb
Jul 30 01:34:07 orinnano kernel: usb 1-2.3: New USB device found, idVendor=26ac, idProduct=0011, bcdDevice= 1.01
Jul 30 01:34:07 orinnano kernel: usb 1-2.3: New USB device strings: Mfr=1, Product=2, SerialNumber=3
Jul 30 01:34:07 orinnano kernel: usb 1-2.3: Product: PX4 FMU v2.x
Jul 30 01:34:07 orinnano kernel: usb 1-2.3: Manufacturer: 3D Robotics
Jul 30 01:34:07 orinnano kernel: usb 1-2.3: SerialNumber: 0
Jul 30 01:34:07 orinnano kernel: cdc_acm 1-2.3:1.0: ttyACM0: USB ACM device
Jul 30 01:34:08 orinnano kernel: usb 1-2.3: USB disconnect, device number 45
Jul 30 01:34:09 orinnano kernel: usb 1-2.3: new full-speed USB device number 46 using tegra-xusb
Jul 30 01:34:09 orinnano kernel: usb 1-2.3: New USB device found, idVendor=26ac, idProduct=0011, bcdDevice= 1.01
Jul 30 01:34:09 orinnano kernel: usb 1-2.3: New USB device strings: Mfr=1, Product=2, SerialNumber=3
Jul 30 01:34:09 orinnano kernel: usb 1-2.3: Product: PX4 FMU v2.x
Jul 30 01:34:09 orinnano kernel: usb 1-2.3: Manufacturer: 3D Robotics
Jul 30 01:34:09 orinnano kernel: usb 1-2.3: SerialNumber: 0
Jul 30 01:34:09 orinnano kernel: cdc_acm 1-2.3:1.0: ttyACM0: USB ACM device
Jul 30 01:34:09 orinnano kernel: usb 1-2.3: USB disconnect, device number 46
Jul 30 01:34:10 orinnano kernel: usb 1-2.3: new full-speed USB device number 47 using tegra-xusb
Jul 30 01:34:10 orinnano kernel: usb 1-2.3: New USB device found, idVendor=26ac, idProduct=0011, bcdDevice= 1.01
Jul 30 01:34:10 orinnano kernel: usb 1-2.3: New USB device strings: Mfr=1, Product=2, SerialNumber=3
Jul 30 01:34:10 orinnano kernel: usb 1-2.3: Product: PX4 FMU v2.x
Jul 30 01:34:10 orinnano kernel: usb 1-2.3: Manufacturer: 3D Robotics
Jul 30 01:34:10 orinnano kernel: usb 1-2.3: SerialNumber: 0
Jul 30 01:34:10 orinnano kernel: cdc_acm 1-2.3:1.0: ttyACM0: USB ACM device
Jul 30 01:34:11 orinnano kernel: usb 1-2.3: USB disconnect, device number 47
Jul 30 01:34:12 orinnano kernel: usb 1-2.3: new full-speed USB device number 48 using tegra-xusb
Jul 30 01:34:12 orinnano kernel: usb 1-2.3: New USB device found, idVendor=26ac, idProduct=0011, bcdDevice= 1.01
Jul 30 01:34:12 orinnano kernel: usb 1-2.3: New USB device strings: Mfr=1, Product=2, SerialNumber=3
Jul 30 01:34:12 orinnano kernel: usb 1-2.3: Product: PX4 FMU v2.x
Jul 30 01:34:12 orinnano kernel: usb 1-2.3: Manufacturer: 3D Robotics
Jul 30 01:34:12 orinnano kernel: usb 1-2.3: SerialNumber: 0
Jul 30 01:34:12 orinnano kernel: cdc_acm 1-2.3:1.0: ttyACM0: USB ACM device
Jul 30 01:34:13 orinnano kernel: usb 1-2.3: USB disconnect, device number 48
Jul 30 01:34:14 orinnano kernel: usb 1-2.3: new full-speed USB device number 49 using tegra-xusb
Jul 30 01:34:14 orinnano kernel: usb 1-2.3: New USB device found, idVendor=26ac, idProduct=0011, bcdDevice= 1.01
Jul 30 01:34:14 orinnano kernel: usb 1-2.3: New USB device strings: Mfr=1, Product=2, SerialNumber=3
Jul 30 01:34:14 orinnano kernel: usb 1-2.3: Product: PX4 FMU v2.x
Jul 30 01:34:14 orinnano kernel: usb 1-2.3: Manufacturer: 3D Robotics
Jul 30 01:34:14 orinnano kernel: usb 1-2.3: SerialNumber: 0
Jul 30 01:34:14 orinnano kernel: cdc_acm 1-2.3:1.0: ttyACM0: USB ACM device
Jul 30 01:34:15 orinnano kernel: usb 1-2.3: USB disconnect, device number 49
Jul 30 01:34:15 orinnano kernel: usb 1-2.3: new full-speed USB device number 50 using tegra-xusb
Jul 30 01:34:16 orinnano kernel: usb 1-2.3: New USB device found, idVendor=26ac, idProduct=0011, bcdDevice= 1.01
Jul 30 01:34:16 orinnano kernel: usb 1-2.3: New USB device strings: Mfr=1, Product=2, SerialNumber=3
Jul 30 01:34:16 orinnano kernel: usb 1-2.3: Product: PX4 FMU v2.x
Jul 30 01:34:16 orinnano kernel: usb 1-2.3: Manufacturer: 3D Robotics
Jul 30 01:34:16 orinnano kernel: usb 1-2.3: SerialNumber: 0
Jul 30 01:34:16 orinnano kernel: cdc_acm 1-2.3:1.0: ttyACM0: USB ACM device
Jul 30 01:34:16 orinnano kernel: usb 1-2.3: USB disconnect, device number 50
Jul 30 01:34:17 orinnano kernel: usb 1-2.3: new full-speed USB device number 51 using tegra-xusb
Jul 30 01:34:17 orinnano kernel: usb 1-2.3: New USB device found, idVendor=26ac, idProduct=0011, bcdDevice= 1.01
Jul 30 01:34:17 orinnano kernel: usb 1-2.3: New USB device strings: Mfr=1, Product=2, SerialNumber=3
Jul 30 01:34:17 orinnano kernel: usb 1-2.3: Product: PX4 FMU v2.x
Jul 30 01:34:17 orinnano kernel: usb 1-2.3: Manufacturer: 3D Robotics
Jul 30 01:34:17 orinnano kernel: usb 1-2.3: SerialNumber: 0
Jul 30 01:34:17 orinnano kernel: cdc_acm 1-2.3:1.0: ttyACM0: USB ACM device
Jul 30 01:34:18 orinnano kernel: usb 1-2.3: USB disconnect, device number 51
Jul 30 01:34:19 orinnano kernel: usb 1-2.3: new full-speed USB device number 52 using tegra-xusb
Jul 30 01:34:19 orinnano kernel: usb 1-2.3: New USB device found, idVendor=26ac, idProduct=0011, bcdDevice= 1.01
Jul 30 01:34:19 orinnano kernel: usb 1-2.3: New USB device strings: Mfr=1, Product=2, SerialNumber=3
Jul 30 01:34:19 orinnano kernel: usb 1-2.3: Product: PX4 FMU v2.x
Jul 30 01:34:19 orinnano kernel: usb 1-2.3: Manufacturer: 3D Robotics
Jul 30 01:34:19 orinnano kernel: usb 1-2.3: SerialNumber: 0
Jul 30 01:34:19 orinnano kernel: cdc_acm 1-2.3:1.0: ttyACM0: USB ACM device
Jul 30 01:34:20 orinnano kernel: usb 1-2.3: USB disconnect, device number 52
Jul 30 01:34:21 orinnano kernel: usb 1-2.3: new full-speed USB device number 53 using tegra-xusb
Jul 30 01:34:21 orinnano kernel: usb 1-2.3: New USB device found, idVendor=26ac, idProduct=0011, bcdDevice= 1.01
Jul 30 01:34:21 orinnano kernel: usb 1-2.3: New USB device strings: Mfr=1, Product=2, SerialNumber=3
Jul 30 01:34:21 orinnano kernel: usb 1-2.3: Product: PX4 FMU v2.x
Jul 30 01:34:21 orinnano kernel: usb 1-2.3: Manufacturer: 3D Robotics
Jul 30 01:34:21 orinnano kernel: usb 1-2.3: SerialNumber: 0
Jul 30 01:34:21 orinnano kernel: cdc_acm 1-2.3:1.0: ttyACM0: USB ACM device
Jul 30 01:34:22 orinnano kernel: usb 1-2.3: USB disconnect, device number 53
Jul 30 01:34:22 orinnano kernel: usb 1-2.3: new full-speed USB device number 54 using tegra-xusb
Jul 30 01:34:22 orinnano kernel: usb 1-2.3: New USB device found, idVendor=26ac, idProduct=0011, bcdDevice= 1.01
Jul 30 01:34:22 orinnano kernel: usb 1-2.3: New USB device strings: Mfr=1, Product=2, SerialNumber=3
Jul 30 01:34:22 orinnano kernel: usb 1-2.3: Product: PX4 FMU v2.x
Jul 30 01:34:22 orinnano kernel: usb 1-2.3: Manufacturer: 3D Robotics
Jul 30 01:34:22 orinnano kernel: usb 1-2.3: SerialNumber: 0
Jul 30 01:34:22 orinnano kernel: cdc_acm 1-2.3:1.0: ttyACM0: USB ACM device
Jul 30 01:34:23 orinnano kernel: usb 1-2.3: USB disconnect, device number 54
Jul 30 01:34:24 orinnano kernel: usb 1-2.3: new full-speed USB device number 55 using tegra-xusb
Jul 30 01:34:24 orinnano kernel: usb 1-2.3: New USB device found, idVendor=26ac, idProduct=0011, bcdDevice= 1.01
Jul 30 01:34:24 orinnano kernel: usb 1-2.3: New USB device strings: Mfr=1, Product=2, SerialNumber=3
Jul 30 01:34:24 orinnano kernel: usb 1-2.3: Product: PX4 FMU v2.x
Jul 30 01:34:24 orinnano kernel: usb 1-2.3: Manufacturer: 3D Robotics
Jul 30 01:34:24 orinnano kernel: usb 1-2.3: SerialNumber: 0
Jul 30 01:34:24 orinnano kernel: cdc_acm 1-2.3:1.0: ttyACM0: USB ACM device
Jul 30 01:34:25 orinnano kernel: usb 1-2.3: USB disconnect, device number 55
Jul 30 01:34:26 orinnano kernel: usb 1-2.3: new full-speed USB device number 56 using tegra-xusb
Jul 30 01:34:26 orinnano kernel: usb 1-2.3: New USB device found, idVendor=26ac, idProduct=0011, bcdDevice= 1.01
Jul 30 01:34:26 orinnano kernel: usb 1-2.3: New USB device strings: Mfr=1, Product=2, SerialNumber=3
Jul 30 01:34:26 orinnano kernel: usb 1-2.3: Product: PX4 FMU v2.x
Jul 30 01:34:26 orinnano kernel: usb 1-2.3: Manufacturer: 3D Robotics
Jul 30 01:34:26 orinnano kernel: usb 1-2.3: SerialNumber: 0
Jul 30 01:34:26 orinnano kernel: cdc_acm 1-2.3:1.0: ttyACM0: USB ACM device
Jul 30 01:34:27 orinnano kernel: usb 1-2.3: USB disconnect, device number 56
Jul 30 01:34:27 orinnano kernel: usb 1-2.3: new full-speed USB device number 57 using tegra-xusb
Jul 30 01:34:28 orinnano kernel: usb 1-2.3: New USB device found, idVendor=26ac, idProduct=0011, bcdDevice= 1.01
Jul 30 01:34:28 orinnano kernel: usb 1-2.3: New USB device strings: Mfr=1, Product=2, SerialNumber=3
Jul 30 01:34:28 orinnano kernel: usb 1-2.3: Product: PX4 FMU v2.x
Jul 30 01:34:28 orinnano kernel: usb 1-2.3: Manufacturer: 3D Robotics
Jul 30 01:34:28 orinnano kernel: usb 1-2.3: SerialNumber: 0
Jul 30 01:34:28 orinnano kernel: cdc_acm 1-2.3:1.0: ttyACM0: USB ACM device
Jul 30 01:34:28 orinnano kernel: usb 1-2.3: USB disconnect, device number 57
Jul 30 01:34:29 orinnano kernel: usb 1-2.3: new full-speed USB device number 58 using tegra-xusb
Jul 30 01:34:29 orinnano kernel: usb 1-2.3: New USB device found, idVendor=26ac, idProduct=0011, bcdDevice= 1.01
Jul 30 01:34:29 orinnano kernel: usb 1-2.3: New USB device strings: Mfr=1, Product=2, SerialNumber=3
Jul 30 01:34:29 orinnano kernel: usb 1-2.3: Product: PX4 FMU v2.x
Jul 30 01:34:29 orinnano kernel: usb 1-2.3: Manufacturer: 3D Robotics
Jul 30 01:34:29 orinnano kernel: usb 1-2.3: SerialNumber: 0
Jul 30 01:34:29 orinnano kernel: cdc_acm 1-2.3:1.0: ttyACM0: USB ACM device
Jul 30 01:34:30 orinnano kernel: usb 1-2.3: USB disconnect, device number 58
Jul 30 01:34:31 orinnano kernel: usb 1-2.3: new full-speed USB device number 59 using tegra-xusb
Jul 30 01:34:31 orinnano kernel: usb 1-2.3: New USB device found, idVendor=26ac, idProduct=0011, bcdDevice= 1.01
Jul 30 01:34:31 orinnano kernel: usb 1-2.3: New USB device strings: Mfr=1, Product=2, SerialNumber=3
Jul 30 01:34:31 orinnano kernel: usb 1-2.3: Product: PX4 FMU v2.x
Jul 30 01:34:31 orinnano kernel: usb 1-2.3: Manufacturer: 3D Robotics
Jul 30 01:34:31 orinnano kernel: usb 1-2.3: SerialNumber: 0
Jul 30 01:34:31 orinnano kernel: cdc_acm 1-2.3:1.0: ttyACM0: USB ACM device
Jul 30 01:34:32 orinnano kernel: usb 1-2.3: USB disconnect, device number 59
Jul 30 01:34:33 orinnano kernel: usb 1-2.3: new full-speed USB device number 60 using tegra-xusb
Jul 30 01:34:33 orinnano kernel: usb 1-2.3: New USB device found, idVendor=26ac, idProduct=0011, bcdDevice= 1.01
Jul 30 01:34:33 orinnano kernel: usb 1-2.3: New USB device strings: Mfr=1, Product=2, SerialNumber=3
Jul 30 01:34:33 orinnano kernel: usb 1-2.3: Product: PX4 FMU v2.x
Jul 30 01:34:33 orinnano kernel: usb 1-2.3: Manufacturer: 3D Robotics
Jul 30 01:34:33 orinnano kernel: usb 1-2.3: SerialNumber: 0
Jul 30 01:34:33 orinnano kernel: cdc_acm 1-2.3:1.0: ttyACM0: USB ACM device
Jul 30 01:34:34 orinnano kernel: usb 1-2.3: USB disconnect, device number 60
Jul 30 01:34:34 orinnano kernel: usb 1-2.3: new full-speed USB device number 61 using tegra-xusb
Jul 30 01:34:34 orinnano kernel: usb 1-2.3: New USB device found, idVendor=26ac, idProduct=0011, bcdDevice= 1.01
Jul 30 01:34:34 orinnano kernel: usb 1-2.3: New USB device strings: Mfr=1, Product=2, SerialNumber=3
Jul 30 01:34:34 orinnano kernel: usb 1-2.3: Product: PX4 FMU v2.x
Jul 30 01:34:34 orinnano kernel: usb 1-2.3: Manufacturer: 3D Robotics
Jul 30 01:34:34 orinnano kernel: usb 1-2.3: SerialNumber: 0
Jul 30 01:34:34 orinnano kernel: cdc_acm 1-2.3:1.0: ttyACM0: USB ACM device
Jul 30 01:34:35 orinnano kernel: usb 1-2.3: USB disconnect, device number 61
Jul 30 01:34:36 orinnano kernel: usb 1-2.3: new full-speed USB device number 62 using tegra-xusb
Jul 30 01:34:36 orinnano kernel: usb 1-2.3: New USB device found, idVendor=26ac, idProduct=0011, bcdDevice= 1.01
Jul 30 01:34:36 orinnano kernel: usb 1-2.3: New USB device strings: Mfr=1, Product=2, SerialNumber=3
Jul 30 01:34:36 orinnano kernel: usb 1-2.3: Product: PX4 FMU v2.x
Jul 30 01:34:36 orinnano kernel: usb 1-2.3: Manufacturer: 3D Robotics
Jul 30 01:34:36 orinnano kernel: usb 1-2.3: SerialNumber: 0
Jul 30 01:34:36 orinnano kernel: cdc_acm 1-2.3:1.0: ttyACM0: USB ACM device
Jul 30 01:34:37 orinnano kernel: usb 1-2.3: USB disconnect, device number 62
Jul 30 01:34:38 orinnano kernel: usb 1-2.3: new full-speed USB device number 63 using tegra-xusb
Jul 30 01:34:38 orinnano kernel: usb 1-2.3: New USB device found, idVendor=26ac, idProduct=0011, bcdDevice= 1.01
Jul 30 01:34:38 orinnano kernel: usb 1-2.3: New USB device strings: Mfr=1, Product=2, SerialNumber=3
Jul 30 01:34:38 orinnano kernel: usb 1-2.3: Product: PX4 FMU v2.x
Jul 30 01:34:38 orinnano kernel: usb 1-2.3: Manufacturer: 3D Robotics
Jul 30 01:34:38 orinnano kernel: usb 1-2.3: SerialNumber: 0
Jul 30 01:34:38 orinnano kernel: cdc_acm 1-2.3:1.0: ttyACM0: USB ACM device
Jul 30 01:34:39 orinnano kernel: usb 1-2.3: USB disconnect, device number 63
Jul 30 01:34:39 orinnano kernel: usb 1-2.3: new full-speed USB device number 64 using tegra-xusb
Jul 30 01:34:40 orinnano kernel: usb 1-2.3: New USB device found, idVendor=26ac, idProduct=0011, bcdDevice= 1.01
Jul 30 01:34:40 orinnano kernel: usb 1-2.3: New USB device strings: Mfr=1, Product=2, SerialNumber=3
Jul 30 01:34:40 orinnano kernel: usb 1-2.3: Product: PX4 FMU v2.x
Jul 30 01:34:40 orinnano kernel: usb 1-2.3: Manufacturer: 3D Robotics
Jul 30 01:34:40 orinnano kernel: usb 1-2.3: SerialNumber: 0
Jul 30 01:34:40 orinnano kernel: cdc_acm 1-2.3:1.0: ttyACM0: USB ACM device
Jul 30 01:34:41 orinnano kernel: usb 1-2.3: USB disconnect, device number 64
Jul 30 01:34:41 orinnano kernel: usb 1-2.3: new full-speed USB device number 65 using tegra-xusb
Jul 30 01:34:41 orinnano kernel: usb 1-2.3: New USB device found, idVendor=26ac, idProduct=0011, bcdDevice= 1.01
Jul 30 01:34:41 orinnano kernel: usb 1-2.3: New USB device strings: Mfr=1, Product=2, SerialNumber=3
Jul 30 01:34:41 orinnano kernel: usb 1-2.3: Product: PX4 FMU v2.x
Jul 30 01:34:41 orinnano kernel: usb 1-2.3: Manufacturer: 3D Robotics
Jul 30 01:34:41 orinnano kernel: usb 1-2.3: SerialNumber: 0
Jul 30 01:34:41 orinnano kernel: cdc_acm 1-2.3:1.0: ttyACM0: USB ACM device
Jul 30 01:34:42 orinnano kernel: usb 1-2.3: USB disconnect, device number 65
Jul 30 01:34:43 orinnano kernel: usb 1-2.3: new full-speed USB device number 66 using tegra-xusb
Jul 30 01:34:43 orinnano kernel: usb 1-2.3: New USB device found, idVendor=26ac, idProduct=0011, bcdDevice= 1.01
Jul 30 01:34:43 orinnano kernel: usb 1-2.3: New USB device strings: Mfr=1, Product=2, SerialNumber=3
Jul 30 01:34:43 orinnano kernel: usb 1-2.3: Product: PX4 FMU v2.x
Jul 30 01:34:43 orinnano kernel: usb 1-2.3: Manufacturer: 3D Robotics
Jul 30 01:34:43 orinnano kernel: usb 1-2.3: SerialNumber: 0
Jul 30 01:34:43 orinnano kernel: cdc_acm 1-2.3:1.0: ttyACM0: USB ACM device
Jul 30 01:34:44 orinnano kernel: usb 1-2.3: USB disconnect, device number 66
Jul 30 01:34:45 orinnano kernel: usb 1-2.3: new full-speed USB device number 67 using tegra-xusb
Jul 30 01:34:45 orinnano kernel: usb 1-2.3: New USB device found, idVendor=26ac, idProduct=0011, bcdDevice= 1.01
Jul 30 01:34:45 orinnano kernel: usb 1-2.3: New USB device strings: Mfr=1, Product=2, SerialNumber=3
Jul 30 01:34:45 orinnano kernel: usb 1-2.3: Product: PX4 FMU v2.x
Jul 30 01:34:45 orinnano kernel: usb 1-2.3: Manufacturer: 3D Robotics
Jul 30 01:34:45 orinnano kernel: usb 1-2.3: SerialNumber: 0
Jul 30 01:34:45 orinnano kernel: cdc_acm 1-2.3:1.0: ttyACM0: USB ACM device
Jul 30 01:34:46 orinnano kernel: usb 1-2.3: USB disconnect, device number 67
Jul 30 01:34:46 orinnano kernel: usb 1-2.3: new full-speed USB device number 68 using tegra-xusb
Jul 30 01:34:47 orinnano kernel: usb 1-2.3: New USB device found, idVendor=26ac, idProduct=0011, bcdDevice= 1.01
Jul 30 01:34:47 orinnano kernel: usb 1-2.3: New USB device strings: Mfr=1, Product=2, SerialNumber=3
Jul 30 01:34:47 orinnano kernel: usb 1-2.3: Product: PX4 FMU v2.x
Jul 30 01:34:47 orinnano kernel: usb 1-2.3: Manufacturer: 3D Robotics
Jul 30 01:34:47 orinnano kernel: usb 1-2.3: SerialNumber: 0
Jul 30 01:34:47 orinnano kernel: cdc_acm 1-2.3:1.0: ttyACM0: USB ACM device
