Jul 29 22:17:18 orinnano kernel: usb 1-2.4: USB disconnect, device number 12
Jul 29 22:17:19 orinnano kernel: usb 1-2.4: new full-speed USB device number 15 using tegra-xusb
Jul 29 22:17:19 orinnano kernel: usb 1-2.4: New USB device found, idVendor=26ac, idProduct=0011, bcdDevice= 1.01
Jul 29 22:17:19 orinnano kernel: usb 1-2.4: New USB device strings: Mfr=1, Product=2, SerialNumber=3
Jul 29 22:17:19 orinnano kernel: usb 1-2.4: Product: PX4 FMU v2.x
Jul 29 22:17:19 orinnano kernel: usb 1-2.4: Manufacturer: 3D Robotics
Jul 29 22:17:19 orinnano kernel: usb 1-2.4: SerialNumber: 0
Jul 29 22:17:19 orinnano kernel: cdc_acm 1-2.4:1.0: ttyACM0: USB ACM device
Jul 29 22:24:15 orinnano kernel: usb 1-2.4: USB disconnect, device number 15
Jul 29 22:24:47 orinnano kernel: usb 1-2.4: new full-speed USB device number 16 using tegra-xusb
Jul 29 22:24:47 orinnano kernel: usb 1-2.4: New USB device found, idVendor=26ac, idProduct=0011, bcdDevice= 1.01
Jul 29 22:24:47 orinnano kernel: usb 1-2.4: New USB device strings: Mfr=1, Product=2, SerialNumber=3
Jul 29 22:24:47 orinnano kernel: usb 1-2.4: Product: PX4 FMU v2.x
Jul 29 22:24:47 orinnano kernel: usb 1-2.4: Manufacturer: 3D Robotics
Jul 29 22:24:47 orinnano kernel: usb 1-2.4: SerialNumber: 0
Jul 29 22:24:47 orinnano kernel: cdc_acm 1-2.4:1.0: ttyACM0: USB ACM device
Jul 29 22:28:15 orinnano kernel: usb 1-2.4: USB disconnect, device number 16
Jul 29 22:28:21 orinnano kernel: usb 1-2.4: new full-speed USB device number 17 using tegra-xusb
Jul 29 22:28:21 orinnano kernel: usb 1-2.4: New USB device found, idVendor=26ac, idProduct=0011, bcdDevice= 1.01
Jul 29 22:28:21 orinnano kernel: usb 1-2.4: New USB device strings: Mfr=1, Product=2, SerialNumber=3
Jul 29 22:28:21 orinnano kernel: usb 1-2.4: Product: PX4 FMU v2.x
Jul 29 22:28:21 orinnano kernel: usb 1-2.4: Manufacturer: 3D Robotics
Jul 29 22:28:21 orinnano kernel: usb 1-2.4: SerialNumber: 0
Jul 29 22:28:21 orinnano kernel: cdc_acm 1-2.4:1.0: ttyACM0: USB ACM device
Jul 29 22:29:53 orinnano kernel: usb 1-2.4: USB disconnect, device number 17
Jul 29 22:29:57 orinnano kernel: usb 1-2.4: new full-speed USB device number 18 using tegra-xusb
Jul 29 22:29:57 orinnano kernel: usb 1-2.4: New USB device found, idVendor=26ac, idProduct=0011, bcdDevice= 1.01
Jul 29 22:29:57 orinnano kernel: usb 1-2.4: New USB device strings: Mfr=1, Product=2, SerialNumber=3
Jul 29 22:29:57 orinnano kernel: usb 1-2.4: Product: PX4 FMU v2.x
Jul 29 22:29:57 orinnano kernel: usb 1-2.4: Manufacturer: 3D Robotics
Jul 29 22:29:57 orinnano kernel: usb 1-2.4: SerialNumber: 0
Jul 29 22:29:57 orinnano kernel: cdc_acm 1-2.4:1.0: ttyACM0: USB ACM device
ERROR_PATTERN_COUNT=0
