[INFO] [launch]: All log files can be found below /home/c/.ros/log/2026-07-29-20-06-04-932604-orinnano-22878
[INFO] [launch]: Default logging verbosity is set to INFO
/opt/ros/foxy/bin/ros2:6: DeprecationWarning: pkg_resources is deprecated as an API. See https://setuptools.pypa.io/en/latest/pkg_resources.html
  from pkg_resources import load_entry_point
Task exception was never retrieved
future: <Task finished name='Task-2' coro=<LaunchService._process_one_event() done, defined at /opt/ros/foxy/lib/python3.8/site-packages/launch/launch_service.py:226> exception=RuntimeError('production launch requires t265_to_base_link_extrinsics_file:=/absolute/measured.yaml')>
Traceback (most recent call last):
  File "/opt/ros/foxy/lib/python3.8/site-packages/launch/launch_service.py", line 228, in _process_one_event
    await self.__process_event(next_event)
  File "/opt/ros/foxy/lib/python3.8/site-packages/launch/launch_service.py", line 248, in __process_event
    visit_all_entities_and_collect_futures(entity, self.__context))
  File "/opt/ros/foxy/lib/python3.8/site-packages/launch/utilities/visit_all_entities_and_collect_futures_impl.py", line 45, in visit_all_entities_and_collect_futures
    futures_to_return += visit_all_entities_and_collect_futures(sub_entity, context)
  File "/opt/ros/foxy/lib/python3.8/site-packages/launch/utilities/visit_all_entities_and_collect_futures_impl.py", line 45, in visit_all_entities_and_collect_futures
    futures_to_return += visit_all_entities_and_collect_futures(sub_entity, context)
  File "/opt/ros/foxy/lib/python3.8/site-packages/launch/utilities/visit_all_entities_and_collect_futures_impl.py", line 45, in visit_all_entities_and_collect_futures
    futures_to_return += visit_all_entities_and_collect_futures(sub_entity, context)
  [Previous line repeated 1 more time]
  File "/opt/ros/foxy/lib/python3.8/site-packages/launch/utilities/visit_all_entities_and_collect_futures_impl.py", line 38, in visit_all_entities_and_collect_futures
    sub_entities = entity.visit(context)
  File "/opt/ros/foxy/lib/python3.8/site-packages/launch/action.py", line 108, in visit
    return self.execute(context)
  File "/opt/ros/foxy/lib/python3.8/site-packages/launch/actions/opaque_function.py", line 75, in execute
    return self.__function(context, *self.__args, **self.__kwargs)
  File "/home/c/px4_ws/BoomBoomFly/install/vision_to_dds/share/vision_to_dds/launch/vision_to_dds_production.launch.py", line 99, in _start_production
    parent, child, values = _load_measured_extrinsics(
  File "/home/c/px4_ws/BoomBoomFly/install/vision_to_dds/share/vision_to_dds/launch/vision_to_dds_production.launch.py", line 46, in _load_measured_extrinsics
    raise RuntimeError(
RuntimeError: production launch requires t265_to_base_link_extrinsics_file:=/absolute/measured.yaml
launch_exit_code=1
