Starting >>> cv_bridge
Starting >>> realsense2_camera_msgs
-- The C compiler identification is GNU 9.4.0
[  5%] Built target realsense2_camera_msgs__cpp
[ 12%] Built target realsense2_camera_msgs__rosidl_generator_c
[ 43%] Built target realsense2_camera_msgs__rosidl_typesupport_introspection_c
[ 45%] Built target realsense2_camera_msgs__rosidl_typesupport_cpp
[ 45%] Built target realsense2_camera_msgs__rosidl_typesupport_c
[ 56%] Built target realsense2_camera_msgs__rosidl_typesupport_fastrtps_cpp
[ 67%] Built target realsense2_camera_msgs__rosidl_typesupport_introspection_cpp
-- The CXX compiler identification is GNU 9.4.0
-- Check for working C compiler: /usr/bin/cc
[ 78%] Built target realsense2_camera_msgs__rosidl_typesupport_fastrtps_c
[ 78%] Built target realsense2_camera_msgs
[ 80%] Built target realsense2_camera_msgs__py
-- Check for working C compiler: /usr/bin/cc -- works
-- Detecting C compiler ABI info
[ 89%] Built target realsense2_camera_msgs__python
[100%] Built target realsense2_camera_msgs__rosidl_typesupport_c__pyext
[100%] Built target realsense2_camera_msgs__rosidl_typesupport_fastrtps_c__pyext
[100%] Built target realsense2_camera_msgs__rosidl_typesupport_introspection_c__pyext
-- Detecting C compiler ABI info - done
-- Detecting C compile features
-- Detecting C compile features - done
-- Check for working CXX compiler: /usr/bin/c++
-- Install configuration: "Release"
-- Up-to-date: /tmp/boomboomfly_g3_realsense_build.QnlPXc/install/realsense2_camera_msgs/share/ament_index/resource_index/rosidl_interfaces/realsense2_camera_msgs
-- Up-to-date: /tmp/boomboomfly_g3_realsense_build.QnlPXc/install/realsense2_camera_msgs/include/realsense2_camera_msgs
-- Up-to-date: /tmp/boomboomfly_g3_realsense_build.QnlPXc/install/realsense2_camera_msgs/include/realsense2_camera_msgs/msg
-- Up-to-date: /tmp/boomboomfly_g3_realsense_build.QnlPXc/install/realsense2_camera_msgs/include/realsense2_camera_msgs/msg/detail
-- Up-to-date: /tmp/boomboomfly_g3_realsense_build.QnlPXc/install/realsense2_camera_msgs/include/realsense2_camera_msgs/msg/detail/metadata__functions.h
-- Up-to-date: /tmp/boomboomfly_g3_realsense_build.QnlPXc/install/realsense2_camera_msgs/include/realsense2_camera_msgs/msg/detail/imu_info__type_support.h
-- Up-to-date: /tmp/boomboomfly_g3_realsense_build.QnlPXc/install/realsense2_camera_msgs/include/realsense2_camera_msgs/msg/detail/extrinsics__struct.h
-- Up-to-date: /tmp/boomboomfly_g3_realsense_build.QnlPXc/install/realsense2_camera_msgs/include/realsense2_camera_msgs/msg/detail/metadata__type_support.h
-- Up-to-date: /tmp/boomboomfly_g3_realsense_build.QnlPXc/install/realsense2_camera_msgs/include/realsense2_camera_msgs/msg/detail/imu_info__functions.c
-- Up-to-date: /tmp/boomboomfly_g3_realsense_build.QnlPXc/install/realsense2_camera_msgs/include/realsense2_camera_msgs/msg/detail/extrinsics__functions.c
-- Up-to-date: /tmp/boomboomfly_g3_realsense_build.QnlPXc/install/realsense2_camera_msgs/include/realsense2_camera_msgs/msg/detail/extrinsics__type_support.h
-- Up-to-date: /tmp/boomboomfly_g3_realsense_build.QnlPXc/install/realsense2_camera_msgs/include/realsense2_camera_msgs/msg/detail/extrinsics__functions.h
-- Up-to-date: /tmp/boomboomfly_g3_realsense_build.QnlPXc/install/realsense2_camera_msgs/include/realsense2_camera_msgs/msg/detail/imu_info__struct.h
-- Up-to-date: /tmp/boomboomfly_g3_realsense_build.QnlPXc/install/realsense2_camera_msgs/include/realsense2_camera_msgs/msg/detail/metadata__functions.c
-- Up-to-date: /tmp/boomboomfly_g3_realsense_build.QnlPXc/install/realsense2_camera_msgs/include/realsense2_camera_msgs/msg/detail/metadata__struct.h
-- Up-to-date: /tmp/boomboomfly_g3_realsense_build.QnlPXc/install/realsense2_camera_msgs/include/realsense2_camera_msgs/msg/detail/imu_info__functions.h
-- Up-to-date: /tmp/boomboomfly_g3_realsense_build.QnlPXc/install/realsense2_camera_msgs/include/realsense2_camera_msgs/msg/rosidl_generator_c__visibility_control.h
-- Up-to-date: /tmp/boomboomfly_g3_realsense_build.QnlPXc/install/realsense2_camera_msgs/include/realsense2_camera_msgs/msg/imu_info.h
-- Up-to-date: /tmp/boomboomfly_g3_realsense_build.QnlPXc/install/realsense2_camera_msgs/include/realsense2_camera_msgs/msg/metadata.h
-- Up-to-date: /tmp/boomboomfly_g3_realsense_build.QnlPXc/install/realsense2_camera_msgs/include/realsense2_camera_msgs/msg/extrinsics.h
-- Up-to-date: /tmp/boomboomfly_g3_realsense_build.QnlPXc/install/realsense2_camera_msgs/include/realsense2_camera_msgs/srv
-- Up-to-date: /tmp/boomboomfly_g3_realsense_build.QnlPXc/install/realsense2_camera_msgs/include/realsense2_camera_msgs/srv/device_info.h
-- Up-to-date: /tmp/boomboomfly_g3_realsense_build.QnlPXc/install/realsense2_camera_msgs/include/realsense2_camera_msgs/srv/detail
-- Up-to-date: /tmp/boomboomfly_g3_realsense_build.QnlPXc/install/realsense2_camera_msgs/include/realsense2_camera_msgs/srv/detail/device_info__functions.c
-- Up-to-date: /tmp/boomboomfly_g3_realsense_build.QnlPXc/install/realsense2_camera_msgs/include/realsense2_camera_msgs/srv/detail/device_info__struct.h
-- Up-to-date: /tmp/boomboomfly_g3_realsense_build.QnlPXc/install/realsense2_camera_msgs/include/realsense2_camera_msgs/srv/detail/device_info__functions.h
-- Up-to-date: /tmp/boomboomfly_g3_realsense_build.QnlPXc/install/realsense2_camera_msgs/include/realsense2_camera_msgs/srv/detail/device_info__type_support.h
-- Up-to-date: /tmp/boomboomfly_g3_realsense_build.QnlPXc/install/realsense2_camera_msgs/share/realsense2_camera_msgs/environment/library_path.sh
-- Up-to-date: /tmp/boomboomfly_g3_realsense_build.QnlPXc/install/realsense2_camera_msgs/share/realsense2_camera_msgs/environment/library_path.dsv
-- Up-to-date: /tmp/boomboomfly_g3_realsense_build.QnlPXc/install/realsense2_camera_msgs/lib/librealsense2_camera_msgs__rosidl_generator_c.so
-- Up-to-date: /tmp/boomboomfly_g3_realsense_build.QnlPXc/install/realsense2_camera_msgs/include/realsense2_camera_msgs
-- Up-to-date: /tmp/boomboomfly_g3_realsense_build.QnlPXc/install/realsense2_camera_msgs/include/realsense2_camera_msgs/msg
-- Up-to-date: /tmp/boomboomfly_g3_realsense_build.QnlPXc/install/realsense2_camera_msgs/include/realsense2_camera_msgs/msg/detail
-- Up-to-date: /tmp/boomboomfly_g3_realsense_build.QnlPXc/install/realsense2_camera_msgs/include/realsense2_camera_msgs/msg/detail/imu_info__rosidl_typesupport_fastrtps_c.h
-- Up-to-date: /tmp/boomboomfly_g3_realsense_build.QnlPXc/install/realsense2_camera_msgs/include/realsense2_camera_msgs/msg/detail/extrinsics__rosidl_typesupport_fastrtps_c.h
-- Up-to-date: /tmp/boomboomfly_g3_realsense_build.QnlPXc/install/realsense2_camera_msgs/include/realsense2_camera_msgs/msg/detail/metadata__rosidl_typesupport_fastrtps_c.h
-- Up-to-date: /tmp/boomboomfly_g3_realsense_build.QnlPXc/install/realsense2_camera_msgs/include/realsense2_camera_msgs/msg/rosidl_typesupport_fastrtps_c__visibility_control.h
-- Up-to-date: /tmp/boomboomfly_g3_realsense_build.QnlPXc/install/realsense2_camera_msgs/include/realsense2_camera_msgs/srv
-- Up-to-date: /tmp/boomboomfly_g3_realsense_build.QnlPXc/install/realsense2_camera_msgs/include/realsense2_camera_msgs/srv/detail
-- Up-to-date: /tmp/boomboomfly_g3_realsense_build.QnlPXc/install/realsense2_camera_msgs/include/realsense2_camera_msgs/srv/detail/device_info__rosidl_typesupport_fastrtps_c.h
-- Up-to-date: /tmp/boomboomfly_g3_realsense_build.QnlPXc/install/realsense2_camera_msgs/lib/librealsense2_camera_msgs__rosidl_typesupport_fastrtps_c.so
-- Up-to-date: /tmp/boomboomfly_g3_realsense_build.QnlPXc/install/realsense2_camera_msgs/include/realsense2_camera_msgs
-- Up-to-date: /tmp/boomboomfly_g3_realsense_build.QnlPXc/install/realsense2_camera_msgs/include/realsense2_camera_msgs/msg
-- Up-to-date: /tmp/boomboomfly_g3_realsense_build.QnlPXc/install/realsense2_camera_msgs/include/realsense2_camera_msgs/msg/detail
-- Up-to-date: /tmp/boomboomfly_g3_realsense_build.QnlPXc/install/realsense2_camera_msgs/include/realsense2_camera_msgs/msg/detail/dds_fastrtps
-- Up-to-date: /tmp/boomboomfly_g3_realsense_build.QnlPXc/install/realsense2_camera_msgs/include/realsense2_camera_msgs/msg/detail/metadata__rosidl_typesupport_fastrtps_cpp.hpp
-- Up-to-date: /tmp/boomboomfly_g3_realsense_build.QnlPXc/install/realsense2_camera_msgs/include/realsense2_camera_msgs/msg/detail/imu_info__rosidl_typesupport_fastrtps_cpp.hpp
-- Up-to-date: /tmp/boomboomfly_g3_realsense_build.QnlPXc/install/realsense2_camera_msgs/include/realsense2_camera_msgs/msg/detail/extrinsics__rosidl_typesupport_fastrtps_cpp.hpp
-- Up-to-date: /tmp/boomboomfly_g3_realsense_build.QnlPXc/install/realsense2_camera_msgs/include/realsense2_camera_msgs/msg/rosidl_typesupport_fastrtps_cpp__visibility_control.h
-- Up-to-date: /tmp/boomboomfly_g3_realsense_build.QnlPXc/install/realsense2_camera_msgs/include/realsense2_camera_msgs/srv
-- Up-to-date: /tmp/boomboomfly_g3_realsense_build.QnlPXc/install/realsense2_camera_msgs/include/realsense2_camera_msgs/srv/detail
-- Up-to-date: /tmp/boomboomfly_g3_realsense_build.QnlPXc/install/realsense2_camera_msgs/include/realsense2_camera_msgs/srv/detail/dds_fastrtps
-- Up-to-date: /tmp/boomboomfly_g3_realsense_build.QnlPXc/install/realsense2_camera_msgs/include/realsense2_camera_msgs/srv/detail/device_info__rosidl_typesupport_fastrtps_cpp.hpp
-- Up-to-date: /tmp/boomboomfly_g3_realsense_build.QnlPXc/install/realsense2_camera_msgs/lib/librealsense2_camera_msgs__rosidl_typesupport_fastrtps_cpp.so
-- Up-to-date: /tmp/boomboomfly_g3_realsense_build.QnlPXc/install/realsense2_camera_msgs/include/realsense2_camera_msgs
-- Up-to-date: /tmp/boomboomfly_g3_realsense_build.QnlPXc/install/realsense2_camera_msgs/include/realsense2_camera_msgs/msg
-- Up-to-date: /tmp/boomboomfly_g3_realsense_build.QnlPXc/install/realsense2_camera_msgs/include/realsense2_camera_msgs/msg/detail
-- Up-to-date: /tmp/boomboomfly_g3_realsense_build.QnlPXc/install/realsense2_camera_msgs/include/realsense2_camera_msgs/msg/detail/metadata__type_support.c
-- Up-to-date: /tmp/boomboomfly_g3_realsense_build.QnlPXc/install/realsense2_camera_msgs/include/realsense2_camera_msgs/msg/detail/extrinsics__rosidl_typesupport_introspection_c.h
-- Up-to-date: /tmp/boomboomfly_g3_realsense_build.QnlPXc/install/realsense2_camera_msgs/include/realsense2_camera_msgs/msg/detail/extrinsics__type_support.c
-- Up-to-date: /tmp/boomboomfly_g3_realsense_build.QnlPXc/install/realsense2_camera_msgs/include/realsense2_camera_msgs/msg/detail/imu_info__rosidl_typesupport_introspection_c.h
-- Up-to-date: /tmp/boomboomfly_g3_realsense_build.QnlPXc/install/realsense2_camera_msgs/include/realsense2_camera_msgs/msg/detail/imu_info__type_support.c
-- Up-to-date: /tmp/boomboomfly_g3_realsense_build.QnlPXc/install/realsense2_camera_msgs/include/realsense2_camera_msgs/msg/detail/metadata__rosidl_typesupport_introspection_c.h
-- Up-to-date: /tmp/boomboomfly_g3_realsense_build.QnlPXc/install/realsense2_camera_msgs/include/realsense2_camera_msgs/msg/rosidl_typesupport_introspection_c__visibility_control.h
-- Up-to-date: /tmp/boomboomfly_g3_realsense_build.QnlPXc/install/realsense2_camera_msgs/include/realsense2_camera_msgs/srv
-- Up-to-date: /tmp/boomboomfly_g3_realsense_build.QnlPXc/install/realsense2_camera_msgs/include/realsense2_camera_msgs/srv/detail
-- Up-to-date: /tmp/boomboomfly_g3_realsense_build.QnlPXc/install/realsense2_camera_msgs/include/realsense2_camera_msgs/srv/detail/device_info__rosidl_typesupport_introspection_c.h
-- Up-to-date: /tmp/boomboomfly_g3_realsense_build.QnlPXc/install/realsense2_camera_msgs/include/realsense2_camera_msgs/srv/detail/device_info__type_support.c
-- Up-to-date: /tmp/boomboomfly_g3_realsense_build.QnlPXc/install/realsense2_camera_msgs/lib/librealsense2_camera_msgs__rosidl_typesupport_introspection_c.so
-- Up-to-date: /tmp/boomboomfly_g3_realsense_build.QnlPXc/install/realsense2_camera_msgs/lib/librealsense2_camera_msgs__rosidl_typesupport_c.so
-- Up-to-date: /tmp/boomboomfly_g3_realsense_build.QnlPXc/install/realsense2_camera_msgs/include/realsense2_camera_msgs
-- Up-to-date: /tmp/boomboomfly_g3_realsense_build.QnlPXc/install/realsense2_camera_msgs/include/realsense2_camera_msgs/msg
-- Up-to-date: /tmp/boomboomfly_g3_realsense_build.QnlPXc/install/realsense2_camera_msgs/include/realsense2_camera_msgs/msg/rosidl_generator_cpp__visibility_control.hpp
-- Up-to-date: /tmp/boomboomfly_g3_realsense_build.QnlPXc/install/realsense2_camera_msgs/include/realsense2_camera_msgs/msg/metadata.hpp
-- Up-to-date: /tmp/boomboomfly_g3_realsense_build.QnlPXc/install/realsense2_camera_msgs/include/realsense2_camera_msgs/msg/detail
-- Up-to-date: /tmp/boomboomfly_g3_realsense_build.QnlPXc/install/realsense2_camera_msgs/include/realsense2_camera_msgs/msg/detail/metadata__traits.hpp
-- Up-to-date: /tmp/boomboomfly_g3_realsense_build.QnlPXc/install/realsense2_camera_msgs/include/realsense2_camera_msgs/msg/detail/metadata__type_support.hpp
-- Up-to-date: /tmp/boomboomfly_g3_realsense_build.QnlPXc/install/realsense2_camera_msgs/include/realsense2_camera_msgs/msg/detail/extrinsics__traits.hpp
-- Up-to-date: /tmp/boomboomfly_g3_realsense_build.QnlPXc/install/realsense2_camera_msgs/include/realsense2_camera_msgs/msg/detail/imu_info__builder.hpp
-- Up-to-date: /tmp/boomboomfly_g3_realsense_build.QnlPXc/install/realsense2_camera_msgs/include/realsense2_camera_msgs/msg/detail/extrinsics__struct.hpp
-- Up-to-date: /tmp/boomboomfly_g3_realsense_build.QnlPXc/install/realsense2_camera_msgs/include/realsense2_camera_msgs/msg/detail/metadata__struct.hpp
-- Up-to-date: /tmp/boomboomfly_g3_realsense_build.QnlPXc/install/realsense2_camera_msgs/include/realsense2_camera_msgs/msg/detail/extrinsics__type_support.hpp
-- Up-to-date: /tmp/boomboomfly_g3_realsense_build.QnlPXc/install/realsense2_camera_msgs/include/realsense2_camera_msgs/msg/detail/metadata__builder.hpp
-- Up-to-date: /tmp/boomboomfly_g3_realsense_build.QnlPXc/install/realsense2_camera_msgs/include/realsense2_camera_msgs/msg/detail/imu_info__struct.hpp
-- Up-to-date: /tmp/boomboomfly_g3_realsense_build.QnlPXc/install/realsense2_camera_msgs/include/realsense2_camera_msgs/msg/detail/extrinsics__builder.hpp
-- Up-to-date: /tmp/boomboomfly_g3_realsense_build.QnlPXc/install/realsense2_camera_msgs/include/realsense2_camera_msgs/msg/detail/imu_info__type_support.hpp
-- Up-to-date: /tmp/boomboomfly_g3_realsense_build.QnlPXc/install/realsense2_camera_msgs/include/realsense2_camera_msgs/msg/detail/imu_info__traits.hpp
-- Up-to-date: /tmp/boomboomfly_g3_realsense_build.QnlPXc/install/realsense2_camera_msgs/include/realsense2_camera_msgs/msg/imu_info.hpp
-- Up-to-date: /tmp/boomboomfly_g3_realsense_build.QnlPXc/install/realsense2_camera_msgs/include/realsense2_camera_msgs/msg/extrinsics.hpp
-- Up-to-date: /tmp/boomboomfly_g3_realsense_build.QnlPXc/install/realsense2_camera_msgs/include/realsense2_camera_msgs/srv
-- Up-to-date: /tmp/boomboomfly_g3_realsense_build.QnlPXc/install/realsense2_camera_msgs/include/realsense2_camera_msgs/srv/device_info.hpp
-- Up-to-date: /tmp/boomboomfly_g3_realsense_build.QnlPXc/install/realsense2_camera_msgs/include/realsense2_camera_msgs/srv/detail
-- Up-to-date: /tmp/boomboomfly_g3_realsense_build.QnlPXc/install/realsense2_camera_msgs/include/realsense2_camera_msgs/srv/detail/device_info__traits.hpp
-- Up-to-date: /tmp/boomboomfly_g3_realsense_build.QnlPXc/install/realsense2_camera_msgs/include/realsense2_camera_msgs/srv/detail/device_info__builder.hpp
-- Up-to-date: /tmp/boomboomfly_g3_realsense_build.QnlPXc/install/realsense2_camera_msgs/include/realsense2_camera_msgs/srv/detail/device_info__type_support.hpp
-- Up-to-date: /tmp/boomboomfly_g3_realsense_build.QnlPXc/install/realsense2_camera_msgs/include/realsense2_camera_msgs/srv/detail/device_info__struct.hpp
-- Up-to-date: /tmp/boomboomfly_g3_realsense_build.QnlPXc/install/realsense2_camera_msgs/include/realsense2_camera_msgs
-- Up-to-date: /tmp/boomboomfly_g3_realsense_build.QnlPXc/install/realsense2_camera_msgs/include/realsense2_camera_msgs/msg
-- Up-to-date: /tmp/boomboomfly_g3_realsense_build.QnlPXc/install/realsense2_camera_msgs/include/realsense2_camera_msgs/msg/detail
-- Up-to-date: /tmp/boomboomfly_g3_realsense_build.QnlPXc/install/realsense2_camera_msgs/include/realsense2_camera_msgs/msg/detail/extrinsics__type_support.cpp
-- Up-to-date: /tmp/boomboomfly_g3_realsense_build.QnlPXc/install/realsense2_camera_msgs/include/realsense2_camera_msgs/msg/detail/metadata__type_support.cpp
-- Up-to-date: /tmp/boomboomfly_g3_realsense_build.QnlPXc/install/realsense2_camera_msgs/include/realsense2_camera_msgs/msg/detail/imu_info__rosidl_typesupport_introspection_cpp.hpp
-- Up-to-date: /tmp/boomboomfly_g3_realsense_build.QnlPXc/install/realsense2_camera_msgs/include/realsense2_camera_msgs/msg/detail/imu_info__type_support.cpp
-- Up-to-date: /tmp/boomboomfly_g3_realsense_build.QnlPXc/install/realsense2_camera_msgs/include/realsense2_camera_msgs/msg/detail/metadata__rosidl_typesupport_introspection_cpp.hpp
-- Up-to-date: /tmp/boomboomfly_g3_realsense_build.QnlPXc/install/realsense2_camera_msgs/include/realsense2_camera_msgs/msg/detail/extrinsics__rosidl_typesupport_introspection_cpp.hpp
-- Up-to-date: /tmp/boomboomfly_g3_realsense_build.QnlPXc/install/realsense2_camera_msgs/include/realsense2_camera_msgs/srv
-- Up-to-date: /tmp/boomboomfly_g3_realsense_build.QnlPXc/install/realsense2_camera_msgs/include/realsense2_camera_msgs/srv/detail
-- Up-to-date: /tmp/boomboomfly_g3_realsense_build.QnlPXc/install/realsense2_camera_msgs/include/realsense2_camera_msgs/srv/detail/device_info__type_support.cpp
-- Up-to-date: /tmp/boomboomfly_g3_realsense_build.QnlPXc/install/realsense2_camera_msgs/include/realsense2_camera_msgs/srv/detail/device_info__rosidl_typesupport_introspection_cpp.hpp
-- Up-to-date: /tmp/boomboomfly_g3_realsense_build.QnlPXc/install/realsense2_camera_msgs/lib/librealsense2_camera_msgs__rosidl_typesupport_introspection_cpp.so
-- Up-to-date: /tmp/boomboomfly_g3_realsense_build.QnlPXc/install/realsense2_camera_msgs/lib/librealsense2_camera_msgs__rosidl_typesupport_cpp.so
-- Up-to-date: /tmp/boomboomfly_g3_realsense_build.QnlPXc/install/realsense2_camera_msgs/share/realsense2_camera_msgs/environment/pythonpath.sh
-- Up-to-date: /tmp/boomboomfly_g3_realsense_build.QnlPXc/install/realsense2_camera_msgs/share/realsense2_camera_msgs/environment/pythonpath.dsv
-- Up-to-date: /tmp/boomboomfly_g3_realsense_build.QnlPXc/install/realsense2_camera_msgs/lib/python3.8/site-packages/realsense2_camera_msgs/__init__.py
-- Up-to-date: /tmp/boomboomfly_g3_realsense_build.QnlPXc/install/realsense2_camera_msgs/lib/python3.8/site-packages/realsense2_camera_msgs/msg
-- Up-to-date: /tmp/boomboomfly_g3_realsense_build.QnlPXc/install/realsense2_camera_msgs/lib/python3.8/site-packages/realsense2_camera_msgs/msg/_extrinsics_s.c
-- Up-to-date: /tmp/boomboomfly_g3_realsense_build.QnlPXc/install/realsense2_camera_msgs/lib/python3.8/site-packages/realsense2_camera_msgs/msg/_metadata_s.c
-- Up-to-date: /tmp/boomboomfly_g3_realsense_build.QnlPXc/install/realsense2_camera_msgs/lib/python3.8/site-packages/realsense2_camera_msgs/msg/_extrinsics.py
-- Up-to-date: /tmp/boomboomfly_g3_realsense_build.QnlPXc/install/realsense2_camera_msgs/lib/python3.8/site-packages/realsense2_camera_msgs/msg/_metadata.py
-- Up-to-date: /tmp/boomboomfly_g3_realsense_build.QnlPXc/install/realsense2_camera_msgs/lib/python3.8/site-packages/realsense2_camera_msgs/msg/_imu_info.py
-- Up-to-date: /tmp/boomboomfly_g3_realsense_build.QnlPXc/install/realsense2_camera_msgs/lib/python3.8/site-packages/realsense2_camera_msgs/msg/_imu_info_s.c
-- Up-to-date: /tmp/boomboomfly_g3_realsense_build.QnlPXc/install/realsense2_camera_msgs/lib/python3.8/site-packages/realsense2_camera_msgs/msg/__init__.py
-- Up-to-date: /tmp/boomboomfly_g3_realsense_build.QnlPXc/install/realsense2_camera_msgs/lib/python3.8/site-packages/realsense2_camera_msgs/srv
-- Up-to-date: /tmp/boomboomfly_g3_realsense_build.QnlPXc/install/realsense2_camera_msgs/lib/python3.8/site-packages/realsense2_camera_msgs/srv/_device_info.py
-- Up-to-date: /tmp/boomboomfly_g3_realsense_build.QnlPXc/install/realsense2_camera_msgs/lib/python3.8/site-packages/realsense2_camera_msgs/srv/_device_info_s.c
-- Up-to-date: /tmp/boomboomfly_g3_realsense_build.QnlPXc/install/realsense2_camera_msgs/lib/python3.8/site-packages/realsense2_camera_msgs/srv/__init__.py
-- Up-to-date: /tmp/boomboomfly_g3_realsense_build.QnlPXc/install/realsense2_camera_msgs/lib/python3.8/site-packages/realsense2_camera_msgs/realsense2_camera_msgs_s__rosidl_typesupport_fastrtps_c.cpython-38-aarch64-linux-gnu.so
-- Up-to-date: /tmp/boomboomfly_g3_realsense_build.QnlPXc/install/realsense2_camera_msgs/lib/python3.8/site-packages/realsense2_camera_msgs/realsense2_camera_msgs_s__rosidl_typesupport_introspection_c.cpython-38-aarch64-linux-gnu.so
-- Up-to-date: /tmp/boomboomfly_g3_realsense_build.QnlPXc/install/realsense2_camera_msgs/lib/python3.8/site-packages/realsense2_camera_msgs/realsense2_camera_msgs_s__rosidl_typesupport_c.cpython-38-aarch64-linux-gnu.so
-- Up-to-date: /tmp/boomboomfly_g3_realsense_build.QnlPXc/install/realsense2_camera_msgs/lib/librealsense2_camera_msgs__python.so
-- Up-to-date: /tmp/boomboomfly_g3_realsense_build.QnlPXc/install/realsense2_camera_msgs/share/realsense2_camera_msgs/msg/IMUInfo.idl
-- Up-to-date: /tmp/boomboomfly_g3_realsense_build.QnlPXc/install/realsense2_camera_msgs/share/realsense2_camera_msgs/msg/Extrinsics.idl
-- Up-to-date: /tmp/boomboomfly_g3_realsense_build.QnlPXc/install/realsense2_camera_msgs/share/realsense2_camera_msgs/msg/Metadata.idl
-- Up-to-date: /tmp/boomboomfly_g3_realsense_build.QnlPXc/install/realsense2_camera_msgs/share/realsense2_camera_msgs/srv/DeviceInfo.idl
-- Up-to-date: /tmp/boomboomfly_g3_realsense_build.QnlPXc/install/realsense2_camera_msgs/share/realsense2_camera_msgs/msg/IMUInfo.msg
-- Up-to-date: /tmp/boomboomfly_g3_realsense_build.QnlPXc/install/realsense2_camera_msgs/share/realsense2_camera_msgs/msg/Extrinsics.msg
-- Up-to-date: /tmp/boomboomfly_g3_realsense_build.QnlPXc/install/realsense2_camera_msgs/share/realsense2_camera_msgs/msg/Metadata.msg
-- Up-to-date: /tmp/boomboomfly_g3_realsense_build.QnlPXc/install/realsense2_camera_msgs/share/realsense2_camera_msgs/srv/DeviceInfo.srv
-- Up-to-date: /tmp/boomboomfly_g3_realsense_build.QnlPXc/install/realsense2_camera_msgs/share/realsense2_camera_msgs/srv/DeviceInfo_Request.msg
-- Up-to-date: /tmp/boomboomfly_g3_realsense_build.QnlPXc/install/realsense2_camera_msgs/share/realsense2_camera_msgs/srv/DeviceInfo_Response.msg
-- Up-to-date: /tmp/boomboomfly_g3_realsense_build.QnlPXc/install/realsense2_camera_msgs/share/ament_index/resource_index/package_run_dependencies/realsense2_camera_msgs
-- Up-to-date: /tmp/boomboomfly_g3_realsense_build.QnlPXc/install/realsense2_camera_msgs/share/ament_index/resource_index/parent_prefix_path/realsense2_camera_msgs
-- Up-to-date: /tmp/boomboomfly_g3_realsense_build.QnlPXc/install/realsense2_camera_msgs/share/realsense2_camera_msgs/environment/ament_prefix_path.sh
-- Up-to-date: /tmp/boomboomfly_g3_realsense_build.QnlPXc/install/realsense2_camera_msgs/share/realsense2_camera_msgs/environment/ament_prefix_path.dsv
-- Up-to-date: /tmp/boomboomfly_g3_realsense_build.QnlPXc/install/realsense2_camera_msgs/share/realsense2_camera_msgs/environment/path.sh
-- Up-to-date: /tmp/boomboomfly_g3_realsense_build.QnlPXc/install/realsense2_camera_msgs/share/realsense2_camera_msgs/environment/path.dsv
-- Up-to-date: /tmp/boomboomfly_g3_realsense_build.QnlPXc/install/realsense2_camera_msgs/share/realsense2_camera_msgs/local_setup.bash
-- Up-to-date: /tmp/boomboomfly_g3_realsense_build.QnlPXc/install/realsense2_camera_msgs/share/realsense2_camera_msgs/local_setup.sh
-- Up-to-date: /tmp/boomboomfly_g3_realsense_build.QnlPXc/install/realsense2_camera_msgs/share/realsense2_camera_msgs/local_setup.zsh
-- Up-to-date: /tmp/boomboomfly_g3_realsense_build.QnlPXc/install/realsense2_camera_msgs/share/realsense2_camera_msgs/local_setup.dsv
-- Installing: /tmp/boomboomfly_g3_realsense_build.QnlPXc/install/realsense2_camera_msgs/share/realsense2_camera_msgs/package.dsv
-- Up-to-date: /tmp/boomboomfly_g3_realsense_build.QnlPXc/install/realsense2_camera_msgs/share/ament_index/resource_index/packages/realsense2_camera_msgs
-- Up-to-date: /tmp/boomboomfly_g3_realsense_build.QnlPXc/install/realsense2_camera_msgs/share/realsense2_camera_msgs/cmake/realsense2_camera_msgs__rosidl_generator_cExport.cmake
-- Up-to-date: /tmp/boomboomfly_g3_realsense_build.QnlPXc/install/realsense2_camera_msgs/share/realsense2_camera_msgs/cmake/realsense2_camera_msgs__rosidl_generator_cExport-release.cmake
-- Up-to-date: /tmp/boomboomfly_g3_realsense_build.QnlPXc/install/realsense2_camera_msgs/share/realsense2_camera_msgs/cmake/realsense2_camera_msgs__rosidl_typesupport_introspection_cExport.cmake
-- Up-to-date: /tmp/boomboomfly_g3_realsense_build.QnlPXc/install/realsense2_camera_msgs/share/realsense2_camera_msgs/cmake/realsense2_camera_msgs__rosidl_typesupport_introspection_cExport-release.cmake
-- Up-to-date: /tmp/boomboomfly_g3_realsense_build.QnlPXc/install/realsense2_camera_msgs/share/realsense2_camera_msgs/cmake/realsense2_camera_msgs__rosidl_typesupport_cExport.cmake
-- Up-to-date: /tmp/boomboomfly_g3_realsense_build.QnlPXc/install/realsense2_camera_msgs/share/realsense2_camera_msgs/cmake/realsense2_camera_msgs__rosidl_typesupport_cExport-release.cmake
-- Up-to-date: /tmp/boomboomfly_g3_realsense_build.QnlPXc/install/realsense2_camera_msgs/share/realsense2_camera_msgs/cmake/realsense2_camera_msgs__rosidl_generator_cppExport.cmake
-- Up-to-date: /tmp/boomboomfly_g3_realsense_build.QnlPXc/install/realsense2_camera_msgs/share/realsense2_camera_msgs/cmake/realsense2_camera_msgs__rosidl_typesupport_introspection_cppExport.cmake
-- Up-to-date: /tmp/boomboomfly_g3_realsense_build.QnlPXc/install/realsense2_camera_msgs/share/realsense2_camera_msgs/cmake/realsense2_camera_msgs__rosidl_typesupport_introspection_cppExport-release.cmake
-- Up-to-date: /tmp/boomboomfly_g3_realsense_build.QnlPXc/install/realsense2_camera_msgs/share/realsense2_camera_msgs/cmake/realsense2_camera_msgs__rosidl_typesupport_cppExport.cmake
-- Up-to-date: /tmp/boomboomfly_g3_realsense_build.QnlPXc/install/realsense2_camera_msgs/share/realsense2_camera_msgs/cmake/realsense2_camera_msgs__rosidl_typesupport_cppExport-release.cmake
-- Up-to-date: /tmp/boomboomfly_g3_realsense_build.QnlPXc/install/realsense2_camera_msgs/share/realsense2_camera_msgs/cmake/rosidl_cmake-extras.cmake
-- Up-to-date: /tmp/boomboomfly_g3_realsense_build.QnlPXc/install/realsense2_camera_msgs/share/realsense2_camera_msgs/cmake/ament_cmake_export_dependencies-extras.cmake
-- Up-to-date: /tmp/boomboomfly_g3_realsense_build.QnlPXc/install/realsense2_camera_msgs/share/realsense2_camera_msgs/cmake/ament_cmake_export_libraries-extras.cmake
-- Up-to-date: /tmp/boomboomfly_g3_realsense_build.QnlPXc/install/realsense2_camera_msgs/share/realsense2_camera_msgs/cmake/ament_cmake_export_targets-extras.cmake
-- Up-to-date: /tmp/boomboomfly_g3_realsense_build.QnlPXc/install/realsense2_camera_msgs/share/realsense2_camera_msgs/cmake/ament_cmake_export_include_directories-extras.cmake
-- Up-to-date: /tmp/boomboomfly_g3_realsense_build.QnlPXc/install/realsense2_camera_msgs/share/realsense2_camera_msgs/cmake/rosidl_cmake_export_typesupport_libraries-extras.cmake
-- Up-to-date: /tmp/boomboomfly_g3_realsense_build.QnlPXc/install/realsense2_camera_msgs/share/realsense2_camera_msgs/cmake/rosidl_cmake_export_typesupport_targets-extras.cmake
-- Up-to-date: /tmp/boomboomfly_g3_realsense_build.QnlPXc/install/realsense2_camera_msgs/share/realsense2_camera_msgs/cmake/realsense2_camera_msgsConfig.cmake
-- Up-to-date: /tmp/boomboomfly_g3_realsense_build.QnlPXc/install/realsense2_camera_msgs/share/realsense2_camera_msgs/cmake/realsense2_camera_msgsConfig-version.cmake
-- Up-to-date: /tmp/boomboomfly_g3_realsense_build.QnlPXc/install/realsense2_camera_msgs/share/realsense2_camera_msgs/package.xml
Finished <<< realsense2_camera_msgs [0.72s]
-- Check for working CXX compiler: /usr/bin/c++ -- works
-- Detecting CXX compiler ABI info
-- Detecting CXX compiler ABI info - done
-- Detecting CXX compile features
-- Detecting CXX compile features - done
-- Found ament_cmake_ros: 0.9.2 (/opt/ros/foxy/share/ament_cmake_ros/cmake)
-- Found PythonInterp: /usr/bin/python3 (found suitable version "3.8.10", minimum required is "3")
-- Using PYTHON_EXECUTABLE: /usr/bin/python3
-- Found PythonLibs: /usr/lib/aarch64-linux-gnu/libpython3.8.so (found version "3.8.10")
-- Boost_VERSION_STRING: 1.71.0
-- Found Boost: /usr/lib/aarch64-linux-gnu/cmake/Boost-1.71.0/BoostConfig.cmake (found version "1.71.0") found components: python38
-- Found rcpputils: 1.3.2 (/opt/ros/foxy/share/rcpputils/cmake)
-- Found sensor_msgs: 2.0.5 (/opt/ros/foxy/share/sensor_msgs/cmake)
-- Using all available rosidl_typesupport_c: rosidl_typesupport_fastrtps_c;rosidl_typesupport_introspection_c
-- Found rosidl_adapter: 1.3.1 (/opt/ros/foxy/share/rosidl_adapter/cmake)
-- Found OpenSSL: /usr/lib/aarch64-linux-gnu/libcrypto.so (found version "1.1.1f")
-- Found FastRTPS: /opt/ros/foxy/include
-- Using all available rosidl_typesupport_cpp: rosidl_typesupport_fastrtps_cpp;rosidl_typesupport_introspection_cpp
-- Performing Test COMPILER_HAS_HIDDEN_VISIBILITY
-- Performing Test COMPILER_HAS_HIDDEN_VISIBILITY - Success
-- Performing Test COMPILER_HAS_HIDDEN_INLINE_VISIBILITY
-- Performing Test COMPILER_HAS_HIDDEN_INLINE_VISIBILITY - Success
-- Performing Test COMPILER_HAS_DEPRECATED_ATTR
-- Performing Test COMPILER_HAS_DEPRECATED_ATTR - Success
-- Found PythonInterp: /usr/bin/python3 (found version "3.8.10")
-- Found PythonLibs: /usr/lib/aarch64-linux-gnu/libpython3.8.so (found suitable version "3.8.10", minimum required is "3.8")
-- Found ament_lint_auto: 0.9.8 (/opt/ros/foxy/share/ament_lint_auto/cmake)
-- Found gtest sources under '/opt/ros/foxy/src/gtest_vendor': C++ tests using 'Google Test' will be built
-- Looking for pthread.h
-- Looking for pthread.h - found
-- Performing Test CMAKE_HAVE_LIBC_PTHREAD
-- Performing Test CMAKE_HAVE_LIBC_PTHREAD - Failed
-- Check if compiler accepts -pthread
-- Check if compiler accepts -pthread - yes
-- Found Threads: TRUE
-- Configuring done
-- Generating done
CMake Warning:
  Manually-specified variables were not used by the project:

    realsense2_DIR


-- Build files have been written to: /tmp/boomboomfly_g3_realsense_build.QnlPXc/build/cv_bridge
Scanning dependencies of target gtest_main
Scanning dependencies of target gtest
[ 12%] Building CXX object gtest/CMakeFiles/gtest_main.dir/src/gtest_main.cc.o
[ 12%] Building CXX object gtest/CMakeFiles/gtest.dir/src/gtest-all.cc.o
Scanning dependencies of target cv_bridge
[ 25%] Building CXX object src/CMakeFiles/cv_bridge.dir/cv_bridge.cpp.o
[ 25%] Building CXX object src/CMakeFiles/cv_bridge.dir/rgb_colors.cpp.o
[ 31%] Linking CXX static library libgtest_main.a
[ 31%] Built target gtest_main
[ 37%] Linking CXX shared library libcv_bridge.so
[ 37%] Built target cv_bridge
Scanning dependencies of target cv_bridge_boost
[ 50%] Building CXX object src/CMakeFiles/cv_bridge_boost.dir/module_opencv3.cpp.o
[ 50%] Building CXX object src/CMakeFiles/cv_bridge_boost.dir/module.cpp.o
[ 56%] Linking CXX static library libgtest.a
[ 56%] Built target gtest
Scanning dependencies of target cv_bridge-utest
[ 68%] Building CXX object test/CMakeFiles/cv_bridge-utest.dir/test_compression.cpp.o
[ 68%] Building CXX object test/CMakeFiles/cv_bridge-utest.dir/test_endian.cpp.o
[ 75%] Building CXX object test/CMakeFiles/cv_bridge-utest.dir/utest.cpp.o
[ 81%] Building CXX object test/CMakeFiles/cv_bridge-utest.dir/utest2.cpp.o
[ 87%] Building CXX object test/CMakeFiles/cv_bridge-utest.dir/test_rgb_colors.cpp.o
[Processing: cv_bridge]
[ 93%] Linking CXX shared library boost/cv_bridge_boost.so
[ 93%] Built target cv_bridge_boost
[100%] Linking CXX executable cv_bridge-utest
[100%] Built target cv_bridge-utest
-- Install configuration: "Release"
-- Installing: /tmp/boomboomfly_g3_realsense_build.QnlPXc/install/cv_bridge/share/cv_bridge/environment/pythonpath.sh
-- Installing: /tmp/boomboomfly_g3_realsense_build.QnlPXc/install/cv_bridge/share/cv_bridge/environment/pythonpath.dsv
-- Installing: /tmp/boomboomfly_g3_realsense_build.QnlPXc/install/cv_bridge/lib/python3.8/site-packages/cv_bridge
-- Installing: /tmp/boomboomfly_g3_realsense_build.QnlPXc/install/cv_bridge/lib/python3.8/site-packages/cv_bridge/core.py
-- Installing: /tmp/boomboomfly_g3_realsense_build.QnlPXc/install/cv_bridge/lib/python3.8/site-packages/cv_bridge/__init__.py
Listing '/tmp/boomboomfly_g3_realsense_build.QnlPXc/install/cv_bridge/lib/python3.8/site-packages/cv_bridge'...
Compiling '/tmp/boomboomfly_g3_realsense_build.QnlPXc/install/cv_bridge/lib/python3.8/site-packages/cv_bridge/__init__.py'...
Compiling '/tmp/boomboomfly_g3_realsense_build.QnlPXc/install/cv_bridge/lib/python3.8/site-packages/cv_bridge/core.py'...
-- Installing: /tmp/boomboomfly_g3_realsense_build.QnlPXc/install/cv_bridge/share/cv_bridge/environment/library_path.sh
-- Installing: /tmp/boomboomfly_g3_realsense_build.QnlPXc/install/cv_bridge/share/cv_bridge/environment/library_path.dsv
-- Installing: /tmp/boomboomfly_g3_realsense_build.QnlPXc/install/cv_bridge/include/cv_bridge
-- Installing: /tmp/boomboomfly_g3_realsense_build.QnlPXc/install/cv_bridge/include/cv_bridge/rgb_colors.h
-- Installing: /tmp/boomboomfly_g3_realsense_build.QnlPXc/install/cv_bridge/include/cv_bridge/cv_bridge.h
-- Installing: /tmp/boomboomfly_g3_realsense_build.QnlPXc/install/cv_bridge/lib/libcv_bridge.so
-- Set runtime path of "/tmp/boomboomfly_g3_realsense_build.QnlPXc/install/cv_bridge/lib/libcv_bridge.so" to ""
-- Installing: /tmp/boomboomfly_g3_realsense_build.QnlPXc/install/cv_bridge/share/ament_index/resource_index/package_run_dependencies/cv_bridge
-- Installing: /tmp/boomboomfly_g3_realsense_build.QnlPXc/install/cv_bridge/share/ament_index/resource_index/parent_prefix_path/cv_bridge
-- Installing: /tmp/boomboomfly_g3_realsense_build.QnlPXc/install/cv_bridge/share/cv_bridge/environment/ament_prefix_path.sh
-- Installing: /tmp/boomboomfly_g3_realsense_build.QnlPXc/install/cv_bridge/share/cv_bridge/environment/ament_prefix_path.dsv
-- Installing: /tmp/boomboomfly_g3_realsense_build.QnlPXc/install/cv_bridge/share/cv_bridge/environment/path.sh
-- Installing: /tmp/boomboomfly_g3_realsense_build.QnlPXc/install/cv_bridge/share/cv_bridge/environment/path.dsv
-- Installing: /tmp/boomboomfly_g3_realsense_build.QnlPXc/install/cv_bridge/share/cv_bridge/local_setup.bash
-- Installing: /tmp/boomboomfly_g3_realsense_build.QnlPXc/install/cv_bridge/share/cv_bridge/local_setup.sh
-- Installing: /tmp/boomboomfly_g3_realsense_build.QnlPXc/install/cv_bridge/share/cv_bridge/local_setup.zsh
-- Installing: /tmp/boomboomfly_g3_realsense_build.QnlPXc/install/cv_bridge/share/cv_bridge/local_setup.dsv
-- Installing: /tmp/boomboomfly_g3_realsense_build.QnlPXc/install/cv_bridge/share/cv_bridge/package.dsv
-- Installing: /tmp/boomboomfly_g3_realsense_build.QnlPXc/install/cv_bridge/share/ament_index/resource_index/packages/cv_bridge
-- Installing: /tmp/boomboomfly_g3_realsense_build.QnlPXc/install/cv_bridge/share/cv_bridge/cmake/cv_bridge-extras.cmake
-- Installing: /tmp/boomboomfly_g3_realsense_build.QnlPXc/install/cv_bridge/share/cv_bridge/cmake/ament_cmake_export_dependencies-extras.cmake
-- Installing: /tmp/boomboomfly_g3_realsense_build.QnlPXc/install/cv_bridge/share/cv_bridge/cmake/ament_cmake_export_include_directories-extras.cmake
-- Installing: /tmp/boomboomfly_g3_realsense_build.QnlPXc/install/cv_bridge/share/cv_bridge/cmake/ament_cmake_export_libraries-extras.cmake
-- Installing: /tmp/boomboomfly_g3_realsense_build.QnlPXc/install/cv_bridge/share/cv_bridge/cmake/cv_bridgeConfig.cmake
-- Installing: /tmp/boomboomfly_g3_realsense_build.QnlPXc/install/cv_bridge/share/cv_bridge/cmake/cv_bridgeConfig-version.cmake
-- Installing: /tmp/boomboomfly_g3_realsense_build.QnlPXc/install/cv_bridge/share/cv_bridge/package.xml
-- Up-to-date: /tmp/boomboomfly_g3_realsense_build.QnlPXc/install/cv_bridge/lib/libcv_bridge.so
-- Installing: /tmp/boomboomfly_g3_realsense_build.QnlPXc/install/cv_bridge/include/cv_bridge/cv_bridge_export.h
-- Installing: /tmp/boomboomfly_g3_realsense_build.QnlPXc/install/cv_bridge/lib/python3.8/site-packages/cv_bridge/boost/cv_bridge_boost.so
-- Set runtime path of "/tmp/boomboomfly_g3_realsense_build.QnlPXc/install/cv_bridge/lib/python3.8/site-packages/cv_bridge/boost/cv_bridge_boost.so" to ""
--- stderr: cv_bridge
CMake Warning:
  Manually-specified variables were not used by the project:

    realsense2_DIR


---
Finished <<< cv_bridge [40.3s]
Starting >>> realsense2_camera
-- Create Release Build.
-- Found ament_cmake: 0.9.12 (/opt/ros/foxy/share/ament_cmake/cmake)
-- Using PYTHON_EXECUTABLE: /usr/bin/python3
-- Found builtin_interfaces: 1.0.0 (/opt/ros/foxy/share/builtin_interfaces/cmake)
-- Using all available rosidl_typesupport_c: rosidl_typesupport_fastrtps_c;rosidl_typesupport_introspection_c
-- Found rosidl_adapter: 1.3.1 (/opt/ros/foxy/share/rosidl_adapter/cmake)
-- Using all available rosidl_typesupport_cpp: rosidl_typesupport_fastrtps_cpp;rosidl_typesupport_introspection_cpp
-- Found cv_bridge: 3.0.7 (/tmp/boomboomfly_g3_realsense_build.QnlPXc/install/cv_bridge/share/cv_bridge/cmake)
-- Found image_transport: 2.4.0 (/opt/ros/foxy/share/image_transport/cmake)
-- Found rmw_implementation_cmake: 1.0.4 (/opt/ros/foxy/share/rmw_implementation_cmake/cmake)
-- Using RMW implementation 'rmw_fastrtps_cpp' as default
-- Looking for pthread.h
-- Looking for pthread.h - found
-- Performing Test CMAKE_HAVE_LIBC_PTHREAD
-- Performing Test CMAKE_HAVE_LIBC_PTHREAD - Failed
-- Looking for pthread_create in pthreads
-- Looking for pthread_create in pthreads - not found
-- Looking for pthread_create in pthread
-- Looking for pthread_create in pthread - found
-- Found Threads: TRUE
-- Found rclcpp_components: 2.4.3 (/opt/ros/foxy/share/rclcpp_components/cmake)
-- Found realsense2_camera_msgs: 4.0.4 (/tmp/boomboomfly_g3_realsense_build.QnlPXc/install/realsense2_camera_msgs/share/realsense2_camera_msgs/cmake)
-- Found nav_msgs: 2.0.5 (/opt/ros/foxy/share/nav_msgs/cmake)
-- Found tf2_ros: 0.13.14 (/opt/ros/foxy/share/tf2_ros/cmake)
-- Found diagnostic_updater: 3.1.2 (/opt/ros/foxy/share/diagnostic_updater/cmake)
-- Build for ROS2 Foxy
-- Found ament_lint_auto: 0.9.8 (/opt/ros/foxy/share/ament_lint_auto/cmake)
-- Found OpenCV: /usr/local (found version "4.8.0")
-- Added test 'copyright' to check source files copyright and LICENSE
-- Added test 'cppcheck' to perform static code analysis on C / C++ code
-- Configured cppcheck include dirs: /tmp/boomboomfly_g3_realsense_build.QnlPXc/src/realsense2_camera/include
-- Configured cppcheck exclude dirs and/or files:
-- Added test 'cpplint' to check C / C++ code against the Google style
-- Configured cpplint exclude dirs and/or files:
-- Added test 'flake8' to check Python code syntax and style conventions
-- Added test 'lint_cmake' to check CMake code style
-- Added test 'pep257' to check Python code against some of the style conventions in PEP 257
-- Added test 'uncrustify' to check C / C++ code style
-- Configured uncrustify additional arguments:
-- Added test 'xmllint' to check XML markup files
-- Configuring done
-- Generating done
-- Build files have been written to: /tmp/boomboomfly_g3_realsense_build.QnlPXc/build/realsense2_camera
Scanning dependencies of target realsense2_camera_node
[  6%] Building CXX object CMakeFiles/realsense2_camera_node.dir/rclcpp_components/node_main_realsense2_camera_node.cpp.o
Scanning dependencies of target realsense2_camera
[ 25%] Building CXX object CMakeFiles/realsense2_camera.dir/src/base_realsense_node.cpp.o
[ 25%] Building CXX object CMakeFiles/realsense2_camera.dir/src/realsense_node_factory.cpp.o
[ 25%] Building CXX object CMakeFiles/realsense2_camera.dir/src/t265_realsense_node.cpp.o
[ 31%] Building CXX object CMakeFiles/realsense2_camera.dir/src/parameters.cpp.o
[ 37%] Building CXX object CMakeFiles/realsense2_camera.dir/src/rs_node_setup.cpp.o
[ 43%] Linking CXX executable realsense2_camera_node
[ 43%] Built target realsense2_camera_node
[ 50%] Building CXX object CMakeFiles/realsense2_camera.dir/src/ros_sensor.cpp.o
[ 56%] Building CXX object CMakeFiles/realsense2_camera.dir/src/ros_utils.cpp.o
[ 62%] Building CXX object CMakeFiles/realsense2_camera.dir/src/dynamic_params.cpp.o
[ 68%] Building CXX object CMakeFiles/realsense2_camera.dir/src/sensor_params.cpp.o
[Processing: realsense2_camera]
[ 75%] Building CXX object CMakeFiles/realsense2_camera.dir/src/named_filter.cpp.o
[ 81%] Building CXX object CMakeFiles/realsense2_camera.dir/src/profile_manager.cpp.o
[ 87%] Building CXX object CMakeFiles/realsense2_camera.dir/src/image_publisher.cpp.o
[ 93%] Building CXX object CMakeFiles/realsense2_camera.dir/src/ros_param_backend_foxy.cpp.o
[100%] Linking CXX shared library librealsense2_camera.so
[100%] Built target realsense2_camera
[Processing: realsense2_camera]
-- Install configuration: "Release"
-- Installing: /tmp/boomboomfly_g3_realsense_build.QnlPXc/install/realsense2_camera/lib/realsense2_camera/realsense2_camera_node
-- Set runtime path of "/tmp/boomboomfly_g3_realsense_build.QnlPXc/install/realsense2_camera/lib/realsense2_camera/realsense2_camera_node" to ""
-- Installing: /tmp/boomboomfly_g3_realsense_build.QnlPXc/install/realsense2_camera/lib/librealsense2_camera.so
-- Set runtime path of "/tmp/boomboomfly_g3_realsense_build.QnlPXc/install/realsense2_camera/lib/librealsense2_camera.so" to ""
-- Installing: /tmp/boomboomfly_g3_realsense_build.QnlPXc/install/realsense2_camera/include
-- Installing: /tmp/boomboomfly_g3_realsense_build.QnlPXc/install/realsense2_camera/include/ros_param_backend.h
-- Installing: /tmp/boomboomfly_g3_realsense_build.QnlPXc/install/realsense2_camera/include/realsense_node_factory.h
-- Installing: /tmp/boomboomfly_g3_realsense_build.QnlPXc/install/realsense2_camera/include/image_publisher.h
-- Installing: /tmp/boomboomfly_g3_realsense_build.QnlPXc/install/realsense2_camera/include/constants.h
-- Installing: /tmp/boomboomfly_g3_realsense_build.QnlPXc/install/realsense2_camera/include/sensor_params.h
-- Installing: /tmp/boomboomfly_g3_realsense_build.QnlPXc/install/realsense2_camera/include/dynamic_params.h
-- Installing: /tmp/boomboomfly_g3_realsense_build.QnlPXc/install/realsense2_camera/include/ros_sensor.h
-- Installing: /tmp/boomboomfly_g3_realsense_build.QnlPXc/install/realsense2_camera/include/t265_realsense_node.h
-- Installing: /tmp/boomboomfly_g3_realsense_build.QnlPXc/install/realsense2_camera/include/profile_manager.h
-- Installing: /tmp/boomboomfly_g3_realsense_build.QnlPXc/install/realsense2_camera/include/base_realsense_node.h
-- Installing: /tmp/boomboomfly_g3_realsense_build.QnlPXc/install/realsense2_camera/include/ros_utils.h
-- Installing: /tmp/boomboomfly_g3_realsense_build.QnlPXc/install/realsense2_camera/include/named_filter.h
-- Installing: /tmp/boomboomfly_g3_realsense_build.QnlPXc/install/realsense2_camera/share/realsense2_camera/launch
-- Installing: /tmp/boomboomfly_g3_realsense_build.QnlPXc/install/realsense2_camera/share/realsense2_camera/launch/rs_d400_and_t265_launch.py
-- Installing: /tmp/boomboomfly_g3_realsense_build.QnlPXc/install/realsense2_camera/share/realsense2_camera/launch/default.rviz
-- Installing: /tmp/boomboomfly_g3_realsense_build.QnlPXc/install/realsense2_camera/share/realsense2_camera/launch/rs_multi_camera_launch.py
-- Installing: /tmp/boomboomfly_g3_realsense_build.QnlPXc/install/realsense2_camera/share/realsense2_camera/launch/rs_intra_process_demo_launch.py
-- Installing: /tmp/boomboomfly_g3_realsense_build.QnlPXc/install/realsense2_camera/share/realsense2_camera/launch/rs_launch.py
-- Installing: /tmp/boomboomfly_g3_realsense_build.QnlPXc/install/realsense2_camera/share/realsense2_camera/environment/library_path.sh
-- Installing: /tmp/boomboomfly_g3_realsense_build.QnlPXc/install/realsense2_camera/share/realsense2_camera/environment/library_path.dsv
-- Installing: /tmp/boomboomfly_g3_realsense_build.QnlPXc/install/realsense2_camera/share/ament_index/resource_index/package_run_dependencies/realsense2_camera
-- Installing: /tmp/boomboomfly_g3_realsense_build.QnlPXc/install/realsense2_camera/share/ament_index/resource_index/parent_prefix_path/realsense2_camera
-- Installing: /tmp/boomboomfly_g3_realsense_build.QnlPXc/install/realsense2_camera/share/realsense2_camera/environment/ament_prefix_path.sh
-- Installing: /tmp/boomboomfly_g3_realsense_build.QnlPXc/install/realsense2_camera/share/realsense2_camera/environment/ament_prefix_path.dsv
-- Installing: /tmp/boomboomfly_g3_realsense_build.QnlPXc/install/realsense2_camera/share/realsense2_camera/environment/path.sh
-- Installing: /tmp/boomboomfly_g3_realsense_build.QnlPXc/install/realsense2_camera/share/realsense2_camera/environment/path.dsv
-- Installing: /tmp/boomboomfly_g3_realsense_build.QnlPXc/install/realsense2_camera/share/realsense2_camera/local_setup.bash
-- Installing: /tmp/boomboomfly_g3_realsense_build.QnlPXc/install/realsense2_camera/share/realsense2_camera/local_setup.sh
-- Installing: /tmp/boomboomfly_g3_realsense_build.QnlPXc/install/realsense2_camera/share/realsense2_camera/local_setup.zsh
-- Installing: /tmp/boomboomfly_g3_realsense_build.QnlPXc/install/realsense2_camera/share/realsense2_camera/local_setup.dsv
-- Installing: /tmp/boomboomfly_g3_realsense_build.QnlPXc/install/realsense2_camera/share/realsense2_camera/package.dsv
-- Installing: /tmp/boomboomfly_g3_realsense_build.QnlPXc/install/realsense2_camera/share/ament_index/resource_index/packages/realsense2_camera
-- Installing: /tmp/boomboomfly_g3_realsense_build.QnlPXc/install/realsense2_camera/share/ament_index/resource_index/rclcpp_components/realsense2_camera
-- Installing: /tmp/boomboomfly_g3_realsense_build.QnlPXc/install/realsense2_camera/share/realsense2_camera/cmake/ament_cmake_export_include_directories-extras.cmake
-- Installing: /tmp/boomboomfly_g3_realsense_build.QnlPXc/install/realsense2_camera/share/realsense2_camera/cmake/ament_cmake_export_libraries-extras.cmake
-- Installing: /tmp/boomboomfly_g3_realsense_build.QnlPXc/install/realsense2_camera/share/realsense2_camera/cmake/ament_cmake_export_dependencies-extras.cmake
-- Installing: /tmp/boomboomfly_g3_realsense_build.QnlPXc/install/realsense2_camera/share/realsense2_camera/cmake/realsense2_cameraConfig.cmake
-- Installing: /tmp/boomboomfly_g3_realsense_build.QnlPXc/install/realsense2_camera/share/realsense2_camera/cmake/realsense2_cameraConfig-version.cmake
-- Installing: /tmp/boomboomfly_g3_realsense_build.QnlPXc/install/realsense2_camera/share/realsense2_camera/package.xml
Finished <<< realsense2_camera [1min 1s]

Summary: 3 packages finished [1min 41s]
  1 package had stderr output: cv_bridge
