Starting >>> realsense2_camera_msgs
-- The C compiler identification is GNU 9.4.0
-- The CXX compiler identification is GNU 9.4.0
-- Check for working C compiler: /usr/bin/cc
-- Check for working C compiler: /usr/bin/cc -- works
-- Detecting C compiler ABI info
-- Detecting C compiler ABI info - done
-- Detecting C compile features
-- Detecting C compile features - done
-- Check for working CXX compiler: /usr/bin/c++
-- Check for working CXX compiler: /usr/bin/c++ -- works
-- Detecting CXX compiler ABI info
-- Detecting CXX compiler ABI info - done
-- Detecting CXX compile features
-- Detecting CXX compile features - done
-- Found ament_cmake: 0.9.12 (/opt/ros/foxy/share/ament_cmake/cmake)
-- Found PythonInterp: /usr/bin/python3 (found suitable version "3.8.10", minimum required is "3")
-- Using PYTHON_EXECUTABLE: /usr/bin/python3
-- Found rosidl_default_generators: 1.0.1 (/opt/ros/foxy/share/rosidl_default_generators/cmake)
-- Using all available rosidl_typesupport_c: rosidl_typesupport_fastrtps_c;rosidl_typesupport_introspection_c
-- Found rosidl_adapter: 1.3.1 (/opt/ros/foxy/share/rosidl_adapter/cmake)
-- Found OpenSSL: /usr/lib/aarch64-linux-gnu/libcrypto.so (found version "1.1.1f")
-- Found FastRTPS: /opt/ros/foxy/include
-- Using all available rosidl_typesupport_cpp: rosidl_typesupport_fastrtps_cpp;rosidl_typesupport_introspection_cpp
-- Found builtin_interfaces: 1.0.0 (/opt/ros/foxy/share/builtin_interfaces/cmake)
-- Found std_msgs: 2.0.5 (/opt/ros/foxy/share/std_msgs/cmake)
-- Found PythonInterp: /usr/bin/python3 (found version "3.8.10")
-- Found ament_cmake_cppcheck: 0.9.8 (/opt/ros/foxy/share/ament_cmake_cppcheck/cmake)
-- Found ament_cmake_cpplint: 0.9.8 (/opt/ros/foxy/share/ament_cmake_cpplint/cmake)
-- Found ament_cmake_uncrustify: 0.9.8 (/opt/ros/foxy/share/ament_cmake_uncrustify/cmake)
-- Found ament_cmake_ros: 0.9.2 (/opt/ros/foxy/share/ament_cmake_ros/cmake)
-- Using all available rosidl_typesupport_c: rosidl_typesupport_fastrtps_c;rosidl_typesupport_introspection_c
-- Using all available rosidl_typesupport_cpp: rosidl_typesupport_fastrtps_cpp;rosidl_typesupport_introspection_cpp
-- Found PythonInterp: /usr/bin/python3 (found suitable version "3.8.10", minimum required is "3.5")
-- Found python_cmake_module: 0.8.1 (/opt/ros/foxy/share/python_cmake_module/cmake)
-- Found PythonLibs: /usr/lib/aarch64-linux-gnu/libpython3.8.so (found suitable version "3.8.10", minimum required is "3.5")
-- Using PYTHON_EXECUTABLE: /usr/bin/python3
-- Using PYTHON_INCLUDE_DIRS: /usr/include/python3.8
-- Using PYTHON_LIBRARIES: /usr/lib/aarch64-linux-gnu/libpython3.8.so
-- Found PythonExtra: .so
-- Found ament_cmake_flake8: 0.9.8 (/opt/ros/foxy/share/ament_cmake_flake8/cmake)
-- Found ament_cmake_pep257: 0.9.8 (/opt/ros/foxy/share/ament_cmake_pep257/cmake)
-- Configuring done
-- Generating done
CMake Warning:
  Manually-specified variables were not used by the project:

    realsense2_DIR


-- Build files have been written to: /tmp/boomboomfly_g3_realsense_build.QnlPXc/build/realsense2_camera_msgs
[  1%] Generating C code for ROS interfaces
Scanning dependencies of target realsense2_camera_msgs__cpp
[  3%] Generating C++ code for ROS interfaces
[  3%] Built target realsense2_camera_msgs__cpp
[  5%] Generating C++ type support dispatch for ROS interfaces
[  7%] Generating C++ type support for eProsima Fast-RTPS
[  9%] Generating C++ introspection for ROS interfaces
Scanning dependencies of target realsense2_camera_msgs__rosidl_generator_c
[ 12%] Building C object CMakeFiles/realsense2_camera_msgs__rosidl_generator_c.dir/rosidl_generator_c/realsense2_camera_msgs/msg/detail/imu_info__functions.c.o
[ 12%] Building C object CMakeFiles/realsense2_camera_msgs__rosidl_generator_c.dir/rosidl_generator_c/realsense2_camera_msgs/msg/detail/metadata__functions.c.o
[ 14%] Building C object CMakeFiles/realsense2_camera_msgs__rosidl_generator_c.dir/rosidl_generator_c/realsense2_camera_msgs/msg/detail/extrinsics__functions.c.o
[ 16%] Building C object CMakeFiles/realsense2_camera_msgs__rosidl_generator_c.dir/rosidl_generator_c/realsense2_camera_msgs/srv/detail/device_info__functions.c.o
[ 18%] Linking C shared library librealsense2_camera_msgs__rosidl_generator_c.so
[ 18%] Built target realsense2_camera_msgs__rosidl_generator_c
[ 21%] Generating C type support dispatch for ROS interfaces
[ 21%] Generating C introspection for ROS interfaces
Scanning dependencies of target realsense2_camera_msgs__rosidl_typesupport_cpp
[ 23%] Building CXX object CMakeFiles/realsense2_camera_msgs__rosidl_typesupport_cpp.dir/rosidl_typesupport_cpp/realsense2_camera_msgs/msg/extrinsics__type_support.cpp.o
[ 25%] Building CXX object CMakeFiles/realsense2_camera_msgs__rosidl_typesupport_cpp.dir/rosidl_typesupport_cpp/realsense2_camera_msgs/msg/imu_info__type_support.cpp.o
Scanning dependencies of target realsense2_camera_msgs__rosidl_typesupport_introspection_cpp
[ 27%] Building CXX object CMakeFiles/realsense2_camera_msgs__rosidl_typesupport_introspection_cpp.dir/rosidl_typesupport_introspection_cpp/realsense2_camera_msgs/msg/detail/imu_info__type_support.cpp.o
Scanning dependencies of target realsense2_camera_msgs__rosidl_typesupport_fastrtps_cpp
[ 29%] Building CXX object CMakeFiles/realsense2_camera_msgs__rosidl_typesupport_fastrtps_cpp.dir/rosidl_typesupport_fastrtps_cpp/realsense2_camera_msgs/msg/detail/dds_fastrtps/imu_info__type_support.cpp.o
[ 30%] Building CXX object CMakeFiles/realsense2_camera_msgs__rosidl_typesupport_cpp.dir/rosidl_typesupport_cpp/realsense2_camera_msgs/msg/metadata__type_support.cpp.o
[ 32%] Building CXX object CMakeFiles/realsense2_camera_msgs__rosidl_typesupport_cpp.dir/rosidl_typesupport_cpp/realsense2_camera_msgs/srv/device_info__type_support.cpp.o
Scanning dependencies of target realsense2_camera_msgs__rosidl_typesupport_c
[ 34%] Building CXX object CMakeFiles/realsense2_camera_msgs__rosidl_typesupport_c.dir/rosidl_typesupport_c/realsense2_camera_msgs/msg/imu_info__type_support.cpp.o
Scanning dependencies of target realsense2_camera_msgs__rosidl_typesupport_introspection_c
[ 36%] Building C object CMakeFiles/realsense2_camera_msgs__rosidl_typesupport_introspection_c.dir/rosidl_typesupport_introspection_c/realsense2_camera_msgs/msg/detail/imu_info__type_support.c.o
[ 38%] Building CXX object CMakeFiles/realsense2_camera_msgs__rosidl_typesupport_c.dir/rosidl_typesupport_c/realsense2_camera_msgs/msg/extrinsics__type_support.cpp.o
[ 40%] Building CXX object CMakeFiles/realsense2_camera_msgs__rosidl_typesupport_introspection_cpp.dir/rosidl_typesupport_introspection_cpp/realsense2_camera_msgs/msg/detail/extrinsics__type_support.cpp.o
[ 41%] Building CXX object CMakeFiles/realsense2_camera_msgs__rosidl_typesupport_c.dir/rosidl_typesupport_c/realsense2_camera_msgs/msg/metadata__type_support.cpp.o
[ 43%] Building C object CMakeFiles/realsense2_camera_msgs__rosidl_typesupport_introspection_c.dir/rosidl_typesupport_introspection_c/realsense2_camera_msgs/msg/detail/extrinsics__type_support.c.o
[ 45%] Building CXX object CMakeFiles/realsense2_camera_msgs__rosidl_typesupport_c.dir/rosidl_typesupport_c/realsense2_camera_msgs/srv/device_info__type_support.cpp.o
[ 47%] Building C object CMakeFiles/realsense2_camera_msgs__rosidl_typesupport_introspection_c.dir/rosidl_typesupport_introspection_c/realsense2_camera_msgs/msg/detail/metadata__type_support.c.o
[ 49%] Linking CXX shared library librealsense2_camera_msgs__rosidl_typesupport_c.so
[ 50%] Building C object CMakeFiles/realsense2_camera_msgs__rosidl_typesupport_introspection_c.dir/rosidl_typesupport_introspection_c/realsense2_camera_msgs/srv/detail/device_info__type_support.c.o
[ 50%] Built target realsense2_camera_msgs__rosidl_typesupport_c
[ 52%] Building CXX object CMakeFiles/realsense2_camera_msgs__rosidl_typesupport_fastrtps_cpp.dir/rosidl_typesupport_fastrtps_cpp/realsense2_camera_msgs/msg/detail/dds_fastrtps/extrinsics__type_support.cpp.o
[ 54%] Linking C shared library librealsense2_camera_msgs__rosidl_typesupport_introspection_c.so
[ 56%] Building CXX object CMakeFiles/realsense2_camera_msgs__rosidl_typesupport_fastrtps_cpp.dir/rosidl_typesupport_fastrtps_cpp/realsense2_camera_msgs/msg/detail/dds_fastrtps/metadata__type_support.cpp.o
[ 58%] Building CXX object CMakeFiles/realsense2_camera_msgs__rosidl_typesupport_introspection_cpp.dir/rosidl_typesupport_introspection_cpp/realsense2_camera_msgs/msg/detail/metadata__type_support.cpp.o
[ 58%] Built target realsense2_camera_msgs__rosidl_typesupport_introspection_c
[ 60%] Linking CXX shared library librealsense2_camera_msgs__rosidl_typesupport_cpp.so
[ 61%] Building CXX object CMakeFiles/realsense2_camera_msgs__rosidl_typesupport_introspection_cpp.dir/rosidl_typesupport_introspection_cpp/realsense2_camera_msgs/srv/detail/device_info__type_support.cpp.o
[ 61%] Built target realsense2_camera_msgs__rosidl_typesupport_cpp
[ 63%] Building CXX object CMakeFiles/realsense2_camera_msgs__rosidl_typesupport_fastrtps_cpp.dir/rosidl_typesupport_fastrtps_cpp/realsense2_camera_msgs/srv/detail/dds_fastrtps/device_info__type_support.cpp.o
[ 65%] Linking CXX shared library librealsense2_camera_msgs__rosidl_typesupport_introspection_cpp.so
[ 65%] Built target realsense2_camera_msgs__rosidl_typesupport_introspection_cpp
[ 67%] Linking CXX shared library librealsense2_camera_msgs__rosidl_typesupport_fastrtps_cpp.so
[ 67%] Built target realsense2_camera_msgs__rosidl_typesupport_fastrtps_cpp
[ 69%] Generating C type support for eProsima Fast-RTPS
Scanning dependencies of target realsense2_camera_msgs__rosidl_typesupport_fastrtps_c
[ 76%] Building CXX object CMakeFiles/realsense2_camera_msgs__rosidl_typesupport_fastrtps_c.dir/rosidl_typesupport_fastrtps_c/realsense2_camera_msgs/msg/detail/metadata__type_support_c.cpp.o
[ 76%] Building CXX object CMakeFiles/realsense2_camera_msgs__rosidl_typesupport_fastrtps_c.dir/rosidl_typesupport_fastrtps_c/realsense2_camera_msgs/msg/detail/extrinsics__type_support_c.cpp.o
[ 76%] Building CXX object CMakeFiles/realsense2_camera_msgs__rosidl_typesupport_fastrtps_c.dir/rosidl_typesupport_fastrtps_c/realsense2_camera_msgs/srv/detail/device_info__type_support_c.cpp.o
[ 76%] Building CXX object CMakeFiles/realsense2_camera_msgs__rosidl_typesupport_fastrtps_c.dir/rosidl_typesupport_fastrtps_c/realsense2_camera_msgs/msg/detail/imu_info__type_support_c.cpp.o
[ 78%] Linking CXX shared library librealsense2_camera_msgs__rosidl_typesupport_fastrtps_c.so
[ 78%] Built target realsense2_camera_msgs__rosidl_typesupport_fastrtps_c
Scanning dependencies of target realsense2_camera_msgs
[ 78%] Built target realsense2_camera_msgs
Scanning dependencies of target realsense2_camera_msgs__py
[ 80%] Generating Python code for ROS interfaces
[ 80%] Built target realsense2_camera_msgs__py
Scanning dependencies of target realsense2_camera_msgs__python
[ 87%] Building C object CMakeFiles/realsense2_camera_msgs__python.dir/rosidl_generator_py/realsense2_camera_msgs/srv/_device_info_s.c.o
[ 87%] Building C object CMakeFiles/realsense2_camera_msgs__python.dir/rosidl_generator_py/realsense2_camera_msgs/msg/_metadata_s.c.o
[ 87%] Building C object CMakeFiles/realsense2_camera_msgs__python.dir/rosidl_generator_py/realsense2_camera_msgs/msg/_extrinsics_s.c.o
[ 87%] Building C object CMakeFiles/realsense2_camera_msgs__python.dir/rosidl_generator_py/realsense2_camera_msgs/msg/_imu_info_s.c.o
[ 89%] Linking C shared library rosidl_generator_py/realsense2_camera_msgs/librealsense2_camera_msgs__python.so
[ 89%] Built target realsense2_camera_msgs__python
Scanning dependencies of target realsense2_camera_msgs__rosidl_typesupport_c__pyext
Scanning dependencies of target realsense2_camera_msgs__rosidl_typesupport_introspection_c__pyext
Scanning dependencies of target realsense2_camera_msgs__rosidl_typesupport_fastrtps_c__pyext
[ 94%] Building C object CMakeFiles/realsense2_camera_msgs__rosidl_typesupport_introspection_c__pyext.dir/rosidl_generator_py/realsense2_camera_msgs/_realsense2_camera_msgs_s.ep.rosidl_typesupport_introspection_c.c.o
[ 94%] Building C object CMakeFiles/realsense2_camera_msgs__rosidl_typesupport_c__pyext.dir/rosidl_generator_py/realsense2_camera_msgs/_realsense2_camera_msgs_s.ep.rosidl_typesupport_c.c.o
[ 94%] Building C object CMakeFiles/realsense2_camera_msgs__rosidl_typesupport_fastrtps_c__pyext.dir/rosidl_generator_py/realsense2_camera_msgs/_realsense2_camera_msgs_s.ep.rosidl_typesupport_fastrtps_c.c.o
[100%] Linking CXX shared library rosidl_generator_py/realsense2_camera_msgs/realsense2_camera_msgs_s__rosidl_typesupport_fastrtps_c.cpython-38-aarch64-linux-gnu.so
[100%] Linking C shared library rosidl_generator_py/realsense2_camera_msgs/realsense2_camera_msgs_s__rosidl_typesupport_c.cpython-38-aarch64-linux-gnu.so
[100%] Linking C shared library rosidl_generator_py/realsense2_camera_msgs/realsense2_camera_msgs_s__rosidl_typesupport_introspection_c.cpython-38-aarch64-linux-gnu.so
[100%] Built target realsense2_camera_msgs__rosidl_typesupport_introspection_c__pyext
[100%] Built target realsense2_camera_msgs__rosidl_typesupport_c__pyext
[100%] Built target realsense2_camera_msgs__rosidl_typesupport_fastrtps_c__pyext
-- Install configuration: "Release"
-- Installing: /tmp/boomboomfly_g3_realsense_build.QnlPXc/install/realsense2_camera_msgs/share/ament_index/resource_index/rosidl_interfaces/realsense2_camera_msgs
-- Installing: /tmp/boomboomfly_g3_realsense_build.QnlPXc/install/realsense2_camera_msgs/include/realsense2_camera_msgs
-- Installing: /tmp/boomboomfly_g3_realsense_build.QnlPXc/install/realsense2_camera_msgs/include/realsense2_camera_msgs/msg
-- Installing: /tmp/boomboomfly_g3_realsense_build.QnlPXc/install/realsense2_camera_msgs/include/realsense2_camera_msgs/msg/detail
-- Installing: /tmp/boomboomfly_g3_realsense_build.QnlPXc/install/realsense2_camera_msgs/include/realsense2_camera_msgs/msg/detail/metadata__functions.h
-- Installing: /tmp/boomboomfly_g3_realsense_build.QnlPXc/install/realsense2_camera_msgs/include/realsense2_camera_msgs/msg/detail/imu_info__type_support.h
-- Installing: /tmp/boomboomfly_g3_realsense_build.QnlPXc/install/realsense2_camera_msgs/include/realsense2_camera_msgs/msg/detail/extrinsics__struct.h
-- Installing: /tmp/boomboomfly_g3_realsense_build.QnlPXc/install/realsense2_camera_msgs/include/realsense2_camera_msgs/msg/detail/metadata__type_support.h
-- Installing: /tmp/boomboomfly_g3_realsense_build.QnlPXc/install/realsense2_camera_msgs/include/realsense2_camera_msgs/msg/detail/imu_info__functions.c
-- Installing: /tmp/boomboomfly_g3_realsense_build.QnlPXc/install/realsense2_camera_msgs/include/realsense2_camera_msgs/msg/detail/extrinsics__functions.c
-- Installing: /tmp/boomboomfly_g3_realsense_build.QnlPXc/install/realsense2_camera_msgs/include/realsense2_camera_msgs/msg/detail/extrinsics__type_support.h
-- Installing: /tmp/boomboomfly_g3_realsense_build.QnlPXc/install/realsense2_camera_msgs/include/realsense2_camera_msgs/msg/detail/extrinsics__functions.h
-- Installing: /tmp/boomboomfly_g3_realsense_build.QnlPXc/install/realsense2_camera_msgs/include/realsense2_camera_msgs/msg/detail/imu_info__struct.h
-- Installing: /tmp/boomboomfly_g3_realsense_build.QnlPXc/install/realsense2_camera_msgs/include/realsense2_camera_msgs/msg/detail/metadata__functions.c
-- Installing: /tmp/boomboomfly_g3_realsense_build.QnlPXc/install/realsense2_camera_msgs/include/realsense2_camera_msgs/msg/detail/metadata__struct.h
-- Installing: /tmp/boomboomfly_g3_realsense_build.QnlPXc/install/realsense2_camera_msgs/include/realsense2_camera_msgs/msg/detail/imu_info__functions.h
-- Installing: /tmp/boomboomfly_g3_realsense_build.QnlPXc/install/realsense2_camera_msgs/include/realsense2_camera_msgs/msg/rosidl_generator_c__visibility_control.h
-- Installing: /tmp/boomboomfly_g3_realsense_build.QnlPXc/install/realsense2_camera_msgs/include/realsense2_camera_msgs/msg/imu_info.h
-- Installing: /tmp/boomboomfly_g3_realsense_build.QnlPXc/install/realsense2_camera_msgs/include/realsense2_camera_msgs/msg/metadata.h
-- Installing: /tmp/boomboomfly_g3_realsense_build.QnlPXc/install/realsense2_camera_msgs/include/realsense2_camera_msgs/msg/extrinsics.h
-- Installing: /tmp/boomboomfly_g3_realsense_build.QnlPXc/install/realsense2_camera_msgs/include/realsense2_camera_msgs/srv
-- Installing: /tmp/boomboomfly_g3_realsense_build.QnlPXc/install/realsense2_camera_msgs/include/realsense2_camera_msgs/srv/device_info.h
-- Installing: /tmp/boomboomfly_g3_realsense_build.QnlPXc/install/realsense2_camera_msgs/include/realsense2_camera_msgs/srv/detail
-- Installing: /tmp/boomboomfly_g3_realsense_build.QnlPXc/install/realsense2_camera_msgs/include/realsense2_camera_msgs/srv/detail/device_info__functions.c
-- Installing: /tmp/boomboomfly_g3_realsense_build.QnlPXc/install/realsense2_camera_msgs/include/realsense2_camera_msgs/srv/detail/device_info__struct.h
-- Installing: /tmp/boomboomfly_g3_realsense_build.QnlPXc/install/realsense2_camera_msgs/include/realsense2_camera_msgs/srv/detail/device_info__functions.h
-- Installing: /tmp/boomboomfly_g3_realsense_build.QnlPXc/install/realsense2_camera_msgs/include/realsense2_camera_msgs/srv/detail/device_info__type_support.h
-- Installing: /tmp/boomboomfly_g3_realsense_build.QnlPXc/install/realsense2_camera_msgs/share/realsense2_camera_msgs/environment/library_path.sh
-- Installing: /tmp/boomboomfly_g3_realsense_build.QnlPXc/install/realsense2_camera_msgs/share/realsense2_camera_msgs/environment/library_path.dsv
-- Installing: /tmp/boomboomfly_g3_realsense_build.QnlPXc/install/realsense2_camera_msgs/lib/librealsense2_camera_msgs__rosidl_generator_c.so
-- Set runtime path of "/tmp/boomboomfly_g3_realsense_build.QnlPXc/install/realsense2_camera_msgs/lib/librealsense2_camera_msgs__rosidl_generator_c.so" to ""
-- Up-to-date: /tmp/boomboomfly_g3_realsense_build.QnlPXc/install/realsense2_camera_msgs/include/realsense2_camera_msgs
-- Up-to-date: /tmp/boomboomfly_g3_realsense_build.QnlPXc/install/realsense2_camera_msgs/include/realsense2_camera_msgs/msg
-- Up-to-date: /tmp/boomboomfly_g3_realsense_build.QnlPXc/install/realsense2_camera_msgs/include/realsense2_camera_msgs/msg/detail
-- Installing: /tmp/boomboomfly_g3_realsense_build.QnlPXc/install/realsense2_camera_msgs/include/realsense2_camera_msgs/msg/detail/imu_info__rosidl_typesupport_fastrtps_c.h
-- Installing: /tmp/boomboomfly_g3_realsense_build.QnlPXc/install/realsense2_camera_msgs/include/realsense2_camera_msgs/msg/detail/extrinsics__rosidl_typesupport_fastrtps_c.h
-- Installing: /tmp/boomboomfly_g3_realsense_build.QnlPXc/install/realsense2_camera_msgs/include/realsense2_camera_msgs/msg/detail/metadata__rosidl_typesupport_fastrtps_c.h
-- Installing: /tmp/boomboomfly_g3_realsense_build.QnlPXc/install/realsense2_camera_msgs/include/realsense2_camera_msgs/msg/rosidl_typesupport_fastrtps_c__visibility_control.h
-- Up-to-date: /tmp/boomboomfly_g3_realsense_build.QnlPXc/install/realsense2_camera_msgs/include/realsense2_camera_msgs/srv
-- Up-to-date: /tmp/boomboomfly_g3_realsense_build.QnlPXc/install/realsense2_camera_msgs/include/realsense2_camera_msgs/srv/detail
-- Installing: /tmp/boomboomfly_g3_realsense_build.QnlPXc/install/realsense2_camera_msgs/include/realsense2_camera_msgs/srv/detail/device_info__rosidl_typesupport_fastrtps_c.h
-- Installing: /tmp/boomboomfly_g3_realsense_build.QnlPXc/install/realsense2_camera_msgs/lib/librealsense2_camera_msgs__rosidl_typesupport_fastrtps_c.so
-- Set runtime path of "/tmp/boomboomfly_g3_realsense_build.QnlPXc/install/realsense2_camera_msgs/lib/librealsense2_camera_msgs__rosidl_typesupport_fastrtps_c.so" to ""
-- Up-to-date: /tmp/boomboomfly_g3_realsense_build.QnlPXc/install/realsense2_camera_msgs/include/realsense2_camera_msgs
-- Up-to-date: /tmp/boomboomfly_g3_realsense_build.QnlPXc/install/realsense2_camera_msgs/include/realsense2_camera_msgs/msg
-- Up-to-date: /tmp/boomboomfly_g3_realsense_build.QnlPXc/install/realsense2_camera_msgs/include/realsense2_camera_msgs/msg/detail
-- Installing: /tmp/boomboomfly_g3_realsense_build.QnlPXc/install/realsense2_camera_msgs/include/realsense2_camera_msgs/msg/detail/dds_fastrtps
-- Installing: /tmp/boomboomfly_g3_realsense_build.QnlPXc/install/realsense2_camera_msgs/include/realsense2_camera_msgs/msg/detail/metadata__rosidl_typesupport_fastrtps_cpp.hpp
-- Installing: /tmp/boomboomfly_g3_realsense_build.QnlPXc/install/realsense2_camera_msgs/include/realsense2_camera_msgs/msg/detail/imu_info__rosidl_typesupport_fastrtps_cpp.hpp
-- Installing: /tmp/boomboomfly_g3_realsense_build.QnlPXc/install/realsense2_camera_msgs/include/realsense2_camera_msgs/msg/detail/extrinsics__rosidl_typesupport_fastrtps_cpp.hpp
-- Installing: /tmp/boomboomfly_g3_realsense_build.QnlPXc/install/realsense2_camera_msgs/include/realsense2_camera_msgs/msg/rosidl_typesupport_fastrtps_cpp__visibility_control.h
-- Up-to-date: /tmp/boomboomfly_g3_realsense_build.QnlPXc/install/realsense2_camera_msgs/include/realsense2_camera_msgs/srv
-- Up-to-date: /tmp/boomboomfly_g3_realsense_build.QnlPXc/install/realsense2_camera_msgs/include/realsense2_camera_msgs/srv/detail
-- Installing: /tmp/boomboomfly_g3_realsense_build.QnlPXc/install/realsense2_camera_msgs/include/realsense2_camera_msgs/srv/detail/dds_fastrtps
-- Installing: /tmp/boomboomfly_g3_realsense_build.QnlPXc/install/realsense2_camera_msgs/include/realsense2_camera_msgs/srv/detail/device_info__rosidl_typesupport_fastrtps_cpp.hpp
-- Installing: /tmp/boomboomfly_g3_realsense_build.QnlPXc/install/realsense2_camera_msgs/lib/librealsense2_camera_msgs__rosidl_typesupport_fastrtps_cpp.so
-- Set runtime path of "/tmp/boomboomfly_g3_realsense_build.QnlPXc/install/realsense2_camera_msgs/lib/librealsense2_camera_msgs__rosidl_typesupport_fastrtps_cpp.so" to ""
-- Up-to-date: /tmp/boomboomfly_g3_realsense_build.QnlPXc/install/realsense2_camera_msgs/include/realsense2_camera_msgs
-- Up-to-date: /tmp/boomboomfly_g3_realsense_build.QnlPXc/install/realsense2_camera_msgs/include/realsense2_camera_msgs/msg
-- Up-to-date: /tmp/boomboomfly_g3_realsense_build.QnlPXc/install/realsense2_camera_msgs/include/realsense2_camera_msgs/msg/detail
-- Installing: /tmp/boomboomfly_g3_realsense_build.QnlPXc/install/realsense2_camera_msgs/include/realsense2_camera_msgs/msg/detail/metadata__type_support.c
-- Installing: /tmp/boomboomfly_g3_realsense_build.QnlPXc/install/realsense2_camera_msgs/include/realsense2_camera_msgs/msg/detail/extrinsics__rosidl_typesupport_introspection_c.h
-- Installing: /tmp/boomboomfly_g3_realsense_build.QnlPXc/install/realsense2_camera_msgs/include/realsense2_camera_msgs/msg/detail/extrinsics__type_support.c
-- Installing: /tmp/boomboomfly_g3_realsense_build.QnlPXc/install/realsense2_camera_msgs/include/realsense2_camera_msgs/msg/detail/imu_info__rosidl_typesupport_introspection_c.h
-- Installing: /tmp/boomboomfly_g3_realsense_build.QnlPXc/install/realsense2_camera_msgs/include/realsense2_camera_msgs/msg/detail/imu_info__type_support.c
-- Installing: /tmp/boomboomfly_g3_realsense_build.QnlPXc/install/realsense2_camera_msgs/include/realsense2_camera_msgs/msg/detail/metadata__rosidl_typesupport_introspection_c.h
-- Installing: /tmp/boomboomfly_g3_realsense_build.QnlPXc/install/realsense2_camera_msgs/include/realsense2_camera_msgs/msg/rosidl_typesupport_introspection_c__visibility_control.h
-- Up-to-date: /tmp/boomboomfly_g3_realsense_build.QnlPXc/install/realsense2_camera_msgs/include/realsense2_camera_msgs/srv
-- Up-to-date: /tmp/boomboomfly_g3_realsense_build.QnlPXc/install/realsense2_camera_msgs/include/realsense2_camera_msgs/srv/detail
-- Installing: /tmp/boomboomfly_g3_realsense_build.QnlPXc/install/realsense2_camera_msgs/include/realsense2_camera_msgs/srv/detail/device_info__rosidl_typesupport_introspection_c.h
-- Installing: /tmp/boomboomfly_g3_realsense_build.QnlPXc/install/realsense2_camera_msgs/include/realsense2_camera_msgs/srv/detail/device_info__type_support.c
-- Installing: /tmp/boomboomfly_g3_realsense_build.QnlPXc/install/realsense2_camera_msgs/lib/librealsense2_camera_msgs__rosidl_typesupport_introspection_c.so
-- Set runtime path of "/tmp/boomboomfly_g3_realsense_build.QnlPXc/install/realsense2_camera_msgs/lib/librealsense2_camera_msgs__rosidl_typesupport_introspection_c.so" to ""
-- Installing: /tmp/boomboomfly_g3_realsense_build.QnlPXc/install/realsense2_camera_msgs/lib/librealsense2_camera_msgs__rosidl_typesupport_c.so
-- Set runtime path of "/tmp/boomboomfly_g3_realsense_build.QnlPXc/install/realsense2_camera_msgs/lib/librealsense2_camera_msgs__rosidl_typesupport_c.so" to ""
-- Up-to-date: /tmp/boomboomfly_g3_realsense_build.QnlPXc/install/realsense2_camera_msgs/include/realsense2_camera_msgs
-- Up-to-date: /tmp/boomboomfly_g3_realsense_build.QnlPXc/install/realsense2_camera_msgs/include/realsense2_camera_msgs/msg
-- Installing: /tmp/boomboomfly_g3_realsense_build.QnlPXc/install/realsense2_camera_msgs/include/realsense2_camera_msgs/msg/rosidl_generator_cpp__visibility_control.hpp
-- Installing: /tmp/boomboomfly_g3_realsense_build.QnlPXc/install/realsense2_camera_msgs/include/realsense2_camera_msgs/msg/metadata.hpp
-- Up-to-date: /tmp/boomboomfly_g3_realsense_build.QnlPXc/install/realsense2_camera_msgs/include/realsense2_camera_msgs/msg/detail
-- Installing: /tmp/boomboomfly_g3_realsense_build.QnlPXc/install/realsense2_camera_msgs/include/realsense2_camera_msgs/msg/detail/metadata__traits.hpp
-- Installing: /tmp/boomboomfly_g3_realsense_build.QnlPXc/install/realsense2_camera_msgs/include/realsense2_camera_msgs/msg/detail/metadata__type_support.hpp
-- Installing: /tmp/boomboomfly_g3_realsense_build.QnlPXc/install/realsense2_camera_msgs/include/realsense2_camera_msgs/msg/detail/extrinsics__traits.hpp
-- Installing: /tmp/boomboomfly_g3_realsense_build.QnlPXc/install/realsense2_camera_msgs/include/realsense2_camera_msgs/msg/detail/imu_info__builder.hpp
-- Installing: /tmp/boomboomfly_g3_realsense_build.QnlPXc/install/realsense2_camera_msgs/include/realsense2_camera_msgs/msg/detail/extrinsics__struct.hpp
-- Installing: /tmp/boomboomfly_g3_realsense_build.QnlPXc/install/realsense2_camera_msgs/include/realsense2_camera_msgs/msg/detail/metadata__struct.hpp
-- Installing: /tmp/boomboomfly_g3_realsense_build.QnlPXc/install/realsense2_camera_msgs/include/realsense2_camera_msgs/msg/detail/extrinsics__type_support.hpp
-- Installing: /tmp/boomboomfly_g3_realsense_build.QnlPXc/install/realsense2_camera_msgs/include/realsense2_camera_msgs/msg/detail/metadata__builder.hpp
-- Installing: /tmp/boomboomfly_g3_realsense_build.QnlPXc/install/realsense2_camera_msgs/include/realsense2_camera_msgs/msg/detail/imu_info__struct.hpp
-- Installing: /tmp/boomboomfly_g3_realsense_build.QnlPXc/install/realsense2_camera_msgs/include/realsense2_camera_msgs/msg/detail/extrinsics__builder.hpp
-- Installing: /tmp/boomboomfly_g3_realsense_build.QnlPXc/install/realsense2_camera_msgs/include/realsense2_camera_msgs/msg/detail/imu_info__type_support.hpp
-- Installing: /tmp/boomboomfly_g3_realsense_build.QnlPXc/install/realsense2_camera_msgs/include/realsense2_camera_msgs/msg/detail/imu_info__traits.hpp
-- Installing: /tmp/boomboomfly_g3_realsense_build.QnlPXc/install/realsense2_camera_msgs/include/realsense2_camera_msgs/msg/imu_info.hpp
-- Installing: /tmp/boomboomfly_g3_realsense_build.QnlPXc/install/realsense2_camera_msgs/include/realsense2_camera_msgs/msg/extrinsics.hpp
-- Up-to-date: /tmp/boomboomfly_g3_realsense_build.QnlPXc/install/realsense2_camera_msgs/include/realsense2_camera_msgs/srv
-- Installing: /tmp/boomboomfly_g3_realsense_build.QnlPXc/install/realsense2_camera_msgs/include/realsense2_camera_msgs/srv/device_info.hpp
-- Up-to-date: /tmp/boomboomfly_g3_realsense_build.QnlPXc/install/realsense2_camera_msgs/include/realsense2_camera_msgs/srv/detail
-- Installing: /tmp/boomboomfly_g3_realsense_build.QnlPXc/install/realsense2_camera_msgs/include/realsense2_camera_msgs/srv/detail/device_info__traits.hpp
-- Installing: /tmp/boomboomfly_g3_realsense_build.QnlPXc/install/realsense2_camera_msgs/include/realsense2_camera_msgs/srv/detail/device_info__builder.hpp
-- Installing: /tmp/boomboomfly_g3_realsense_build.QnlPXc/install/realsense2_camera_msgs/include/realsense2_camera_msgs/srv/detail/device_info__type_support.hpp
-- Installing: /tmp/boomboomfly_g3_realsense_build.QnlPXc/install/realsense2_camera_msgs/include/realsense2_camera_msgs/srv/detail/device_info__struct.hpp
-- Up-to-date: /tmp/boomboomfly_g3_realsense_build.QnlPXc/install/realsense2_camera_msgs/include/realsense2_camera_msgs
-- Up-to-date: /tmp/boomboomfly_g3_realsense_build.QnlPXc/install/realsense2_camera_msgs/include/realsense2_camera_msgs/msg
-- Up-to-date: /tmp/boomboomfly_g3_realsense_build.QnlPXc/install/realsense2_camera_msgs/include/realsense2_camera_msgs/msg/detail
-- Installing: /tmp/boomboomfly_g3_realsense_build.QnlPXc/install/realsense2_camera_msgs/include/realsense2_camera_msgs/msg/detail/extrinsics__type_support.cpp
-- Installing: /tmp/boomboomfly_g3_realsense_build.QnlPXc/install/realsense2_camera_msgs/include/realsense2_camera_msgs/msg/detail/metadata__type_support.cpp
-- Installing: /tmp/boomboomfly_g3_realsense_build.QnlPXc/install/realsense2_camera_msgs/include/realsense2_camera_msgs/msg/detail/imu_info__rosidl_typesupport_introspection_cpp.hpp
-- Installing: /tmp/boomboomfly_g3_realsense_build.QnlPXc/install/realsense2_camera_msgs/include/realsense2_camera_msgs/msg/detail/imu_info__type_support.cpp
-- Installing: /tmp/boomboomfly_g3_realsense_build.QnlPXc/install/realsense2_camera_msgs/include/realsense2_camera_msgs/msg/detail/metadata__rosidl_typesupport_introspection_cpp.hpp
-- Installing: /tmp/boomboomfly_g3_realsense_build.QnlPXc/install/realsense2_camera_msgs/include/realsense2_camera_msgs/msg/detail/extrinsics__rosidl_typesupport_introspection_cpp.hpp
-- Up-to-date: /tmp/boomboomfly_g3_realsense_build.QnlPXc/install/realsense2_camera_msgs/include/realsense2_camera_msgs/srv
-- Up-to-date: /tmp/boomboomfly_g3_realsense_build.QnlPXc/install/realsense2_camera_msgs/include/realsense2_camera_msgs/srv/detail
-- Installing: /tmp/boomboomfly_g3_realsense_build.QnlPXc/install/realsense2_camera_msgs/include/realsense2_camera_msgs/srv/detail/device_info__type_support.cpp
-- Installing: /tmp/boomboomfly_g3_realsense_build.QnlPXc/install/realsense2_camera_msgs/include/realsense2_camera_msgs/srv/detail/device_info__rosidl_typesupport_introspection_cpp.hpp
-- Installing: /tmp/boomboomfly_g3_realsense_build.QnlPXc/install/realsense2_camera_msgs/lib/librealsense2_camera_msgs__rosidl_typesupport_introspection_cpp.so
-- Set runtime path of "/tmp/boomboomfly_g3_realsense_build.QnlPXc/install/realsense2_camera_msgs/lib/librealsense2_camera_msgs__rosidl_typesupport_introspection_cpp.so" to ""
-- Installing: /tmp/boomboomfly_g3_realsense_build.QnlPXc/install/realsense2_camera_msgs/lib/librealsense2_camera_msgs__rosidl_typesupport_cpp.so
-- Set runtime path of "/tmp/boomboomfly_g3_realsense_build.QnlPXc/install/realsense2_camera_msgs/lib/librealsense2_camera_msgs__rosidl_typesupport_cpp.so" to ""
-- Installing: /tmp/boomboomfly_g3_realsense_build.QnlPXc/install/realsense2_camera_msgs/share/realsense2_camera_msgs/environment/pythonpath.sh
-- Installing: /tmp/boomboomfly_g3_realsense_build.QnlPXc/install/realsense2_camera_msgs/share/realsense2_camera_msgs/environment/pythonpath.dsv
-- Installing: /tmp/boomboomfly_g3_realsense_build.QnlPXc/install/realsense2_camera_msgs/lib/python3.8/site-packages/realsense2_camera_msgs/__init__.py
Compiling '/tmp/boomboomfly_g3_realsense_build.QnlPXc/install/realsense2_camera_msgs/lib/python3.8/site-packages/realsense2_camera_msgs/__init__.py'...
-- Installing: /tmp/boomboomfly_g3_realsense_build.QnlPXc/install/realsense2_camera_msgs/lib/python3.8/site-packages/realsense2_camera_msgs/msg
-- Installing: /tmp/boomboomfly_g3_realsense_build.QnlPXc/install/realsense2_camera_msgs/lib/python3.8/site-packages/realsense2_camera_msgs/msg/_extrinsics_s.c
-- Installing: /tmp/boomboomfly_g3_realsense_build.QnlPXc/install/realsense2_camera_msgs/lib/python3.8/site-packages/realsense2_camera_msgs/msg/_metadata_s.c
-- Installing: /tmp/boomboomfly_g3_realsense_build.QnlPXc/install/realsense2_camera_msgs/lib/python3.8/site-packages/realsense2_camera_msgs/msg/_extrinsics.py
-- Installing: /tmp/boomboomfly_g3_realsense_build.QnlPXc/install/realsense2_camera_msgs/lib/python3.8/site-packages/realsense2_camera_msgs/msg/_metadata.py
-- Installing: /tmp/boomboomfly_g3_realsense_build.QnlPXc/install/realsense2_camera_msgs/lib/python3.8/site-packages/realsense2_camera_msgs/msg/_imu_info.py
-- Installing: /tmp/boomboomfly_g3_realsense_build.QnlPXc/install/realsense2_camera_msgs/lib/python3.8/site-packages/realsense2_camera_msgs/msg/_imu_info_s.c
-- Installing: /tmp/boomboomfly_g3_realsense_build.QnlPXc/install/realsense2_camera_msgs/lib/python3.8/site-packages/realsense2_camera_msgs/msg/__init__.py
-- Installing: /tmp/boomboomfly_g3_realsense_build.QnlPXc/install/realsense2_camera_msgs/lib/python3.8/site-packages/realsense2_camera_msgs/srv
-- Installing: /tmp/boomboomfly_g3_realsense_build.QnlPXc/install/realsense2_camera_msgs/lib/python3.8/site-packages/realsense2_camera_msgs/srv/_device_info.py
-- Installing: /tmp/boomboomfly_g3_realsense_build.QnlPXc/install/realsense2_camera_msgs/lib/python3.8/site-packages/realsense2_camera_msgs/srv/_device_info_s.c
-- Installing: /tmp/boomboomfly_g3_realsense_build.QnlPXc/install/realsense2_camera_msgs/lib/python3.8/site-packages/realsense2_camera_msgs/srv/__init__.py
-- Installing: /tmp/boomboomfly_g3_realsense_build.QnlPXc/install/realsense2_camera_msgs/lib/python3.8/site-packages/realsense2_camera_msgs/realsense2_camera_msgs_s__rosidl_typesupport_fastrtps_c.cpython-38-aarch64-linux-gnu.so
-- Set runtime path of "/tmp/boomboomfly_g3_realsense_build.QnlPXc/install/realsense2_camera_msgs/lib/python3.8/site-packages/realsense2_camera_msgs/realsense2_camera_msgs_s__rosidl_typesupport_fastrtps_c.cpython-38-aarch64-linux-gnu.so" to ""
-- Installing: /tmp/boomboomfly_g3_realsense_build.QnlPXc/install/realsense2_camera_msgs/lib/python3.8/site-packages/realsense2_camera_msgs/realsense2_camera_msgs_s__rosidl_typesupport_introspection_c.cpython-38-aarch64-linux-gnu.so
-- Set runtime path of "/tmp/boomboomfly_g3_realsense_build.QnlPXc/install/realsense2_camera_msgs/lib/python3.8/site-packages/realsense2_camera_msgs/realsense2_camera_msgs_s__rosidl_typesupport_introspection_c.cpython-38-aarch64-linux-gnu.so" to ""
-- Installing: /tmp/boomboomfly_g3_realsense_build.QnlPXc/install/realsense2_camera_msgs/lib/python3.8/site-packages/realsense2_camera_msgs/realsense2_camera_msgs_s__rosidl_typesupport_c.cpython-38-aarch64-linux-gnu.so
-- Set runtime path of "/tmp/boomboomfly_g3_realsense_build.QnlPXc/install/realsense2_camera_msgs/lib/python3.8/site-packages/realsense2_camera_msgs/realsense2_camera_msgs_s__rosidl_typesupport_c.cpython-38-aarch64-linux-gnu.so" to ""
-- Installing: /tmp/boomboomfly_g3_realsense_build.QnlPXc/install/realsense2_camera_msgs/lib/librealsense2_camera_msgs__python.so
-- Set runtime path of "/tmp/boomboomfly_g3_realsense_build.QnlPXc/install/realsense2_camera_msgs/lib/librealsense2_camera_msgs__python.so" to ""
-- Installing: /tmp/boomboomfly_g3_realsense_build.QnlPXc/install/realsense2_camera_msgs/share/realsense2_camera_msgs/msg/IMUInfo.idl
-- Installing: /tmp/boomboomfly_g3_realsense_build.QnlPXc/install/realsense2_camera_msgs/share/realsense2_camera_msgs/msg/Extrinsics.idl
-- Installing: /tmp/boomboomfly_g3_realsense_build.QnlPXc/install/realsense2_camera_msgs/share/realsense2_camera_msgs/msg/Metadata.idl
-- Installing: /tmp/boomboomfly_g3_realsense_build.QnlPXc/install/realsense2_camera_msgs/share/realsense2_camera_msgs/srv/DeviceInfo.idl
-- Installing: /tmp/boomboomfly_g3_realsense_build.QnlPXc/install/realsense2_camera_msgs/share/realsense2_camera_msgs/msg/IMUInfo.msg
-- Installing: /tmp/boomboomfly_g3_realsense_build.QnlPXc/install/realsense2_camera_msgs/share/realsense2_camera_msgs/msg/Extrinsics.msg
-- Installing: /tmp/boomboomfly_g3_realsense_build.QnlPXc/install/realsense2_camera_msgs/share/realsense2_camera_msgs/msg/Metadata.msg
-- Installing: /tmp/boomboomfly_g3_realsense_build.QnlPXc/install/realsense2_camera_msgs/share/realsense2_camera_msgs/srv/DeviceInfo.srv
-- Installing: /tmp/boomboomfly_g3_realsense_build.QnlPXc/install/realsense2_camera_msgs/share/realsense2_camera_msgs/srv/DeviceInfo_Request.msg
-- Installing: /tmp/boomboomfly_g3_realsense_build.QnlPXc/install/realsense2_camera_msgs/share/realsense2_camera_msgs/srv/DeviceInfo_Response.msg
-- Installing: /tmp/boomboomfly_g3_realsense_build.QnlPXc/install/realsense2_camera_msgs/share/ament_index/resource_index/package_run_dependencies/realsense2_camera_msgs
-- Installing: /tmp/boomboomfly_g3_realsense_build.QnlPXc/install/realsense2_camera_msgs/share/ament_index/resource_index/parent_prefix_path/realsense2_camera_msgs
-- Installing: /tmp/boomboomfly_g3_realsense_build.QnlPXc/install/realsense2_camera_msgs/share/realsense2_camera_msgs/environment/ament_prefix_path.sh
-- Installing: /tmp/boomboomfly_g3_realsense_build.QnlPXc/install/realsense2_camera_msgs/share/realsense2_camera_msgs/environment/ament_prefix_path.dsv
-- Installing: /tmp/boomboomfly_g3_realsense_build.QnlPXc/install/realsense2_camera_msgs/share/realsense2_camera_msgs/environment/path.sh
-- Installing: /tmp/boomboomfly_g3_realsense_build.QnlPXc/install/realsense2_camera_msgs/share/realsense2_camera_msgs/environment/path.dsv
-- Installing: /tmp/boomboomfly_g3_realsense_build.QnlPXc/install/realsense2_camera_msgs/share/realsense2_camera_msgs/local_setup.bash
-- Installing: /tmp/boomboomfly_g3_realsense_build.QnlPXc/install/realsense2_camera_msgs/share/realsense2_camera_msgs/local_setup.sh
-- Installing: /tmp/boomboomfly_g3_realsense_build.QnlPXc/install/realsense2_camera_msgs/share/realsense2_camera_msgs/local_setup.zsh
-- Installing: /tmp/boomboomfly_g3_realsense_build.QnlPXc/install/realsense2_camera_msgs/share/realsense2_camera_msgs/local_setup.dsv
-- Installing: /tmp/boomboomfly_g3_realsense_build.QnlPXc/install/realsense2_camera_msgs/share/realsense2_camera_msgs/package.dsv
-- Installing: /tmp/boomboomfly_g3_realsense_build.QnlPXc/install/realsense2_camera_msgs/share/ament_index/resource_index/packages/realsense2_camera_msgs
-- Installing: /tmp/boomboomfly_g3_realsense_build.QnlPXc/install/realsense2_camera_msgs/share/realsense2_camera_msgs/cmake/realsense2_camera_msgs__rosidl_generator_cExport.cmake
-- Installing: /tmp/boomboomfly_g3_realsense_build.QnlPXc/install/realsense2_camera_msgs/share/realsense2_camera_msgs/cmake/realsense2_camera_msgs__rosidl_generator_cExport-release.cmake
-- Installing: /tmp/boomboomfly_g3_realsense_build.QnlPXc/install/realsense2_camera_msgs/share/realsense2_camera_msgs/cmake/realsense2_camera_msgs__rosidl_typesupport_introspection_cExport.cmake
-- Installing: /tmp/boomboomfly_g3_realsense_build.QnlPXc/install/realsense2_camera_msgs/share/realsense2_camera_msgs/cmake/realsense2_camera_msgs__rosidl_typesupport_introspection_cExport-release.cmake
-- Installing: /tmp/boomboomfly_g3_realsense_build.QnlPXc/install/realsense2_camera_msgs/share/realsense2_camera_msgs/cmake/realsense2_camera_msgs__rosidl_typesupport_cExport.cmake
-- Installing: /tmp/boomboomfly_g3_realsense_build.QnlPXc/install/realsense2_camera_msgs/share/realsense2_camera_msgs/cmake/realsense2_camera_msgs__rosidl_typesupport_cExport-release.cmake
-- Installing: /tmp/boomboomfly_g3_realsense_build.QnlPXc/install/realsense2_camera_msgs/share/realsense2_camera_msgs/cmake/realsense2_camera_msgs__rosidl_generator_cppExport.cmake
-- Installing: /tmp/boomboomfly_g3_realsense_build.QnlPXc/install/realsense2_camera_msgs/share/realsense2_camera_msgs/cmake/realsense2_camera_msgs__rosidl_typesupport_introspection_cppExport.cmake
-- Installing: /tmp/boomboomfly_g3_realsense_build.QnlPXc/install/realsense2_camera_msgs/share/realsense2_camera_msgs/cmake/realsense2_camera_msgs__rosidl_typesupport_introspection_cppExport-release.cmake
-- Installing: /tmp/boomboomfly_g3_realsense_build.QnlPXc/install/realsense2_camera_msgs/share/realsense2_camera_msgs/cmake/realsense2_camera_msgs__rosidl_typesupport_cppExport.cmake
-- Installing: /tmp/boomboomfly_g3_realsense_build.QnlPXc/install/realsense2_camera_msgs/share/realsense2_camera_msgs/cmake/realsense2_camera_msgs__rosidl_typesupport_cppExport-release.cmake
-- Installing: /tmp/boomboomfly_g3_realsense_build.QnlPXc/install/realsense2_camera_msgs/share/realsense2_camera_msgs/cmake/rosidl_cmake-extras.cmake
-- Installing: /tmp/boomboomfly_g3_realsense_build.QnlPXc/install/realsense2_camera_msgs/share/realsense2_camera_msgs/cmake/ament_cmake_export_dependencies-extras.cmake
-- Installing: /tmp/boomboomfly_g3_realsense_build.QnlPXc/install/realsense2_camera_msgs/share/realsense2_camera_msgs/cmake/ament_cmake_export_libraries-extras.cmake
-- Installing: /tmp/boomboomfly_g3_realsense_build.QnlPXc/install/realsense2_camera_msgs/share/realsense2_camera_msgs/cmake/ament_cmake_export_targets-extras.cmake
-- Installing: /tmp/boomboomfly_g3_realsense_build.QnlPXc/install/realsense2_camera_msgs/share/realsense2_camera_msgs/cmake/ament_cmake_export_include_directories-extras.cmake
-- Installing: /tmp/boomboomfly_g3_realsense_build.QnlPXc/install/realsense2_camera_msgs/share/realsense2_camera_msgs/cmake/rosidl_cmake_export_typesupport_libraries-extras.cmake
-- Installing: /tmp/boomboomfly_g3_realsense_build.QnlPXc/install/realsense2_camera_msgs/share/realsense2_camera_msgs/cmake/rosidl_cmake_export_typesupport_targets-extras.cmake
-- Installing: /tmp/boomboomfly_g3_realsense_build.QnlPXc/install/realsense2_camera_msgs/share/realsense2_camera_msgs/cmake/realsense2_camera_msgsConfig.cmake
-- Installing: /tmp/boomboomfly_g3_realsense_build.QnlPXc/install/realsense2_camera_msgs/share/realsense2_camera_msgs/cmake/realsense2_camera_msgsConfig-version.cmake
-- Installing: /tmp/boomboomfly_g3_realsense_build.QnlPXc/install/realsense2_camera_msgs/share/realsense2_camera_msgs/package.xml
--- stderr: realsense2_camera_msgs
CMake Warning:
  Manually-specified variables were not used by the project:

    realsense2_DIR


---
Finished <<< realsense2_camera_msgs [13.6s]
Starting >>> realsense2_camera
-- The C compiler identification is GNU 9.4.0
-- The CXX compiler identification is GNU 9.4.0
-- Check for working C compiler: /usr/bin/cc
-- Check for working C compiler: /usr/bin/cc -- works
-- Detecting C compiler ABI info
-- Detecting C compiler ABI info - done
-- Detecting C compile features
-- Detecting C compile features - done
-- Check for working CXX compiler: /usr/bin/c++
-- Check for working CXX compiler: /usr/bin/c++ -- works
-- Detecting CXX compiler ABI info
-- Detecting CXX compiler ABI info - done
-- Detecting CXX compile features
-- Detecting CXX compile features - done
-- Create Release Build.
-- Found ament_cmake: 0.9.12 (/opt/ros/foxy/share/ament_cmake/cmake)
-- Found PythonInterp: /usr/bin/python3 (found suitable version "3.8.10", minimum required is "3")
-- Using PYTHON_EXECUTABLE: /usr/bin/python3
-- Found builtin_interfaces: 1.0.0 (/opt/ros/foxy/share/builtin_interfaces/cmake)
-- Using all available rosidl_typesupport_c: rosidl_typesupport_fastrtps_c;rosidl_typesupport_introspection_c
-- Found rosidl_adapter: 1.3.1 (/opt/ros/foxy/share/rosidl_adapter/cmake)
-- Found OpenSSL: /usr/lib/aarch64-linux-gnu/libcrypto.so (found version "1.1.1f")
-- Found FastRTPS: /opt/ros/foxy/include
-- Using all available rosidl_typesupport_cpp: rosidl_typesupport_fastrtps_cpp;rosidl_typesupport_introspection_cpp
CMake Error at CMakeLists.txt:89 (find_package):
  By not providing "Findcv_bridge.cmake" in CMAKE_MODULE_PATH this project
  has asked CMake to find a package configuration file provided by
  "cv_bridge", but CMake did not find one.

  Could not find a package configuration file provided by "cv_bridge" with
  any of the following names:

    cv_bridgeConfig.cmake
    cv_bridge-config.cmake

  Add the installation prefix of "cv_bridge" to CMAKE_PREFIX_PATH or set
  "cv_bridge_DIR" to a directory containing one of the above files.  If
  "cv_bridge" provides a separate development package or SDK, be sure it has
  been installed.


-- Configuring incomplete, errors occurred!
See also "/tmp/boomboomfly_g3_realsense_build.QnlPXc/build/realsense2_camera/CMakeFiles/CMakeOutput.log".
--- stderr: realsense2_camera
CMake Error at CMakeLists.txt:89 (find_package):
  By not providing "Findcv_bridge.cmake" in CMAKE_MODULE_PATH this project
  has asked CMake to find a package configuration file provided by
  "cv_bridge", but CMake did not find one.

  Could not find a package configuration file provided by "cv_bridge" with
  any of the following names:

    cv_bridgeConfig.cmake
    cv_bridge-config.cmake

  Add the installation prefix of "cv_bridge" to CMAKE_PREFIX_PATH or set
  "cv_bridge_DIR" to a directory containing one of the above files.  If
  "cv_bridge" provides a separate development package or SDK, be sure it has
  been installed.


---
Failed   <<< realsense2_camera [2.11s, exited with code 1]

Summary: 1 package finished [16.0s]
  1 package failed: realsense2_camera
  2 packages had stderr output: realsense2_camera realsense2_camera_msgs
