[INFO] [launch]: All log files can be found below /home/c/.ros/log/2026-07-29-20-18-42-884770-orinnano-29827
[INFO] [launch]: Default logging verbosity is set to INFO
[INFO] [realsense2_camera_node-1]: process started with pid [29836]
[realsense2_camera_node-1] [0m[INFO] [1785327523.259288014] [t265.t265]: RealSense ROS v4.0.4[0m
[realsense2_camera_node-1] [0m[INFO] [1785327523.259506709] [t265.t265]: Built with LibRealSense v2.50.0[0m
[realsense2_camera_node-1] [0m[INFO] [1785327523.259543574] [t265.t265]: Running with LibRealSense v2.50.0[0m
[realsense2_camera_node-1] [0m[INFO] [1785327523.312528814] [t265.t265]: Device with serial number 241122070080 was found.
[realsense2_camera_node-1] [0m
[realsense2_camera_node-1] [0m[INFO] [1785327523.312681043] [t265.t265]: Device with physical ID /sys/devices/platform/3610000.xhci/usb1/1-2/1-2.2/1-2.2:1.0/video4linux/video0 was found.[0m
[realsense2_camera_node-1] [0m[INFO] [1785327523.312727797] [t265.t265]: Device with name Intel RealSense D435 was found.[0m
[realsense2_camera_node-1] [0m[INFO] [1785327523.313220196] [t265.t265]: Device with port number 1-2.2 was found.[0m
[realsense2_camera_node-1] [0m[INFO] [1785327523.341617389] [t265.t265]: Device with serial number 952322110550 was found.
[realsense2_camera_node-1] [0m
[realsense2_camera_node-1] [0m[INFO] [1785327523.341768754] [t265.t265]: Device with physical ID 2-1.1-3 was found.[0m
[realsense2_camera_node-1] [0m[INFO] [1785327523.341808339] [t265.t265]: Device with name Intel RealSense T265 was found.[0m
[realsense2_camera_node-1] [0m[INFO] [1785327523.342328100] [t265.t265]: Device with port number 2-1.1 was found.[0m
[realsense2_camera_node-1] [0m[INFO] [1785327523.342399238] [t265.t265]: Device USB type: 3.1[0m
[realsense2_camera_node-1] [0m[INFO] [1785327523.351017177] [t265.t265]: No calib_odom_file. No input odometry accepted.[0m
[realsense2_camera_node-1] [0m[INFO] [1785327523.351090587] [t265.t265]: getParameters...[0m
[realsense2_camera_node-1] [0m[INFO] [1785327523.351610476] [t265.t265]: JSON file is not provided[0m
[realsense2_camera_node-1] [0m[INFO] [1785327523.351662893] [t265.t265]: Device Name: Intel RealSense T265[0m
[realsense2_camera_node-1] [0m[INFO] [1785327523.351703887] [t265.t265]: Device Serial No: 952322110550[0m
[realsense2_camera_node-1] [0m[INFO] [1785327523.351740688] [t265.t265]: Device physical port: 2-1.1-3[0m
[realsense2_camera_node-1] [0m[INFO] [1785327523.351779025] [t265.t265]: Device FW version: 0.2.0.951[0m
[realsense2_camera_node-1] [0m[INFO] [1785327523.351814802] [t265.t265]: Device Product ID: 0x0B37[0m
[realsense2_camera_node-1] [0m[INFO] [1785327523.351847123] [t265.t265]: Sync Mode: Off[0m
[realsense2_camera_node-1] [33m[WARN] [1785327523.352337347] [t265.t265]: Could not set param: tracking_module.frames_queue_size with 256 Range: [0, 32]: parameter 'tracking_module.frames_queue_size' could not be set: Parameter {} doesn't comply with integer range.[0m
[realsense2_camera_node-1] [0m[INFO] [1785327523.353857267] [t265.t265]: Set ROS param tracking_module.profile to default: 848x800x30[0m
[realsense2_camera_node-1] [0m[INFO] [1785327523.353991671] [t265.t265]: Set ROS param gyro_fps to default: 200[0m
[realsense2_camera_node-1] [0m[INFO] [1785327523.354130460] [t265.t265]: Set ROS param accel_fps to default: 62[0m
[realsense2_camera_node-1] [0m[INFO] [1785327523.407597443] [t265.t265]: Start Sensor: Tracking Module[0m
[realsense2_camera_node-1] [0m[INFO] [1785327523.412821386] [t265.t265]: Open profile: stream_type: Pose(0)Format: 6DOF, FPS: 200[0m
[realsense2_camera_node-1] [0m[INFO] [1785327523.435462363] [t265.t265]: RealSense Node Is Up![0m
[realsense2_camera_node-1] [33m[WARN] [1785327523.901239189] [t265.t265]: [0m
