[INFO] [launch]: All log files can be found below /home/c/.ros/log/2026-07-29-20-11-50-047862-orinnano-26579
[INFO] [launch]: Default logging verbosity is set to INFO
[INFO] [realsense2_camera_node-1]: process started with pid [26587]
[realsense2_camera_node-1] [0m[INFO] [1785327110.541367148] [t265.t265]: RealSense ROS v4.0.4[0m
[realsense2_camera_node-1] [0m[INFO] [1785327110.541672632] [t265.t265]: Built with LibRealSense v2.50.0[0m
[realsense2_camera_node-1] [0m[INFO] [1785327110.541729050] [t265.t265]: Running with LibRealSense v2.50.0[0m
[realsense2_camera_node-1] [0m[INFO] [1785327110.596755724] [t265.t265]: Device with serial number 241122070080 was found.
[realsense2_camera_node-1] [0m
[realsense2_camera_node-1] [0m[INFO] [1785327110.596903570] [t265.t265]: Device with physical ID /sys/devices/platform/3610000.xhci/usb1/1-2/1-2.2/1-2.2:1.0/video4linux/video0 was found.[0m
[realsense2_camera_node-1] [0m[INFO] [1785327110.596935859] [t265.t265]: Device with name Intel RealSense D435 was found.[0m
[realsense2_camera_node-1] [0m[INFO] [1785327110.597409575] [t265.t265]: Device with port number 1-2.2 was found.[0m
[realsense2_camera_node-1] [0m[INFO] [1785327110.620610910] [t265.t265]: Device with serial number 952322110550 was found.
[realsense2_camera_node-1] [0m
[realsense2_camera_node-1] [0m[INFO] [1785327110.620763941] [t265.t265]: Device with physical ID 2-1.1-3 was found.[0m
[realsense2_camera_node-1] [0m[INFO] [1785327110.620798822] [t265.t265]: Device with name Intel RealSense T265 was found.[0m
[realsense2_camera_node-1] [0m[INFO] [1785327110.621350205] [t265.t265]: Device with port number 2-1.1 was found.[0m
[realsense2_camera_node-1] [0m[INFO] [1785327110.621424256] [t265.t265]: Device USB type: 3.1[0m
[realsense2_camera_node-1] [0m[INFO] [1785327110.633111295] [t265.t265]: No calib_odom_file. No input odometry accepted.[0m
[realsense2_camera_node-1] [0m[INFO] [1785327110.633219748] [t265.t265]: getParameters...[0m
[realsense2_camera_node-1] [0m[INFO] [1785327110.633748153] [t265.t265]: JSON file is not provided[0m
[realsense2_camera_node-1] [0m[INFO] [1785327110.633802075] [t265.t265]: Device Name: Intel RealSense T265[0m
[realsense2_camera_node-1] [0m[INFO] [1785327110.633836765] [t265.t265]: Device Serial No: 952322110550[0m
[realsense2_camera_node-1] [0m[INFO] [1785327110.633868030] [t265.t265]: Device physical port: 2-1.1-3[0m
[realsense2_camera_node-1] [0m[INFO] [1785327110.633898495] [t265.t265]: Device FW version: 0.2.0.951[0m
[realsense2_camera_node-1] [0m[INFO] [1785327110.633932929] [t265.t265]: Device Product ID: 0x0B37[0m
[realsense2_camera_node-1] [0m[INFO] [1785327110.633965026] [t265.t265]: Sync Mode: Off[0m
[realsense2_camera_node-1] [33m[WARN] [1785327110.634439446] [t265.t265]: Could not set param: tracking_module.frames_queue_size with 256 Range: [0, 32]: parameter 'tracking_module.frames_queue_size' could not be set: Parameter {} doesn't comply with integer range.[0m
[realsense2_camera_node-1] [0m[INFO] [1785327110.636041719] [t265.t265]: Set ROS param tracking_module.profile to default: 848x800x30[0m
[realsense2_camera_node-1] [0m[INFO] [1785327110.636175069] [t265.t265]: Set ROS param gyro_fps to default: 200[0m
[realsense2_camera_node-1] [0m[INFO] [1785327110.636281441] [t265.t265]: Set ROS param accel_fps to default: 62[0m
[realsense2_camera_node-1] [0m[INFO] [1785327110.690375276] [t265.t265]: Start Sensor: Tracking Module[0m
[realsense2_camera_node-1] [0m[INFO] [1785327110.696591595] [t265.t265]: Open profile: stream_type: Pose(0)Format: 6DOF, FPS: 200[0m
[realsense2_camera_node-1] [0m[INFO] [1785327110.719532440] [t265.t265]: RealSense Node Is Up![0m
[realsense2_camera_node-1] [33m[WARN] [1785327111.217865835] [t265.t265]: [0m
[WARNING] [launch]: user interrupted with ctrl-c (SIGINT)
[realsense2_camera_node-1] [0m[INFO] [1785327184.011402373] [rclcpp]: signal_handler(signal_value=2)[0m
[INFO] [realsense2_camera_node-1]: sending signal 'SIGINT' to process[realsense2_camera_node-1]
[realsense2_camera_node-1] [0m[INFO] [1785327184.015320317] [rclcpp]: signal_handler(signal_value=2)[0m
[realsense2_camera_node-1] [0m[INFO] [1785327184.075877227] [t265.t265]: Stop Sensor: Tracking Module[0m
[realsense2_camera_node-1]  29/07 20:13:04,081 WARNING [281473351245840] (tm-device.cpp:863) Got a timeout while trying to stop
[realsense2_camera_node-1] [0m[INFO] [1785327184.102484147] [t265.t265]: Close Sensor. [0m
[realsense2_camera_node-1] [0m[INFO] [1785327184.102736637] [t265.t265]: Close Sensor - Done. [0m
[INFO] [realsense2_camera_node-1]: process has finished cleanly [pid 26587]
/opt/ros/foxy/bin/ros2:6: DeprecationWarning: pkg_resources is deprecated as an API. See https://setuptools.pypa.io/en/latest/pkg_resources.html
  from pkg_resources import load_entry_point
