run=1 start=2026-07-29T20:16:06+08:00
[INFO] [1785327366.951442677] [t265.t265]: RealSense ROS v4.0.4
[INFO] [1785327366.951695422] [t265.t265]: Built with LibRealSense v2.50.0
[INFO] [1785327366.951732831] [t265.t265]: Running with LibRealSense v2.50.0
[INFO] [1785327367.004332342] [t265.t265]: Device with serial number 241122070080 was found.

[INFO] [1785327367.004507164] [t265.t265]: Device with physical ID /sys/devices/platform/3610000.xhci/usb1/1-2/1-2.2/1-2.2:1.0/video4linux/video0 was found.
[INFO] [1785327367.004541853] [t265.t265]: Device with name Intel RealSense D435 was found.
[INFO] [1785327367.004984333] [t265.t265]: Device with port number 1-2.2 was found.
[INFO] [1785327367.026837598] [t265.t265]: Device with serial number 952322110550 was found.

[INFO] [1785327367.026986019] [t265.t265]: Device with physical ID 2-1.1-3 was found.
[INFO] [1785327367.027017285] [t265.t265]: Device with name Intel RealSense T265 was found.
[INFO] [1785327367.027525910] [t265.t265]: Device with port number 2-1.1 was found.
[INFO] [1785327367.027584056] [t265.t265]: Device USB type: 3.1
[INFO] [1785327367.036318117] [t265.t265]: No calib_odom_file. No input odometry accepted.
[INFO] [1785327367.036404072] [t265.t265]: getParameters...
[INFO] [1785327367.036724979] [t265.t265]: JSON file is not provided
[INFO] [1785327367.036768917] [t265.t265]: Device Name: Intel RealSense T265
[INFO] [1785327367.036803222] [t265.t265]: Device Serial No: 952322110550
[INFO] [1785327367.036836887] [t265.t265]: Device physical port: 2-1.1-3
[INFO] [1785327367.036867768] [t265.t265]: Device FW version: 0.2.0.951
[INFO] [1785327367.036897849] [t265.t265]: Device Product ID: 0x0B37
[INFO] [1785327367.036925082] [t265.t265]: Sync Mode: Off
[WARN] [1785327367.037366761] [t265.t265]: Could not set param: tracking_module.frames_queue_size with 256 Range: [0, 32]: parameter 'tracking_module.frames_queue_size' could not be set: Parameter {} doesn't comply with integer range.
[INFO] [1785327367.090385134] [t265.t265]: Start Sensor: Tracking Module
[INFO] [1785327367.097475587] [t265.t265]: Open profile: stream_type: Gyro(0)Format: MOTION_XYZ32F, FPS: 200
[INFO] [1785327367.097583655] [t265.t265]: Open profile: stream_type: Accel(0)Format: MOTION_XYZ32F, FPS: 62
[INFO] [1785327367.119869255] [t265.t265]: RealSense Node Is Up!
[WARN] [1785327367.127740183] [t265.t265]:
[INFO] [1785327450.750050823] [rclcpp]: signal_handler(signal_value=2)
[INFO] [1785327450.795372287] [t265.t265]: Stop Sensor: Tracking Module
[INFO] [1785327451.272994665] [t265.t265]: Close Sensor.
[INFO] [1785327451.273300211] [t265.t265]: Close Sensor - Done.
/opt/ros/foxy/bin/ros2:6: DeprecationWarning: pkg_resources is deprecated as an API. See https://setuptools.pypa.io/en/latest/pkg_resources.html
  from pkg_resources import load_entry_point
run=1 exit_code=245 end=2026-07-29T20:17:32+08:00
run=2 start=2026-07-29T20:17:32+08:00
[INFO] [1785327453.070579239] [t265.t265]: RealSense ROS v4.0.4
[INFO] [1785327453.070830159] [t265.t265]: Built with LibRealSense v2.50.0
[INFO] [1785327453.070865392] [t265.t265]: Running with LibRealSense v2.50.0
[INFO] [1785327453.123581529] [t265.t265]: Device with serial number 241122070080 was found.

[INFO] [1785327453.123750206] [t265.t265]: Device with physical ID /sys/devices/platform/3610000.xhci/usb1/1-2/1-2.2/1-2.2:1.0/video4linux/video0 was found.
[INFO] [1785327453.123781983] [t265.t265]: Device with name Intel RealSense D435 was found.
[INFO] [1785327453.124228590] [t265.t265]: Device with port number 1-2.2 was found.
[INFO] [1785327453.147981949] [t265.t265]: Device with serial number 952322110550 was found.

[INFO] [1785327453.148154050] [t265.t265]: Device with physical ID 2-1.1-3 was found.
[INFO] [1785327453.148183747] [t265.t265]: Device with name Intel RealSense T265 was found.
[INFO] [1785327453.148688628] [t265.t265]: Device with port number 2-1.1 was found.
[INFO] [1785327453.148741302] [t265.t265]: Device USB type: 3.1
[INFO] [1785327453.157387986] [t265.t265]: No calib_odom_file. No input odometry accepted.
[INFO] [1785327453.157479253] [t265.t265]: getParameters...
[INFO] [1785327453.157776799] [t265.t265]: JSON file is not provided
[INFO] [1785327453.157816961] [t265.t265]: Device Name: Intel RealSense T265
[INFO] [1785327453.157843873] [t265.t265]: Device Serial No: 952322110550
[INFO] [1785327453.157866178] [t265.t265]: Device physical port: 2-1.1-3
[INFO] [1785327453.157886627] [t265.t265]: Device FW version: 0.2.0.951
[INFO] [1785327453.157906564] [t265.t265]: Device Product ID: 0x0B37
[INFO] [1785327453.157925220] [t265.t265]: Sync Mode: Off
[WARN] [1785327453.158520536] [t265.t265]: Could not set param: tracking_module.frames_queue_size with 256 Range: [0, 32]: parameter 'tracking_module.frames_queue_size' could not be set: Parameter {} doesn't comply with integer range.
[INFO] [1785327453.213986747] [t265.t265]: Start Sensor: Tracking Module
[INFO] [1785327453.220331596] [t265.t265]: Open profile: stream_type: Gyro(0)Format: MOTION_XYZ32F, FPS: 200
[INFO] [1785327453.220435664] [t265.t265]: Open profile: stream_type: Accel(0)Format: MOTION_XYZ32F, FPS: 62
[INFO] [1785327453.243483239] [t265.t265]: RealSense Node Is Up!
[WARN] [1785327453.248100191] [t265.t265]:
[INFO] [1785327483.243639836] [rclcpp]: signal_handler(signal_value=2)
[INFO] [1785327483.330265048] [t265.t265]: Stop Sensor: Tracking Module
[INFO] [1785327483.830739567] [t265.t265]: Close Sensor.
[INFO] [1785327483.831064601] [t265.t265]: Close Sensor - Done.
