[INFO] [launch]: All log files can be found below /home/c/.ros/log/2026-07-29-20-14-22-882724-orinnano-27756
[INFO] [launch]: Default logging verbosity is set to INFO
[INFO] [realsense2_camera_node-1]: process started with pid [27764]
[realsense2_camera_node-1] [0m[INFO] [1785327263.255490097] [t265.t265]: RealSense ROS v4.0.4[0m
[realsense2_camera_node-1] [0m[INFO] [1785327263.255727994] [t265.t265]: Built with LibRealSense v2.50.0[0m
[realsense2_camera_node-1] [0m[INFO] [1785327263.255775772] [t265.t265]: Running with LibRealSense v2.50.0[0m
[realsense2_camera_node-1] [0m[INFO] [1785327263.309720474] [t265.t265]: Device with serial number 241122070080 was found.
[realsense2_camera_node-1] [0m
[realsense2_camera_node-1] [0m[INFO] [1785327263.309853855] [t265.t265]: Device with physical ID /sys/devices/platform/3610000.xhci/usb1/1-2/1-2.2/1-2.2:1.0/video4linux/video0 was found.[0m
[realsense2_camera_node-1] [0m[INFO] [1785327263.309888928] [t265.t265]: Device with name Intel RealSense D435 was found.[0m
[realsense2_camera_node-1] [0m[INFO] [1785327263.310334800] [t265.t265]: Device with port number 1-2.2 was found.[0m
[realsense2_camera_node-1] [0m[INFO] [1785327263.333607304] [t265.t265]: Device with serial number 952322110550 was found.
[realsense2_camera_node-1] [0m
[realsense2_camera_node-1] [0m[INFO] [1785327263.333740717] [t265.t265]: Device with physical ID 2-1.1-3 was found.[0m
[realsense2_camera_node-1] [0m[INFO] [1785327263.333772014] [t265.t265]: Device with name Intel RealSense T265 was found.[0m
[realsense2_camera_node-1] [0m[INFO] [1785327263.334284673] [t265.t265]: Device with port number 2-1.1 was found.[0m
[realsense2_camera_node-1] [0m[INFO] [1785327263.334344739] [t265.t265]: Device USB type: 3.1[0m
[realsense2_camera_node-1] [0m[INFO] [1785327263.343502675] [t265.t265]: No calib_odom_file. No input odometry accepted.[0m
[realsense2_camera_node-1] [0m[INFO] [1785327263.343584694] [t265.t265]: getParameters...[0m
[realsense2_camera_node-1] [0m[INFO] [1785327263.344300433] [t265.t265]: JSON file is not provided[0m
[realsense2_camera_node-1] [0m[INFO] [1785327263.344390996] [t265.t265]: Device Name: Intel RealSense T265[0m
[realsense2_camera_node-1] [0m[INFO] [1785327263.344441686] [t265.t265]: Device Serial No: 952322110550[0m
[realsense2_camera_node-1] [0m[INFO] [1785327263.344486711] [t265.t265]: Device physical port: 2-1.1-3[0m
[realsense2_camera_node-1] [0m[INFO] [1785327263.344527737] [t265.t265]: Device FW version: 0.2.0.951[0m
[realsense2_camera_node-1] [0m[INFO] [1785327263.344568538] [t265.t265]: Device Product ID: 0x0B37[0m
[realsense2_camera_node-1] [0m[INFO] [1785327263.344604540] [t265.t265]: Sync Mode: Off[0m
[realsense2_camera_node-1] [33m[WARN] [1785327263.345413657] [t265.t265]: Could not set param: tracking_module.frames_queue_size with 256 Range: [0, 32]: parameter 'tracking_module.frames_queue_size' could not be set: Parameter {} doesn't comply with integer range.[0m
[realsense2_camera_node-1] [0m[INFO] [1785327263.347624587] [t265.t265]: Set ROS param tracking_module.profile to default: 848x800x30[0m
[realsense2_camera_node-1] [0m[INFO] [1785327263.347783569] [t265.t265]: Set ROS param gyro_fps to default: 200[0m
[realsense2_camera_node-1] [0m[INFO] [1785327263.347935222] [t265.t265]: Set ROS param accel_fps to default: 62[0m
[realsense2_camera_node-1] [0m[INFO] [1785327263.408013494] [t265.t265]: Start Sensor: Tracking Module[0m
[realsense2_camera_node-1] [0m[INFO] [1785327263.413510368] [t265.t265]: Open profile: stream_type: Pose(0)Format: 6DOF, FPS: 200[0m
[realsense2_camera_node-1] [0m[INFO] [1785327263.436346087] [t265.t265]: RealSense Node Is Up![0m
[realsense2_camera_node-1] [33m[WARN] [1785327263.934559403] [t265.t265]: [0m
[WARNING] [launch]: user interrupted with ctrl-c (SIGINT)
[realsense2_camera_node-1] [0m[INFO] [1785327277.141576087] [rclcpp]: signal_handler(signal_value=2)[0m
[INFO] [realsense2_camera_node-1]: sending signal 'SIGINT' to process[realsense2_camera_node-1]
[realsense2_camera_node-1] [0m[INFO] [1785327277.145550087] [rclcpp]: signal_handler(signal_value=2)[0m
[realsense2_camera_node-1] [0m[INFO] [1785327277.192599673] [t265.t265]: Stop Sensor: Tracking Module[0m
[realsense2_camera_node-1]  29/07 20:14:37,199 WARNING [281473266233360] (tm-device.cpp:863) Got a timeout while trying to stop
[realsense2_camera_node-1] [0m[INFO] [1785327277.220377708] [t265.t265]: Close Sensor. [0m
[realsense2_camera_node-1] [0m[INFO] [1785327277.220706136] [t265.t265]: Close Sensor - Done. [0m
[ERROR] [realsense2_camera_node-1]: process has died [pid 27764, exit code -11, cmd '/tmp/boomboomfly_g3_realsense_build.QnlPXc/install/realsense2_camera/lib/realsense2_camera/realsense2_camera_node --ros-args --log-level info --ros-args -r __node:=t265 -r __ns:=/t265 --params-file /tmp/launch_params_2ifdj5xi'].
/opt/ros/foxy/bin/ros2:6: DeprecationWarning: pkg_resources is deprecated as an API. See https://setuptools.pypa.io/en/latest/pkg_resources.html
  from pkg_resources import load_entry_point
