[INFO] [launch]: All log files can be found below /home/c/.ros/log/2026-07-29-20-14-54-905590-orinnano-28074
[INFO] [launch]: Default logging verbosity is set to INFO
[INFO] [realsense2_camera_node-1]: process started with pid [28085]
[realsense2_camera_node-1] [0m[INFO] [1785327295.274854653] [t265.t265]: RealSense ROS v4.0.4[0m
[realsense2_camera_node-1] [0m[INFO] [1785327295.275057925] [t265.t265]: Built with LibRealSense v2.50.0[0m
[realsense2_camera_node-1] [0m[INFO] [1785327295.275093766] [t265.t265]: Running with LibRealSense v2.50.0[0m
[realsense2_camera_node-1] [0m[INFO] [1785327295.327962805] [t265.t265]: Device with serial number 241122070080 was found.
[realsense2_camera_node-1] [0m
[realsense2_camera_node-1] [0m[INFO] [1785327295.328105403] [t265.t265]: Device with physical ID /sys/devices/platform/3610000.xhci/usb1/1-2/1-2.2/1-2.2:1.0/video4linux/video0 was found.[0m
[realsense2_camera_node-1] [0m[INFO] [1785327295.328137468] [t265.t265]: Device with name Intel RealSense D435 was found.[0m
[realsense2_camera_node-1] [0m[INFO] [1785327295.328602060] [t265.t265]: Device with port number 1-2.2 was found.[0m
[realsense2_camera_node-1] [0m[INFO] [1785327295.351893523] [t265.t265]: Device with serial number 952322110550 was found.
[realsense2_camera_node-1] [0m
[realsense2_camera_node-1] [0m[INFO] [1785327295.352052249] [t265.t265]: Device with physical ID 2-1.1-3 was found.[0m
[realsense2_camera_node-1] [0m[INFO] [1785327295.352080986] [t265.t265]: Device with name Intel RealSense T265 was found.[0m
[realsense2_camera_node-1] [0m[INFO] [1785327295.352589164] [t265.t265]: Device with port number 2-1.1 was found.[0m
[realsense2_camera_node-1] [0m[INFO] [1785327295.352652494] [t265.t265]: Device USB type: 3.1[0m
[realsense2_camera_node-1] [0m[INFO] [1785327295.361696820] [t265.t265]: No calib_odom_file. No input odometry accepted.[0m
[realsense2_camera_node-1] [0m[INFO] [1785327295.361781815] [t265.t265]: getParameters...[0m
[realsense2_camera_node-1] [0m[INFO] [1785327295.362731033] [t265.t265]: JSON file is not provided[0m
[realsense2_camera_node-1] [0m[INFO] [1785327295.362814876] [t265.t265]: Device Name: Intel RealSense T265[0m
[realsense2_camera_node-1] [0m[INFO] [1785327295.362852382] [t265.t265]: Device Serial No: 952322110550[0m
[realsense2_camera_node-1] [0m[INFO] [1785327295.362881599] [t265.t265]: Device physical port: 2-1.1-3[0m
[realsense2_camera_node-1] [0m[INFO] [1785327295.362905664] [t265.t265]: Device FW version: 0.2.0.951[0m
[realsense2_camera_node-1] [0m[INFO] [1785327295.362927360] [t265.t265]: Device Product ID: 0x0B37[0m
[realsense2_camera_node-1] [0m[INFO] [1785327295.362946721] [t265.t265]: Sync Mode: Off[0m
[realsense2_camera_node-1] [33m[WARN] [1785327295.363792255] [t265.t265]: Could not set param: tracking_module.frames_queue_size with 256 Range: [0, 32]: parameter 'tracking_module.frames_queue_size' could not be set: Parameter {} doesn't comply with integer range.[0m
[realsense2_camera_node-1] [0m[INFO] [1785327295.365717797] [t265.t265]: Set ROS param tracking_module.profile to default: 848x800x30[0m
[realsense2_camera_node-1] [0m[INFO] [1785327295.365997999] [t265.t265]: Set ROS param gyro_fps to default: 200[0m
[realsense2_camera_node-1] [0m[INFO] [1785327295.366088850] [t265.t265]: Set ROS param accel_fps to default: 62[0m
[realsense2_camera_node-1] [0m[INFO] [1785327295.420549371] [t265.t265]: Start Sensor: Tracking Module[0m
[realsense2_camera_node-1] [0m[INFO] [1785327295.426127812] [t265.t265]: Open profile: stream_type: Pose(0)Format: 6DOF, FPS: 200[0m
[realsense2_camera_node-1] [0m[INFO] [1785327295.449090143] [t265.t265]: RealSense Node Is Up![0m
[realsense2_camera_node-1] [33m[WARN] [1785327295.947464918] [t265.t265]: [0m
[WARNING] [launch]: user interrupted with ctrl-c (SIGINT)
[WARNING] [launch]: user interrupted with ctrl-c (SIGINT) again, ignoring...
[realsense2_camera_node-1] [0m[INFO] [1785327314.165922202] [rclcpp]: signal_handler(signal_value=2)[0m
[INFO] [realsense2_camera_node-1]: sending signal 'SIGINT' to process[realsense2_camera_node-1]
[realsense2_camera_node-1] [0m[INFO] [1785327314.170198066] [rclcpp]: signal_handler(signal_value=2)[0m
[realsense2_camera_node-1] [0m[INFO] [1785327314.217670155] [t265.t265]: Stop Sensor: Tracking Module[0m
[realsense2_camera_node-1]  29/07 20:15:14,221 WARNING [281473475772432] (tm-device.cpp:863) Got a timeout while trying to stop
[realsense2_camera_node-1] [0m[INFO] [1785327314.242552416] [t265.t265]: Close Sensor. [0m
[realsense2_camera_node-1] [0m[INFO] [1785327314.242802345] [t265.t265]: Close Sensor - Done. [0m
[INFO] [realsense2_camera_node-1]: process has finished cleanly [pid 28085]
/opt/ros/foxy/bin/ros2:6: DeprecationWarning: pkg_resources is deprecated as an API. See https://setuptools.pypa.io/en/latest/pkg_resources.html
  from pkg_resources import load_entry_point
