Jul 30 01:42:30 orinnano kernel: usb 1-2.3: USB disconnect, device number 97
Jul 30 01:42:31 orinnano kernel: usb 1-2.3: new full-speed USB device number 98 using tegra-xusb
Jul 30 01:42:31 orinnano kernel: usb 1-2.3: New USB device found, idVendor=26ac, idProduct=0011, bcdDevice= 1.01
Jul 30 01:42:31 orinnano kernel: usb 1-2.3: New USB device strings: Mfr=1, Product=2, SerialNumber=3
Jul 30 01:42:31 orinnano kernel: usb 1-2.3: Product: PX4 FMU v2.x
Jul 30 01:42:31 orinnano kernel: usb 1-2.3: Manufacturer: 3D Robotics
Jul 30 01:42:31 orinnano kernel: usb 1-2.3: SerialNumber: 0
Jul 30 01:42:31 orinnano kernel: cdc_acm 1-2.3:1.0: ttyACM0: USB ACM device
Jul 30 01:42:32 orinnano kernel: usb 1-2.3: USB disconnect, device number 98
Jul 30 01:42:33 orinnano kernel: usb 1-2.3: new full-speed USB device number 99 using tegra-xusb
Jul 30 01:42:33 orinnano kernel: usb 1-2.3: New USB device found, idVendor=26ac, idProduct=0011, bcdDevice= 1.01
Jul 30 01:42:33 orinnano kernel: usb 1-2.3: New USB device strings: Mfr=1, Product=2, SerialNumber=3
Jul 30 01:42:33 orinnano kernel: usb 1-2.3: Product: PX4 FMU v2.x
Jul 30 01:42:33 orinnano kernel: usb 1-2.3: Manufacturer: 3D Robotics
Jul 30 01:42:33 orinnano kernel: usb 1-2.3: SerialNumber: 0
Jul 30 01:42:33 orinnano kernel: cdc_acm 1-2.3:1.0: ttyACM0: USB ACM device
Jul 30 01:42:33 orinnano kernel: usb 1-2.3: USB disconnect, device number 99
Jul 30 01:42:34 orinnano kernel: usb 1-2.3: new full-speed USB device number 100 using tegra-xusb
Jul 30 01:42:34 orinnano kernel: usb 1-2.3: New USB device found, idVendor=26ac, idProduct=0011, bcdDevice= 1.01
Jul 30 01:42:34 orinnano kernel: usb 1-2.3: New USB device strings: Mfr=1, Product=2, SerialNumber=3
Jul 30 01:42:34 orinnano kernel: usb 1-2.3: Product: PX4 FMU v2.x
Jul 30 01:42:34 orinnano kernel: usb 1-2.3: Manufacturer: 3D Robotics
Jul 30 01:42:34 orinnano kernel: usb 1-2.3: SerialNumber: 0
Jul 30 01:42:34 orinnano kernel: cdc_acm 1-2.3:1.0: ttyACM0: USB ACM device
Jul 30 01:42:35 orinnano kernel: usb 1-2.3: USB disconnect, device number 100
Jul 30 01:42:36 orinnano kernel: usb 1-2.3: new full-speed USB device number 101 using tegra-xusb
Jul 30 01:42:36 orinnano kernel: usb 1-2.3: New USB device found, idVendor=26ac, idProduct=0011, bcdDevice= 1.01
Jul 30 01:42:36 orinnano kernel: usb 1-2.3: New USB device strings: Mfr=1, Product=2, SerialNumber=3
Jul 30 01:42:36 orinnano kernel: usb 1-2.3: Product: PX4 FMU v2.x
Jul 30 01:42:36 orinnano kernel: usb 1-2.3: Manufacturer: 3D Robotics
Jul 30 01:42:36 orinnano kernel: usb 1-2.3: SerialNumber: 0
Jul 30 01:42:36 orinnano kernel: cdc_acm 1-2.3:1.0: ttyACM0: USB ACM device
Jul 30 01:42:37 orinnano kernel: usb 1-2.3: USB disconnect, device number 101
Jul 30 01:42:38 orinnano kernel: usb 1-2.3: new full-speed USB device number 102 using tegra-xusb
Jul 30 01:42:38 orinnano kernel: usb 1-2.3: New USB device found, idVendor=26ac, idProduct=0011, bcdDevice= 1.01
Jul 30 01:42:38 orinnano kernel: usb 1-2.3: New USB device strings: Mfr=1, Product=2, SerialNumber=3
Jul 30 01:42:38 orinnano kernel: usb 1-2.3: Product: PX4 FMU v2.x
Jul 30 01:42:38 orinnano kernel: usb 1-2.3: Manufacturer: 3D Robotics
Jul 30 01:42:38 orinnano kernel: usb 1-2.3: SerialNumber: 0
Jul 30 01:42:38 orinnano kernel: cdc_acm 1-2.3:1.0: ttyACM0: USB ACM device
Jul 30 01:42:39 orinnano kernel: usb 1-2.3: USB disconnect, device number 102
Jul 30 01:42:39 orinnano kernel: usb 1-2.3: new full-speed USB device number 103 using tegra-xusb
Jul 30 01:42:40 orinnano kernel: usb 1-2.3: New USB device found, idVendor=26ac, idProduct=0011, bcdDevice= 1.01
Jul 30 01:42:40 orinnano kernel: usb 1-2.3: New USB device strings: Mfr=1, Product=2, SerialNumber=3
Jul 30 01:42:40 orinnano kernel: usb 1-2.3: Product: PX4 FMU v2.x
Jul 30 01:42:40 orinnano kernel: usb 1-2.3: Manufacturer: 3D Robotics
Jul 30 01:42:40 orinnano kernel: usb 1-2.3: SerialNumber: 0
Jul 30 01:42:40 orinnano kernel: cdc_acm 1-2.3:1.0: ttyACM0: USB ACM device
Jul 30 01:42:40 orinnano kernel: usb 1-2.3: USB disconnect, device number 103
Jul 30 01:42:41 orinnano kernel: usb 1-2.3: new full-speed USB device number 104 using tegra-xusb
Jul 30 01:42:41 orinnano kernel: usb 1-2.3: New USB device found, idVendor=26ac, idProduct=0011, bcdDevice= 1.01
Jul 30 01:42:41 orinnano kernel: usb 1-2.3: New USB device strings: Mfr=1, Product=2, SerialNumber=3
Jul 30 01:42:41 orinnano kernel: usb 1-2.3: Product: PX4 FMU v2.x
Jul 30 01:42:41 orinnano kernel: usb 1-2.3: Manufacturer: 3D Robotics
Jul 30 01:42:41 orinnano kernel: usb 1-2.3: SerialNumber: 0
Jul 30 01:42:41 orinnano kernel: cdc_acm 1-2.3:1.0: ttyACM0: USB ACM device
Jul 30 01:42:42 orinnano kernel: usb 1-2.3: USB disconnect, device number 104
Jul 30 01:42:43 orinnano kernel: usb 1-2.3: new full-speed USB device number 105 using tegra-xusb
Jul 30 01:42:43 orinnano kernel: usb 1-2.3: New USB device found, idVendor=26ac, idProduct=0011, bcdDevice= 1.01
Jul 30 01:42:43 orinnano kernel: usb 1-2.3: New USB device strings: Mfr=1, Product=2, SerialNumber=3
Jul 30 01:42:43 orinnano kernel: usb 1-2.3: Product: PX4 FMU v2.x
Jul 30 01:42:43 orinnano kernel: usb 1-2.3: Manufacturer: 3D Robotics
Jul 30 01:42:43 orinnano kernel: usb 1-2.3: SerialNumber: 0
Jul 30 01:42:43 orinnano kernel: cdc_acm 1-2.3:1.0: ttyACM0: USB ACM device
Jul 30 01:42:44 orinnano kernel: usb 1-2.3: USB disconnect, device number 105
Jul 30 01:42:45 orinnano kernel: usb 1-2.3: new full-speed USB device number 106 using tegra-xusb
Jul 30 01:42:45 orinnano kernel: usb 1-2.3: New USB device found, idVendor=26ac, idProduct=0011, bcdDevice= 1.01
Jul 30 01:42:45 orinnano kernel: usb 1-2.3: New USB device strings: Mfr=1, Product=2, SerialNumber=3
Jul 30 01:42:45 orinnano kernel: usb 1-2.3: Product: PX4 FMU v2.x
Jul 30 01:42:45 orinnano kernel: usb 1-2.3: Manufacturer: 3D Robotics
Jul 30 01:42:45 orinnano kernel: usb 1-2.3: SerialNumber: 0
Jul 30 01:42:45 orinnano kernel: cdc_acm 1-2.3:1.0: ttyACM0: USB ACM device
Jul 30 01:42:46 orinnano kernel: usb 1-2.3: USB disconnect, device number 106
Jul 30 01:42:46 orinnano kernel: usb 1-2.3: new full-speed USB device number 107 using tegra-xusb
Jul 30 01:42:47 orinnano kernel: usb 1-2.3: New USB device found, idVendor=26ac, idProduct=0011, bcdDevice= 1.01
Jul 30 01:42:47 orinnano kernel: usb 1-2.3: New USB device strings: Mfr=1, Product=2, SerialNumber=3
Jul 30 01:42:47 orinnano kernel: usb 1-2.3: Product: PX4 FMU v2.x
Jul 30 01:42:47 orinnano kernel: usb 1-2.3: Manufacturer: 3D Robotics
Jul 30 01:42:47 orinnano kernel: usb 1-2.3: SerialNumber: 0
Jul 30 01:42:47 orinnano kernel: cdc_acm 1-2.3:1.0: ttyACM0: USB ACM device
Jul 30 01:42:47 orinnano kernel: usb 1-2.3: USB disconnect, device number 107
Jul 30 01:42:48 orinnano kernel: usb 1-2.3: new full-speed USB device number 108 using tegra-xusb
Jul 30 01:42:48 orinnano kernel: usb 1-2.3: New USB device found, idVendor=26ac, idProduct=0011, bcdDevice= 1.01
Jul 30 01:42:48 orinnano kernel: usb 1-2.3: New USB device strings: Mfr=1, Product=2, SerialNumber=3
Jul 30 01:42:48 orinnano kernel: usb 1-2.3: Product: PX4 FMU v2.x
Jul 30 01:42:48 orinnano kernel: usb 1-2.3: Manufacturer: 3D Robotics
Jul 30 01:42:48 orinnano kernel: usb 1-2.3: SerialNumber: 0
Jul 30 01:42:48 orinnano kernel: cdc_acm 1-2.3:1.0: ttyACM0: USB ACM device
Jul 30 01:42:49 orinnano kernel: usb 1-2.3: USB disconnect, device number 108
Jul 30 01:42:50 orinnano kernel: usb 1-2.3: new full-speed USB device number 109 using tegra-xusb
Jul 30 01:42:50 orinnano kernel: usb 1-2.3: New USB device found, idVendor=26ac, idProduct=0011, bcdDevice= 1.01
Jul 30 01:42:50 orinnano kernel: usb 1-2.3: New USB device strings: Mfr=1, Product=2, SerialNumber=3
Jul 30 01:42:50 orinnano kernel: usb 1-2.3: Product: PX4 FMU v2.x
Jul 30 01:42:50 orinnano kernel: usb 1-2.3: Manufacturer: 3D Robotics
Jul 30 01:42:50 orinnano kernel: usb 1-2.3: SerialNumber: 0
Jul 30 01:42:50 orinnano kernel: cdc_acm 1-2.3:1.0: ttyACM0: USB ACM device
Jul 30 01:42:51 orinnano kernel: usb 1-2.3: USB disconnect, device number 109
Jul 30 01:42:52 orinnano kernel: usb 1-2.3: new full-speed USB device number 110 using tegra-xusb
Jul 30 01:42:52 orinnano kernel: usb 1-2.3: New USB device found, idVendor=26ac, idProduct=0011, bcdDevice= 1.01
Jul 30 01:42:52 orinnano kernel: usb 1-2.3: New USB device strings: Mfr=1, Product=2, SerialNumber=3
Jul 30 01:42:52 orinnano kernel: usb 1-2.3: Product: PX4 FMU v2.x
Jul 30 01:42:52 orinnano kernel: usb 1-2.3: Manufacturer: 3D Robotics
Jul 30 01:42:52 orinnano kernel: usb 1-2.3: SerialNumber: 0
Jul 30 01:42:52 orinnano kernel: cdc_acm 1-2.3:1.0: ttyACM0: USB ACM device
Jul 30 01:42:53 orinnano kernel: usb 1-2.3: USB disconnect, device number 110
Jul 30 01:42:53 orinnano kernel: usb 1-2.3: new full-speed USB device number 111 using tegra-xusb
Jul 30 01:42:53 orinnano kernel: usb 1-2.3: New USB device found, idVendor=26ac, idProduct=0011, bcdDevice= 1.01
Jul 30 01:42:53 orinnano kernel: usb 1-2.3: New USB device strings: Mfr=1, Product=2, SerialNumber=3
Jul 30 01:42:53 orinnano kernel: usb 1-2.3: Product: PX4 FMU v2.x
Jul 30 01:42:53 orinnano kernel: usb 1-2.3: Manufacturer: 3D Robotics
Jul 30 01:42:53 orinnano kernel: usb 1-2.3: SerialNumber: 0
Jul 30 01:42:53 orinnano kernel: cdc_acm 1-2.3:1.0: ttyACM0: USB ACM device
Jul 30 01:42:54 orinnano kernel: usb 1-2.3: USB disconnect, device number 111
Jul 30 01:42:55 orinnano kernel: usb 1-2.3: new full-speed USB device number 112 using tegra-xusb
Jul 30 01:42:55 orinnano kernel: usb 1-2.3: New USB device found, idVendor=26ac, idProduct=0011, bcdDevice= 1.01
Jul 30 01:42:55 orinnano kernel: usb 1-2.3: New USB device strings: Mfr=1, Product=2, SerialNumber=3
Jul 30 01:42:55 orinnano kernel: usb 1-2.3: Product: PX4 FMU v2.x
Jul 30 01:42:55 orinnano kernel: usb 1-2.3: Manufacturer: 3D Robotics
Jul 30 01:42:55 orinnano kernel: usb 1-2.3: SerialNumber: 0
Jul 30 01:42:55 orinnano kernel: cdc_acm 1-2.3:1.0: ttyACM0: USB ACM device
Jul 30 01:42:56 orinnano kernel: usb 1-2.3: USB disconnect, device number 112
Jul 30 01:42:57 orinnano kernel: usb 1-2.3: new full-speed USB device number 113 using tegra-xusb
Jul 30 01:42:57 orinnano kernel: usb 1-2.3: New USB device found, idVendor=26ac, idProduct=0011, bcdDevice= 1.01
Jul 30 01:42:57 orinnano kernel: usb 1-2.3: New USB device strings: Mfr=1, Product=2, SerialNumber=3
Jul 30 01:42:57 orinnano kernel: usb 1-2.3: Product: PX4 FMU v2.x
Jul 30 01:42:57 orinnano kernel: usb 1-2.3: Manufacturer: 3D Robotics
Jul 30 01:42:57 orinnano kernel: usb 1-2.3: SerialNumber: 0
Jul 30 01:42:57 orinnano kernel: cdc_acm 1-2.3:1.0: ttyACM0: USB ACM device
Jul 30 01:42:58 orinnano kernel: usb 1-2.3: USB disconnect, device number 113
Jul 30 01:42:58 orinnano kernel: usb 1-2.3: new full-speed USB device number 114 using tegra-xusb
Jul 30 01:42:59 orinnano kernel: usb 1-2.3: New USB device found, idVendor=26ac, idProduct=0011, bcdDevice= 1.01
Jul 30 01:42:59 orinnano kernel: usb 1-2.3: New USB device strings: Mfr=1, Product=2, SerialNumber=3
Jul 30 01:42:59 orinnano kernel: usb 1-2.3: Product: PX4 FMU v2.x
Jul 30 01:42:59 orinnano kernel: usb 1-2.3: Manufacturer: 3D Robotics
Jul 30 01:42:59 orinnano kernel: usb 1-2.3: SerialNumber: 0
Jul 30 01:42:59 orinnano kernel: cdc_acm 1-2.3:1.0: ttyACM0: USB ACM device
Jul 30 01:42:59 orinnano kernel: usb 1-2.3: USB disconnect, device number 114
Jul 30 01:43:00 orinnano kernel: usb 1-2.3: new full-speed USB device number 115 using tegra-xusb
Jul 30 01:43:00 orinnano kernel: usb 1-2.3: New USB device found, idVendor=26ac, idProduct=0011, bcdDevice= 1.01
Jul 30 01:43:00 orinnano kernel: usb 1-2.3: New USB device strings: Mfr=1, Product=2, SerialNumber=3
Jul 30 01:43:00 orinnano kernel: usb 1-2.3: Product: PX4 FMU v2.x
Jul 30 01:43:00 orinnano kernel: usb 1-2.3: Manufacturer: 3D Robotics
Jul 30 01:43:00 orinnano kernel: usb 1-2.3: SerialNumber: 0
Jul 30 01:43:00 orinnano kernel: cdc_acm 1-2.3:1.0: ttyACM0: USB ACM device
Jul 30 01:43:01 orinnano kernel: usb 1-2.3: USB disconnect, device number 115
Jul 30 01:43:02 orinnano kernel: usb 1-2.3: new full-speed USB device number 116 using tegra-xusb
Jul 30 01:43:02 orinnano kernel: usb 1-2.3: New USB device found, idVendor=26ac, idProduct=0011, bcdDevice= 1.01
Jul 30 01:43:02 orinnano kernel: usb 1-2.3: New USB device strings: Mfr=1, Product=2, SerialNumber=3
Jul 30 01:43:02 orinnano kernel: usb 1-2.3: Product: PX4 FMU v2.x
Jul 30 01:43:02 orinnano kernel: usb 1-2.3: Manufacturer: 3D Robotics
Jul 30 01:43:02 orinnano kernel: usb 1-2.3: SerialNumber: 0
Jul 30 01:43:02 orinnano kernel: cdc_acm 1-2.3:1.0: ttyACM0: USB ACM device
Jul 30 01:43:03 orinnano kernel: usb 1-2.3: USB disconnect, device number 116
Jul 30 01:43:04 orinnano kernel: usb 1-2.3: new full-speed USB device number 117 using tegra-xusb
Jul 30 01:43:04 orinnano kernel: usb 1-2.3: New USB device found, idVendor=26ac, idProduct=0011, bcdDevice= 1.01
Jul 30 01:43:04 orinnano kernel: usb 1-2.3: New USB device strings: Mfr=1, Product=2, SerialNumber=3
Jul 30 01:43:04 orinnano kernel: usb 1-2.3: Product: PX4 FMU v2.x
Jul 30 01:43:04 orinnano kernel: usb 1-2.3: Manufacturer: 3D Robotics
Jul 30 01:43:04 orinnano kernel: usb 1-2.3: SerialNumber: 0
Jul 30 01:43:04 orinnano kernel: cdc_acm 1-2.3:1.0: ttyACM0: USB ACM device
Jul 30 01:43:05 orinnano kernel: usb 1-2.3: USB disconnect, device number 117
Jul 30 01:43:05 orinnano kernel: usb 1-2.3: new full-speed USB device number 118 using tegra-xusb
Jul 30 01:43:05 orinnano kernel: usb 1-2.3: New USB device found, idVendor=26ac, idProduct=0011, bcdDevice= 1.01
Jul 30 01:43:05 orinnano kernel: usb 1-2.3: New USB device strings: Mfr=1, Product=2, SerialNumber=3
Jul 30 01:43:05 orinnano kernel: usb 1-2.3: Product: PX4 FMU v2.x
Jul 30 01:43:05 orinnano kernel: usb 1-2.3: Manufacturer: 3D Robotics
Jul 30 01:43:05 orinnano kernel: usb 1-2.3: SerialNumber: 0
Jul 30 01:43:05 orinnano kernel: cdc_acm 1-2.3:1.0: ttyACM0: USB ACM device
Jul 30 01:43:06 orinnano kernel: usb 1-2.3: USB disconnect, device number 118
Jul 30 01:43:07 orinnano kernel: usb 1-2.3: new full-speed USB device number 119 using tegra-xusb
Jul 30 01:43:07 orinnano kernel: usb 1-2.3: New USB device found, idVendor=26ac, idProduct=0011, bcdDevice= 1.01
Jul 30 01:43:07 orinnano kernel: usb 1-2.3: New USB device strings: Mfr=1, Product=2, SerialNumber=3
Jul 30 01:43:07 orinnano kernel: usb 1-2.3: Product: PX4 FMU v2.x
Jul 30 01:43:07 orinnano kernel: usb 1-2.3: Manufacturer: 3D Robotics
Jul 30 01:43:07 orinnano kernel: usb 1-2.3: SerialNumber: 0
Jul 30 01:43:07 orinnano kernel: cdc_acm 1-2.3:1.0: ttyACM0: USB ACM device
Jul 30 01:43:08 orinnano kernel: usb 1-2.3: USB disconnect, device number 119
Jul 30 01:43:09 orinnano kernel: usb 1-2.3: new full-speed USB device number 120 using tegra-xusb
Jul 30 01:43:09 orinnano kernel: usb 1-2.3: New USB device found, idVendor=26ac, idProduct=0011, bcdDevice= 1.01
Jul 30 01:43:09 orinnano kernel: usb 1-2.3: New USB device strings: Mfr=1, Product=2, SerialNumber=3
Jul 30 01:43:09 orinnano kernel: usb 1-2.3: Product: PX4 FMU v2.x
Jul 30 01:43:09 orinnano kernel: usb 1-2.3: Manufacturer: 3D Robotics
Jul 30 01:43:09 orinnano kernel: usb 1-2.3: SerialNumber: 0
Jul 30 01:43:09 orinnano kernel: cdc_acm 1-2.3:1.0: ttyACM0: USB ACM device
Jul 30 01:43:10 orinnano kernel: usb 1-2.3: USB disconnect, device number 120
Jul 30 01:43:10 orinnano kernel: usb 1-2.3: new full-speed USB device number 121 using tegra-xusb
Jul 30 01:43:11 orinnano kernel: usb 1-2.3: New USB device found, idVendor=26ac, idProduct=0011, bcdDevice= 1.01
Jul 30 01:43:11 orinnano kernel: usb 1-2.3: New USB device strings: Mfr=1, Product=2, SerialNumber=3
Jul 30 01:43:11 orinnano kernel: usb 1-2.3: Product: PX4 FMU v2.x
Jul 30 01:43:11 orinnano kernel: usb 1-2.3: Manufacturer: 3D Robotics
Jul 30 01:43:11 orinnano kernel: usb 1-2.3: SerialNumber: 0
Jul 30 01:43:11 orinnano kernel: cdc_acm 1-2.3:1.0: ttyACM0: USB ACM device
Jul 30 01:43:12 orinnano kernel: usb 1-2.3: USB disconnect, device number 121
Jul 30 01:43:12 orinnano kernel: usb 1-2.3: new full-speed USB device number 122 using tegra-xusb
Jul 30 01:43:12 orinnano kernel: usb 1-2.3: New USB device found, idVendor=26ac, idProduct=0011, bcdDevice= 1.01
Jul 30 01:43:12 orinnano kernel: usb 1-2.3: New USB device strings: Mfr=1, Product=2, SerialNumber=3
Jul 30 01:43:12 orinnano kernel: usb 1-2.3: Product: PX4 FMU v2.x
Jul 30 01:43:12 orinnano kernel: usb 1-2.3: Manufacturer: 3D Robotics
Jul 30 01:43:12 orinnano kernel: usb 1-2.3: SerialNumber: 0
Jul 30 01:43:12 orinnano kernel: cdc_acm 1-2.3:1.0: ttyACM0: USB ACM device
Jul 30 01:43:13 orinnano kernel: usb 1-2.3: USB disconnect, device number 122
Jul 30 01:43:14 orinnano kernel: usb 1-2.3: new full-speed USB device number 123 using tegra-xusb
Jul 30 01:43:14 orinnano kernel: usb 1-2.3: New USB device found, idVendor=26ac, idProduct=0011, bcdDevice= 1.01
Jul 30 01:43:14 orinnano kernel: usb 1-2.3: New USB device strings: Mfr=1, Product=2, SerialNumber=3
Jul 30 01:43:14 orinnano kernel: usb 1-2.3: Product: PX4 FMU v2.x
Jul 30 01:43:14 orinnano kernel: usb 1-2.3: Manufacturer: 3D Robotics
Jul 30 01:43:14 orinnano kernel: usb 1-2.3: SerialNumber: 0
Jul 30 01:43:14 orinnano kernel: cdc_acm 1-2.3:1.0: ttyACM0: USB ACM device
Jul 30 01:43:15 orinnano kernel: usb 1-2.3: USB disconnect, device number 123
Jul 30 01:43:16 orinnano kernel: usb 1-2.3: new full-speed USB device number 124 using tegra-xusb
Jul 30 01:43:16 orinnano kernel: usb 1-2.3: New USB device found, idVendor=26ac, idProduct=0011, bcdDevice= 1.01
Jul 30 01:43:16 orinnano kernel: usb 1-2.3: New USB device strings: Mfr=1, Product=2, SerialNumber=3
Jul 30 01:43:16 orinnano kernel: usb 1-2.3: Product: PX4 FMU v2.x
Jul 30 01:43:16 orinnano kernel: usb 1-2.3: Manufacturer: 3D Robotics
Jul 30 01:43:16 orinnano kernel: usb 1-2.3: SerialNumber: 0
Jul 30 01:43:16 orinnano kernel: cdc_acm 1-2.3:1.0: ttyACM0: USB ACM device
Jul 30 01:43:17 orinnano kernel: usb 1-2.3: USB disconnect, device number 124
Jul 30 01:43:17 orinnano kernel: usb 1-2.3: new full-speed USB device number 125 using tegra-xusb
Jul 30 01:43:17 orinnano kernel: usb 1-2.3: New USB device found, idVendor=26ac, idProduct=0011, bcdDevice= 1.01
Jul 30 01:43:18 orinnano kernel: usb 1-2.3: New USB device strings: Mfr=1, Product=2, SerialNumber=3
Jul 30 01:43:18 orinnano kernel: usb 1-2.3: Product: PX4 FMU v2.x
Jul 30 01:43:18 orinnano kernel: usb 1-2.3: Manufacturer: 3D Robotics
Jul 30 01:43:18 orinnano kernel: usb 1-2.3: SerialNumber: 0
Jul 30 01:43:18 orinnano kernel: cdc_acm 1-2.3:1.0: ttyACM0: USB ACM device
Jul 30 01:43:18 orinnano kernel: usb 1-2.3: USB disconnect, device number 125
Jul 30 01:43:19 orinnano kernel: usb 1-2.3: new full-speed USB device number 126 using tegra-xusb
Jul 30 01:43:19 orinnano kernel: usb 1-2.3: New USB device found, idVendor=26ac, idProduct=0011, bcdDevice= 1.01
Jul 30 01:43:19 orinnano kernel: usb 1-2.3: New USB device strings: Mfr=1, Product=2, SerialNumber=3
Jul 30 01:43:19 orinnano kernel: usb 1-2.3: Product: PX4 FMU v2.x
Jul 30 01:43:19 orinnano kernel: usb 1-2.3: Manufacturer: 3D Robotics
Jul 30 01:43:19 orinnano kernel: usb 1-2.3: SerialNumber: 0
Jul 30 01:43:19 orinnano kernel: cdc_acm 1-2.3:1.0: ttyACM0: USB ACM device
Jul 30 01:43:20 orinnano kernel: usb 1-2.3: USB disconnect, device number 126
Jul 30 01:43:21 orinnano kernel: usb 1-2.3: new full-speed USB device number 127 using tegra-xusb
Jul 30 01:43:21 orinnano kernel: usb 1-2.3: New USB device found, idVendor=26ac, idProduct=0011, bcdDevice= 1.01
Jul 30 01:43:21 orinnano kernel: usb 1-2.3: New USB device strings: Mfr=1, Product=2, SerialNumber=3
Jul 30 01:43:21 orinnano kernel: usb 1-2.3: Product: PX4 FMU v2.x
Jul 30 01:43:21 orinnano kernel: usb 1-2.3: Manufacturer: 3D Robotics
Jul 30 01:43:21 orinnano kernel: usb 1-2.3: SerialNumber: 0
Jul 30 01:43:21 orinnano kernel: cdc_acm 1-2.3:1.0: ttyACM0: USB ACM device
Jul 30 01:43:22 orinnano kernel: usb 1-2.3: USB disconnect, device number 127
Jul 30 01:43:23 orinnano kernel: usb 1-2.3: new full-speed USB device number 4 using tegra-xusb
Jul 30 01:43:23 orinnano kernel: usb 1-2.3: New USB device found, idVendor=26ac, idProduct=0011, bcdDevice= 1.01
Jul 30 01:43:23 orinnano kernel: usb 1-2.3: New USB device strings: Mfr=1, Product=2, SerialNumber=3
Jul 30 01:43:23 orinnano kernel: usb 1-2.3: Product: PX4 FMU v2.x
Jul 30 01:43:23 orinnano kernel: usb 1-2.3: Manufacturer: 3D Robotics
Jul 30 01:43:23 orinnano kernel: usb 1-2.3: SerialNumber: 0
Jul 30 01:43:23 orinnano kernel: cdc_acm 1-2.3:1.0: ttyACM0: USB ACM device
Jul 30 01:43:24 orinnano kernel: usb 1-2.3: USB disconnect, device number 4
Jul 30 01:43:24 orinnano kernel: usb 1-2.3: new full-speed USB device number 5 using tegra-xusb
Jul 30 01:43:24 orinnano kernel: usb 1-2.3: New USB device found, idVendor=26ac, idProduct=0011, bcdDevice= 1.01
Jul 30 01:43:24 orinnano kernel: usb 1-2.3: New USB device strings: Mfr=1, Product=2, SerialNumber=3
Jul 30 01:43:24 orinnano kernel: usb 1-2.3: Product: PX4 FMU v2.x
Jul 30 01:43:24 orinnano kernel: usb 1-2.3: Manufacturer: 3D Robotics
Jul 30 01:43:24 orinnano kernel: usb 1-2.3: SerialNumber: 0
Jul 30 01:43:24 orinnano kernel: cdc_acm 1-2.3:1.0: ttyACM0: USB ACM device
Jul 30 01:43:25 orinnano kernel: usb 1-2.3: USB disconnect, device number 5
Jul 30 01:43:26 orinnano kernel: usb 1-2.3: new full-speed USB device number 6 using tegra-xusb
Jul 30 01:43:26 orinnano kernel: usb 1-2.3: New USB device found, idVendor=26ac, idProduct=0011, bcdDevice= 1.01
Jul 30 01:43:26 orinnano kernel: usb 1-2.3: New USB device strings: Mfr=1, Product=2, SerialNumber=3
Jul 30 01:43:26 orinnano kernel: usb 1-2.3: Product: PX4 FMU v2.x
Jul 30 01:43:26 orinnano kernel: usb 1-2.3: Manufacturer: 3D Robotics
Jul 30 01:43:26 orinnano kernel: usb 1-2.3: SerialNumber: 0
Jul 30 01:43:26 orinnano kernel: cdc_acm 1-2.3:1.0: ttyACM0: USB ACM device
Jul 30 01:43:27 orinnano kernel: usb 1-2.3: USB disconnect, device number 6
Jul 30 01:43:28 orinnano kernel: usb 1-2.3: new full-speed USB device number 9 using tegra-xusb
Jul 30 01:43:28 orinnano kernel: usb 1-2.3: New USB device found, idVendor=26ac, idProduct=0011, bcdDevice= 1.01
Jul 30 01:43:28 orinnano kernel: usb 1-2.3: New USB device strings: Mfr=1, Product=2, SerialNumber=3
Jul 30 01:43:28 orinnano kernel: usb 1-2.3: Product: PX4 FMU v2.x
Jul 30 01:43:28 orinnano kernel: usb 1-2.3: Manufacturer: 3D Robotics
Jul 30 01:43:28 orinnano kernel: usb 1-2.3: SerialNumber: 0
Jul 30 01:43:28 orinnano kernel: cdc_acm 1-2.3:1.0: ttyACM0: USB ACM device
Jul 30 01:43:29 orinnano kernel: usb 1-2.3: USB disconnect, device number 9
Jul 30 01:43:29 orinnano kernel: usb 1-2.3: new full-speed USB device number 10 using tegra-xusb
Jul 30 01:43:30 orinnano kernel: usb 1-2.3: New USB device found, idVendor=26ac, idProduct=0011, bcdDevice= 1.01
Jul 30 01:43:30 orinnano kernel: usb 1-2.3: New USB device strings: Mfr=1, Product=2, SerialNumber=3
Jul 30 01:43:30 orinnano kernel: usb 1-2.3: Product: PX4 FMU v2.x
Jul 30 01:43:30 orinnano kernel: usb 1-2.3: Manufacturer: 3D Robotics
Jul 30 01:43:30 orinnano kernel: usb 1-2.3: SerialNumber: 0
Jul 30 01:43:30 orinnano kernel: cdc_acm 1-2.3:1.0: ttyACM0: USB ACM device
Jul 30 01:43:30 orinnano kernel: usb 1-2.3: USB disconnect, device number 10
Jul 30 01:43:31 orinnano kernel: usb 1-2.3: new full-speed USB device number 11 using tegra-xusb
Jul 30 01:43:31 orinnano kernel: usb 1-2.3: New USB device found, idVendor=26ac, idProduct=0011, bcdDevice= 1.01
Jul 30 01:43:31 orinnano kernel: usb 1-2.3: New USB device strings: Mfr=1, Product=2, SerialNumber=3
Jul 30 01:43:31 orinnano kernel: usb 1-2.3: Product: PX4 FMU v2.x
Jul 30 01:43:31 orinnano kernel: usb 1-2.3: Manufacturer: 3D Robotics
Jul 30 01:43:31 orinnano kernel: usb 1-2.3: SerialNumber: 0
Jul 30 01:43:31 orinnano kernel: cdc_acm 1-2.3:1.0: ttyACM0: USB ACM device
Jul 30 01:43:32 orinnano kernel: usb 1-2.3: USB disconnect, device number 11
Jul 30 01:43:33 orinnano kernel: usb 1-2.3: new full-speed USB device number 12 using tegra-xusb
Jul 30 01:43:33 orinnano kernel: usb 1-2.3: New USB device found, idVendor=26ac, idProduct=0011, bcdDevice= 1.01
Jul 30 01:43:33 orinnano kernel: usb 1-2.3: New USB device strings: Mfr=1, Product=2, SerialNumber=3
Jul 30 01:43:33 orinnano kernel: usb 1-2.3: Product: PX4 FMU v2.x
Jul 30 01:43:33 orinnano kernel: usb 1-2.3: Manufacturer: 3D Robotics
Jul 30 01:43:33 orinnano kernel: usb 1-2.3: SerialNumber: 0
Jul 30 01:43:33 orinnano kernel: cdc_acm 1-2.3:1.0: ttyACM0: USB ACM device
Jul 30 01:43:34 orinnano kernel: usb 1-2.3: USB disconnect, device number 12
Jul 30 01:43:35 orinnano kernel: usb 1-2.3: new full-speed USB device number 13 using tegra-xusb
Jul 30 01:43:35 orinnano kernel: usb 1-2.3: New USB device found, idVendor=26ac, idProduct=0011, bcdDevice= 1.01
Jul 30 01:43:35 orinnano kernel: usb 1-2.3: New USB device strings: Mfr=1, Product=2, SerialNumber=3
Jul 30 01:43:35 orinnano kernel: usb 1-2.3: Product: PX4 FMU v2.x
Jul 30 01:43:35 orinnano kernel: usb 1-2.3: Manufacturer: 3D Robotics
Jul 30 01:43:35 orinnano kernel: usb 1-2.3: SerialNumber: 0
Jul 30 01:43:35 orinnano kernel: cdc_acm 1-2.3:1.0: ttyACM0: USB ACM device
Jul 30 01:43:36 orinnano kernel: usb 1-2.3: USB disconnect, device number 13
Jul 30 01:43:36 orinnano kernel: usb 1-2.3: new full-speed USB device number 14 using tegra-xusb
Jul 30 01:43:36 orinnano kernel: usb 1-2.3: New USB device found, idVendor=26ac, idProduct=0011, bcdDevice= 1.01
Jul 30 01:43:36 orinnano kernel: usb 1-2.3: New USB device strings: Mfr=1, Product=2, SerialNumber=3
Jul 30 01:43:36 orinnano kernel: usb 1-2.3: Product: PX4 FMU v2.x
Jul 30 01:43:36 orinnano kernel: usb 1-2.3: Manufacturer: 3D Robotics
Jul 30 01:43:36 orinnano kernel: usb 1-2.3: SerialNumber: 0
Jul 30 01:43:36 orinnano kernel: cdc_acm 1-2.3:1.0: ttyACM0: USB ACM device
Jul 30 01:43:37 orinnano kernel: usb 1-2.3: USB disconnect, device number 14
Jul 30 01:43:38 orinnano kernel: usb 1-2.3: new full-speed USB device number 15 using tegra-xusb
Jul 30 01:43:38 orinnano kernel: usb 1-2.3: New USB device found, idVendor=26ac, idProduct=0011, bcdDevice= 1.01
Jul 30 01:43:38 orinnano kernel: usb 1-2.3: New USB device strings: Mfr=1, Product=2, SerialNumber=3
Jul 30 01:43:38 orinnano kernel: usb 1-2.3: Product: PX4 FMU v2.x
Jul 30 01:43:38 orinnano kernel: usb 1-2.3: Manufacturer: 3D Robotics
Jul 30 01:43:38 orinnano kernel: usb 1-2.3: SerialNumber: 0
Jul 30 01:43:38 orinnano kernel: cdc_acm 1-2.3:1.0: ttyACM0: USB ACM device
Jul 30 01:43:39 orinnano kernel: usb 1-2.3: USB disconnect, device number 15
Jul 30 01:43:40 orinnano kernel: usb 1-2.3: new full-speed USB device number 16 using tegra-xusb
Jul 30 01:43:40 orinnano kernel: usb 1-2.3: New USB device found, idVendor=26ac, idProduct=0011, bcdDevice= 1.01
Jul 30 01:43:40 orinnano kernel: usb 1-2.3: New USB device strings: Mfr=1, Product=2, SerialNumber=3
Jul 30 01:43:40 orinnano kernel: usb 1-2.3: Product: PX4 FMU v2.x
Jul 30 01:43:40 orinnano kernel: usb 1-2.3: Manufacturer: 3D Robotics
Jul 30 01:43:40 orinnano kernel: usb 1-2.3: SerialNumber: 0
Jul 30 01:43:40 orinnano kernel: cdc_acm 1-2.3:1.0: ttyACM0: USB ACM device
Jul 30 01:43:41 orinnano kernel: usb 1-2.3: USB disconnect, device number 16
Jul 30 01:43:41 orinnano kernel: usb 1-2.3: new full-speed USB device number 17 using tegra-xusb
Jul 30 01:43:42 orinnano kernel: usb 1-2.3: New USB device found, idVendor=26ac, idProduct=0011, bcdDevice= 1.01
Jul 30 01:43:42 orinnano kernel: usb 1-2.3: New USB device strings: Mfr=1, Product=2, SerialNumber=3
Jul 30 01:43:42 orinnano kernel: usb 1-2.3: Product: PX4 FMU v2.x
Jul 30 01:43:42 orinnano kernel: usb 1-2.3: Manufacturer: 3D Robotics
Jul 30 01:43:42 orinnano kernel: usb 1-2.3: SerialNumber: 0
Jul 30 01:43:42 orinnano kernel: cdc_acm 1-2.3:1.0: ttyACM0: USB ACM device
Jul 30 01:43:42 orinnano kernel: usb 1-2.3: USB disconnect, device number 17
Jul 30 01:43:43 orinnano kernel: usb 1-2.3: new full-speed USB device number 18 using tegra-xusb
Jul 30 01:43:43 orinnano kernel: usb 1-2.3: New USB device found, idVendor=26ac, idProduct=0011, bcdDevice= 1.01
Jul 30 01:43:43 orinnano kernel: usb 1-2.3: New USB device strings: Mfr=1, Product=2, SerialNumber=3
Jul 30 01:43:43 orinnano kernel: usb 1-2.3: Product: PX4 FMU v2.x
Jul 30 01:43:43 orinnano kernel: usb 1-2.3: Manufacturer: 3D Robotics
Jul 30 01:43:43 orinnano kernel: usb 1-2.3: SerialNumber: 0
Jul 30 01:43:43 orinnano kernel: cdc_acm 1-2.3:1.0: ttyACM0: USB ACM device
Jul 30 01:43:44 orinnano kernel: usb 1-2.3: USB disconnect, device number 18
Jul 30 01:43:45 orinnano kernel: usb 1-2.3: new full-speed USB device number 19 using tegra-xusb
Jul 30 01:43:45 orinnano kernel: usb 1-2.3: New USB device found, idVendor=26ac, idProduct=0011, bcdDevice= 1.01
Jul 30 01:43:45 orinnano kernel: usb 1-2.3: New USB device strings: Mfr=1, Product=2, SerialNumber=3
Jul 30 01:43:45 orinnano kernel: usb 1-2.3: Product: PX4 FMU v2.x
Jul 30 01:43:45 orinnano kernel: usb 1-2.3: Manufacturer: 3D Robotics
Jul 30 01:43:45 orinnano kernel: usb 1-2.3: SerialNumber: 0
Jul 30 01:43:45 orinnano kernel: cdc_acm 1-2.3:1.0: ttyACM0: USB ACM device
Jul 30 01:43:46 orinnano kernel: usb 1-2.3: USB disconnect, device number 19
Jul 30 01:43:47 orinnano kernel: usb 1-2.3: new full-speed USB device number 20 using tegra-xusb
Jul 30 01:43:47 orinnano kernel: usb 1-2.3: New USB device found, idVendor=26ac, idProduct=0011, bcdDevice= 1.01
Jul 30 01:43:47 orinnano kernel: usb 1-2.3: New USB device strings: Mfr=1, Product=2, SerialNumber=3
Jul 30 01:43:47 orinnano kernel: usb 1-2.3: Product: PX4 FMU v2.x
Jul 30 01:43:47 orinnano kernel: usb 1-2.3: Manufacturer: 3D Robotics
Jul 30 01:43:47 orinnano kernel: usb 1-2.3: SerialNumber: 0
Jul 30 01:43:47 orinnano kernel: cdc_acm 1-2.3:1.0: ttyACM0: USB ACM device
Jul 30 01:43:48 orinnano kernel: usb 1-2.3: USB disconnect, device number 20
Jul 30 01:43:48 orinnano kernel: usb 1-2.3: new full-speed USB device number 21 using tegra-xusb
Jul 30 01:43:48 orinnano kernel: usb 1-2.3: New USB device found, idVendor=26ac, idProduct=0011, bcdDevice= 1.01
Jul 30 01:43:48 orinnano kernel: usb 1-2.3: New USB device strings: Mfr=1, Product=2, SerialNumber=3
Jul 30 01:43:48 orinnano kernel: usb 1-2.3: Product: PX4 FMU v2.x
Jul 30 01:43:48 orinnano kernel: usb 1-2.3: Manufacturer: 3D Robotics
Jul 30 01:43:48 orinnano kernel: usb 1-2.3: SerialNumber: 0
Jul 30 01:43:48 orinnano kernel: cdc_acm 1-2.3:1.0: ttyACM0: USB ACM device
Jul 30 01:43:49 orinnano kernel: usb 1-2.3: USB disconnect, device number 21
