Script started on 2026-09-19 20:07:09+08:00 [<not executed on terminal>]
[INFO] [launch]: All log files can be found below /home/aa/.ros/log/2026-09-19-20-07-10-066230-rog-46826
[INFO] [launch]: Default logging verbosity is set to INFO
[INFO] [mavros_interface_node-1]: process started with pid [46827]
[INFO] [mission_node-2]: process started with pid [46829]
[mission_node-2] [INFO] [1789819630.464086485] [uav_mission]: Mission started: climb 1.00 m, stable 2.0 s, hover 10.0 s
[mission_node-2] [INFO] [1789819630.514137960] [uav_mission]: Flight stage: WAIT_READY
[mavros_interface_node-1] [INFO] [1789819630.555218403] [mavros_interface]: MAVROS control ready: 20.0 Hz setpoint loop; target topic /uav_control/target
[mavros_interface_node-1] [INFO] [1789819631.297084403] [mavros_interface]: FCU CONNECTED, mode=OFFBOARD, armed=false
[mission_node-2] [INFO] [1789819631.482088037] [uav_mission]: Flight stage: PREPARE_OFFBOARD
[mission_node-2] [INFO] [1789819632.693705251] [uav_mission]: Flight stage: REQUEST_OFFBOARD
[mission_node-2] [INFO] [1789819632.742243528] [uav_mission]: Dispatching command id=1 code=1 (dispatch is not state confirmation)
[mission_node-2] [INFO] [1789819632.742779291] [uav_mission]: Command id=1 dispatched=true: forwarded to MAVROS service
[mavros_interface_node-1] [INFO] [1789819632.743410614] [mavros_interface]: MAVROS command id=1 completed: accepted=true (MAVROS accepted OFFBOARD request)
[mission_node-2] [INFO] [1789819632.790671080] [uav_mission]: Flight stage: REQUEST_ARM
[mission_node-2] [INFO] [1789819632.839169050] [uav_mission]: Dispatching command id=2 code=2 (dispatch is not state confirmation)
[mission_node-2] [INFO] [1789819632.839666424] [uav_mission]: Command id=2 dispatched=true: forwarded to MAVROS service
[mavros_interface_node-1] [INFO] [1789819632.849446453] [mavros_interface]: MAVROS command id=2 completed: accepted=true (MAVROS accepted arm request)
[mavros_interface_node-1] [INFO] [1789819633.297238453] [mavros_interface]: FCU CONNECTED, mode=OFFBOARD, armed=true
[mission_node-2] [INFO] [1789819633.323727664] [uav_mission]: Flight stage: TAKEOFF
[mission_node-2] [INFO] [1789819642.605531570] [uav_mission]: Flight stage: STABILIZE
[mission_node-2] [INFO] [1789819644.641004792] [uav_mission]: Flight stage: HOVER
[mission_node-2] [INFO] [1789819654.673027936] [uav_mission]: Flight stage: REQUEST_LAND
[mission_node-2] [INFO] [1789819654.721557171] [uav_mission]: Dispatching command id=3 code=3 (dispatch is not state confirmation)
[mission_node-2] [INFO] [1789819654.722056918] [uav_mission]: Command id=3 dispatched=true: forwarded to MAVROS service
[mavros_interface_node-1] [INFO] [1789819654.736636100] [mavros_interface]: MAVROS command id=3 completed: accepted=true (MAVROS accepted land request)
[mavros_interface_node-1] [INFO] [1789819655.340321150] [mavros_interface]: FCU CONNECTED, mode=AUTO.LAND, armed=true
[mission_node-2] [INFO] [1789819655.351418996] [uav_mission]: Flight stage: LANDING
[mission_node-2] [INFO] [1789819657.968267990] [uav_mission]: Flight stage: REQUEST_DISARM
[mission_node-2] [INFO] [1789819658.016778346] [uav_mission]: Dispatching command id=4 code=4 (dispatch is not state confirmation)
[mission_node-2] [INFO] [1789819658.017283719] [uav_mission]: Command id=4 dispatched=true: forwarded to MAVROS service
[mavros_interface_node-1] [INFO] [1789819658.024199675] [mavros_interface]: MAVROS command id=4 completed: accepted=true (MAVROS accepted disarm request)
[mavros_interface_node-1] [INFO] [1789819658.340136893] [mavros_interface]: FCU CONNECTED, mode=OFFBOARD, armed=false
[mission_node-2] [INFO] [1789819658.355903430] [uav_mission]: Flight stage: FINISHED
[mission_node-2] [INFO] [1789819658.355973710] [uav_mission]: PASS: Offboard, arm, 1 m takeoff, stable hold, 10 s hover, AUTO.LAND handover, landed and disarmed confirmed; hover_max_horizontal_error=0.044356 m, hover_max_height_error=0.042743 m, hover_max_yaw_error=0.001780 rad, final_xy_displacement=0.037461 m, final_z_from_takeoff=-0.033986 m
[INFO] [mission_node-2]: process has finished cleanly [pid 46829]

Script done on 2026-09-19 20:08:11+08:00 [COMMAND_EXIT_CODE="0"]
