Script started on 2026-09-19 19:56:25+08:00 [<not executed on terminal>]
[INFO] [launch]: All log files can be found below /home/aa/.ros/log/2026-09-19-19-56-25-974661-rog-43193
[INFO] [launch]: Default logging verbosity is set to INFO
[INFO] [mavros_interface_node-1]: process started with pid [43194]
[INFO] [mission_node-2]: process started with pid [43196]
[mavros_interface_node-1] [INFO] [1789818986.366023583] [mavros_interface]: MAVROS control ready: 20.0 Hz setpoint loop; target topic /uav_control/target
[mission_node-2] [INFO] [1789818986.454029818] [uav_mission]: Mission started: climb 1.00 m, stable 2.0 s, hover 10.0 s
[mission_node-2] [INFO] [1789818986.504117765] [uav_mission]: Flight stage: WAIT_READY
[mavros_interface_node-1] [INFO] [1789818986.706983915] [mavros_interface]: FCU CONNECTED, mode=AUTO.LOITER, armed=false
[mission_node-2] [INFO] [1789818987.423592987] [uav_mission]: Flight stage: PREPARE_OFFBOARD
[mission_node-2] [INFO] [1789818988.634570695] [uav_mission]: Flight stage: REQUEST_OFFBOARD
[mission_node-2] [INFO] [1789818988.683090011] [uav_mission]: Dispatching command id=1 code=1 (dispatch is not state confirmation)
[mission_node-2] [INFO] [1789818988.683664368] [uav_mission]: Command id=1 dispatched=true: forwarded to MAVROS service
[mavros_interface_node-1] [INFO] [1789818988.684503438] [mavros_interface]: MAVROS command id=1 completed: accepted=true (MAVROS accepted OFFBOARD request)
[mavros_interface_node-1] [INFO] [1789818989.468056199] [mavros_interface]: FCU CONNECTED, mode=OFFBOARD, armed=false
[mission_node-2] [INFO] [1789818989.554717429] [uav_mission]: Flight stage: REQUEST_ARM
[mission_node-2] [INFO] [1789818989.603269708] [uav_mission]: Dispatching command id=2 code=2 (dispatch is not state confirmation)
[mission_node-2] [INFO] [1789818989.603801499] [uav_mission]: Command id=2 dispatched=true: forwarded to MAVROS service
[mavros_interface_node-1] [INFO] [1789818989.620463599] [mavros_interface]: MAVROS command id=2 completed: accepted=false (MAVROS rejected arming request)
[mission_node-2] [INFO] [1789818989.700030918] [uav_mission]: Flight stage: SAFETY_LAND
[mission_node-2] [WARN] [1789818989.700078816] [uav_mission]: Safety landing active (MAVROS/PX4 拒绝解锁请求: MAVROS rejected arming request); waiting for fresh landed and disarmed confirmation
[mission_node-2] [INFO] [1789818989.748394048] [uav_mission]: Flight stage: FINISHED
[mission_node-2] [ERROR] [1789818989.748452791] [uav_mission]: FAIL: MAVROS/PX4 拒绝解锁请求: MAVROS rejected arming request; no hover position measurements were recorded
[INFO] [mission_node-2]: process has finished cleanly [pid 43196]

Script done on 2026-09-19 20:00:14+08:00 [COMMAND_EXIT_CODE="0"]
